Component: ARM Compiler 5.06 update 6 (build 750) Tool: armlink [4d35ed]

==============================================================================

Section Cross References

    startup_stm32f411xe.o(RESET) refers to startup_stm32f411xe.o(STACK) for __initial_sp
    startup_stm32f411xe.o(RESET) refers to startup_stm32f411xe.o(.text) for Reset_Handler
    startup_stm32f411xe.o(RESET) refers to stm32f4xx_it.o(i.NMI_Handler) for NMI_Handler
    startup_stm32f411xe.o(RESET) refers to stm32f4xx_it.o(i.HardFault_Handler) for HardFault_Handler
    startup_stm32f411xe.o(RESET) refers to stm32f4xx_it.o(i.MemManage_Handler) for MemManage_Handler
    startup_stm32f411xe.o(RESET) refers to stm32f4xx_it.o(i.BusFault_Handler) for BusFault_Handler
    startup_stm32f411xe.o(RESET) refers to stm32f4xx_it.o(i.UsageFault_Handler) for UsageFault_Handler
    startup_stm32f411xe.o(RESET) refers to port.o(.emb_text) for SVC_Handler
    startup_stm32f411xe.o(RESET) refers to stm32f4xx_it.o(i.DebugMon_Handler) for DebugMon_Handler
    startup_stm32f411xe.o(RESET) refers to cmsis_os2.o(i.SysTick_Handler) for SysTick_Handler
    startup_stm32f411xe.o(RESET) refers to stm32f4xx_it.o(i.TIM1_UP_TIM10_IRQHandler) for TIM1_UP_TIM10_IRQHandler
    startup_stm32f411xe.o(RESET) refers to stm32f4xx_it.o(i.I2C1_EV_IRQHandler) for I2C1_EV_IRQHandler
    startup_stm32f411xe.o(RESET) refers to stm32f4xx_it.o(i.I2C1_ER_IRQHandler) for I2C1_ER_IRQHandler
    startup_stm32f411xe.o(RESET) refers to stm32f4xx_it.o(i.USART1_IRQHandler) for USART1_IRQHandler
    startup_stm32f411xe.o(RESET) refers to stm32f4xx_it.o(i.DMA2_Stream2_IRQHandler) for DMA2_Stream2_IRQHandler
    startup_stm32f411xe.o(.text) refers to system_stm32f4xx.o(i.SystemInit) for SystemInit
    startup_stm32f411xe.o(.text) refers to entry.o(.ARM.Collect$$$$00000000) for __main
    main.o(i.HAL_TIM_PeriodElapsedCallback) refers to stm32f4xx_hal.o(i.HAL_IncTick) for HAL_IncTick
    main.o(i.MX_GPIO_Init) refers to memseta.o(.text) for __aeabi_memclr4
    main.o(i.MX_GPIO_Init) refers to stm32f4xx_hal_gpio.o(i.HAL_GPIO_WritePin) for HAL_GPIO_WritePin
    main.o(i.MX_GPIO_Init) refers to stm32f4xx_hal_gpio.o(i.HAL_GPIO_Init) for HAL_GPIO_Init
    main.o(i.MX_TIM3_Init) refers to memseta.o(.text) for __aeabi_memclr4
    main.o(i.MX_TIM3_Init) refers to stm32f4xx_hal_tim.o(i.HAL_TIM_Base_Init) for HAL_TIM_Base_Init
    main.o(i.MX_TIM3_Init) refers to stm32f4xx_hal_tim.o(i.HAL_TIM_ConfigClockSource) for HAL_TIM_ConfigClockSource
    main.o(i.MX_TIM3_Init) refers to stm32f4xx_hal_tim.o(i.HAL_TIM_PWM_Init) for HAL_TIM_PWM_Init
    main.o(i.MX_TIM3_Init) refers to stm32f4xx_hal_tim_ex.o(i.HAL_TIMEx_MasterConfigSynchronization) for HAL_TIMEx_MasterConfigSynchronization
    main.o(i.MX_TIM3_Init) refers to stm32f4xx_hal_tim.o(i.HAL_TIM_PWM_ConfigChannel) for HAL_TIM_PWM_ConfigChannel
    main.o(i.MX_TIM3_Init) refers to stm32f4xx_hal_msp.o(i.HAL_TIM_MspPostInit) for HAL_TIM_MspPostInit
    main.o(i.MX_TIM3_Init) refers to main.o(.bss) for .bss
    main.o(i.StartChaoshenbo) refers to han_shu.o(i.chaoshenboceju) for chaoshenboceju
    main.o(i.StartChaoshenbo) refers to printf8.o(i.__0printf$8) for __2printf
    main.o(i.StartChaoshenbo) refers to cmsis_os2.o(i.osDelay) for osDelay
    main.o(i.StartChaoshenbo) refers to cmsis_os2.o(i.osSemaphoreRelease) for osSemaphoreRelease
    main.o(i.StartChaoshenbo) refers to main.o(.data) for .data
    main.o(i.StartHuidu) refers to han_shu.o(i.zonghuiduzhi) for zonghuiduzhi
    main.o(i.StartHuidu) refers to cmsis_os2.o(i.osMessageQueuePut) for osMessageQueuePut
    main.o(i.StartHuidu) refers to han_shu.o(i.huiduzhi) for huiduzhi
    main.o(i.StartHuidu) refers to cmsis_os2.o(i.osDelay) for osDelay
    main.o(i.StartHuidu) refers to main.o(.data) for .data
    main.o(i.StartJieshou) refers to cmsis_os2.o(i.osMutexAcquire) for osMutexAcquire
    main.o(i.StartJieshou) refers to memseta.o(.text) for __aeabi_memclr4
    main.o(i.StartJieshou) refers to stm32f4xx_hal_uart.o(i.HAL_UART_Receive_DMA) for HAL_UART_Receive_DMA
    main.o(i.StartJieshou) refers to cmsis_os2.o(i.osMutexRelease) for osMutexRelease
    main.o(i.StartJieshou) refers to cmsis_os2.o(i.osDelay) for osDelay
    main.o(i.StartJieshou) refers to main.o(.data) for .data
    main.o(i.StartJieshou) refers to main.o(.bss) for .bss
    main.o(i.StartLanyatouchuan) refers to printf8.o(i.__0printf$8) for __2printf
    main.o(i.StartLanyatouchuan) refers to cmsis_os2.o(i.osDelay) for osDelay
    main.o(i.StartLanyatouchuan) refers to main.o(.data) for .data
    main.o(i.StartLanyatouchuan) refers to main.o(.conststring) for .conststring
    main.o(i.StartQiehuan) refers to cmsis_os2.o(i.osMutexAcquire) for osMutexAcquire
    main.o(i.StartQiehuan) refers to strcmp.o(.text) for strcmp
    main.o(i.StartQiehuan) refers to cmsis_os2.o(i.osMutexRelease) for osMutexRelease
    main.o(i.StartQiehuan) refers to cmsis_os2.o(i.osDelay) for osDelay
[...]
    i.xunji                                  0x08007240   Section        0  main.o(i.xunji)
    i.zonghuiduzhi                           0x08007274   Section        0  han_shu.o(i.zonghuiduzhi)
    .constdata                               0x080072f4   Section      608  main.o(.constdata)
    .constdata                               0x08007554   Section        8  stm32f4xx_hal_dma.o(.constdata)
    flagBitshiftOffset                       0x08007554   Data           8  stm32f4xx_hal_dma.o(.constdata)
    .constdata                               0x0800755c   Section       16  system_stm32f4xx.o(.constdata)
    .constdata                               0x0800756c   Section        8  system_stm32f4xx.o(.constdata)
    .conststring                             0x08007574   Section      384  main.o(.conststring)
    .data                                    0x20000000   Section      268  main.o(.data)
    .data                                    0x2000010c   Section       12  stm32f4xx_hal.o(.data)
    .data                                    0x20000118   Section        4  system_stm32f4xx.o(.data)
    .data                                    0x2000011c   Section       60  tasks.o(.data)
    uxDeletedTasksWaitingCleanUp             0x20000120   Data           4  tasks.o(.data)
    uxCurrentNumberOfTasks                   0x20000124   Data           4  tasks.o(.data)
    xTickCount                               0x20000128   Data           4  tasks.o(.data)
    uxTopReadyPriority                       0x2000012c   Data           4  tasks.o(.data)
    xSchedulerRunning                        0x20000130   Data           4  tasks.o(.data)
    xPendedTicks                             0x20000134   Data           4  tasks.o(.data)
    xYieldPending                            0x20000138   Data           4  tasks.o(.data)
    xNumOfOverflows                          0x2000013c   Data           4  tasks.o(.data)
    uxTaskNumber                             0x20000140   Data           4  tasks.o(.data)
    xNextTaskUnblockTime                     0x20000144   Data           4  tasks.o(.data)
    xIdleTaskHandle                          0x20000148   Data           4  tasks.o(.data)
    uxSchedulerSuspended                     0x2000014c   Data           4  tasks.o(.data)
    pxDelayedTaskList                        0x20000150   Data           4  tasks.o(.data)
    pxOverflowDelayedTaskList                0x20000154   Data           4  tasks.o(.data)
    .data                                    0x20000158   Section       20  timers.o(.data)
    xTimerQueue                              0x20000158   Data           4  timers.o(.data)
    xTimerTaskHandle                         0x2000015c   Data           4  timers.o(.data)
    xLastTime                                0x20000160   Data           4  timers.o(.data)
    pxCurrentTimerList                       0x20000164   Data           4  timers.o(.data)
    pxOverflowTimerList                      0x20000168   Data           4  timers.o(.data)
    .data                                    0x2000016c   Section        4  cmsis_os2.o(.data)
    KernelState                              0x2000016c   Data           4  cmsis_os2.o(.data)
    .data                                    0x20000170   Section       32  heap_4.o(.data)
    pxEnd                                    0x20000170   Data           4  heap_4.o(.data)
    xFreeBytesRemaining                      0x20000174   Data           4  heap_4.o(.data)
    xMinimumEverFreeBytesRemaining           0x20000178   Data           4  heap_4.o(.data)
    xNumberOfSuccessfulAllocations           0x2000017c   Data           4  heap_4.o(.data)
    xNumberOfSuccessfulFrees                 0x20000180   Data           4  heap_4.o(.data)
    xBlockAllocatedBit                       0x20000184   Data           4  heap_4.o(.data)
    xStart                                   0x20000188   Data           8  heap_4.o(.data)
    .data                                    0x20000190   Section       12  port.o(.data)
    ucMaxSysCallPriority                     0x20000190   Data           1  port.o(.data)
    uxCriticalNesting                        0x20000194   Data           4  port.o(.data)
    ulMaxPRIGROUPValue                       0x20000198   Data           4  port.o(.data)
    .data                                    0x2000019c   Section       24  han_shu.o(.data)
    initialized                              0x2000019c   Data           1  han_shu.o(.data)
    buffer_idx                               0x2000019d   Data           1  han_shu.o(.data)
    bias_count                               0x2000019e   Data           2  han_shu.o(.data)
    i2c_sem                                  0x200001a0   Data           4  han_shu.o(.data)
    angle_z                                  0x200001a4   Data           4  han_shu.o(.data)
    last_time                                0x200001a8   Data           4  han_shu.o(.data)
    gyro_z_bias                              0x200001ac   Data           4  han_shu.o(.data)
    bias_sum                                 0x200001b0   Data           4  han_shu.o(.data)
    .data                                    0x200001b4   Section        4  stdout.o(.data)
    .bss                                     0x200001b8   Section      320  main.o(.bss)
    .bss                                     0x200002f8   Section       96  main.o(.bss)
    .bss                                     0x20000358   Section       72  stm32f4xx_hal_timebase_tim.o(.bss)
    .bss                                     0x200003a0   Section       64  queue.o(.bss)
    .bss                                     0x200003e0   Section     1220  tasks.o(.bss)
    pxReadyTasksLists                        0x200003e0   Data        1120  tasks.o(.bss)
    xDelayedTaskList1                        0x20000840   Data          20  tasks.o(.bss)
    xDelayedTaskList2                        0x20000854   Data          20  tasks.o(.bss)
    xPendingReadyList                        0x20000868   Data          20  tasks.o(.bss)
    xTasksWaitingTermination                 0x2000087c   Data          20  tasks.o(.bss)
    xSuspendedTaskList                       0x20000890   Data          20  tasks.o(.bss)
    .bss                                     0x200008a4   Section      280  timers.o(.bss)
    xStaticTimerQueue                        0x200008a4   Data          80  timers.o(.bss)
    ucStaticTimerQueueStorage                0x200008f4   Data         160  timers.o(.bss)
    xActiveTimerList1                        0x20000994   Data          20  timers.o(.bss)
    xActiveTimerList2                        0x200009a8   Data          20  timers.o(.bss)
    .bss                                     0x200009bc   Section     1720  cmsis_os2.o(.bss)
    Idle_TCB                                 0x200009bc   Data          92  cmsis_os2.o(.bss)
    Idle_Stack                               0x20000a18   Data         512  cmsis_os2.o(.bss)
    Timer_TCB                                0x20000c18   Data          92  cmsis_os2.o(.bss)
    Timer_Stack                              0x20000c74   Data        1024  cmsis_os2.o(.bss)
    .bss                                     0x20001074   Section    19960  heap_4.o(.bss)
    ucHeap                                   0x20001074   Data       19960  heap_4.o(.bss)
    .bss                                     0x20005e6c   Section      120  han_shu.o(.bss)
    accel_buffer                             0x20005e6c   Data          60  han_shu.o(.bss)
    gyro_buffer                              0x20005ea8   Data          60  han_shu.o(.bss)
    STACK                                    0x20005ee8   Section     1024  startup_stm32f411xe.o(STACK)

    Global Symbols

    Symbol Name                              Value     Ov Type        Size  Object(Section)

    BuildAttributes$$THM_ISAv4$E$P$D$K$B$S$7EM$VFPi3$EXTD16$VFPS$VFMA$PE$A:L22UL41UL21$X:L11$S22US41US21$IEEE1$IW$USESV6$~STKCKD$USESV7$~SHL$OTIME$ROPI$EBA8$MICROLIB$REQ8$PRES8$EABIv2 0x00000000   Number         0  anon$$obj.o ABSOLUTE
    __ARM_use_no_argv                        0x00000000   Number         0  main.o ABSOLUTE
    _printf_a                                0x00000000   Number         0  stubs.o ABSOLUTE
    _printf_c                                0x00000000   Number         0  stubs.o ABSOLUTE
    _printf_charcount                        0x00000000   Number         0  stubs.o ABSOLUTE
    _printf_d                                0x00000000   Number         0  stubs.o ABSOLUTE
    _printf_e                                0x00000000   Number         0  stubs.o ABSOLUTE
    _printf_f                                0x00000000   Number         0  stubs.o ABSOLUTE
    _printf_flags                            0x00000000   Number         0  stubs.o ABSOLUTE
    _printf_fp_dec                           0x00000000   Number         0  stubs.o ABSOLUTE
    _printf_fp_hex                           0x00000000   Number         0  stubs.o ABSOLUTE
    _printf_g                                0x00000000   Number         0  stubs.o ABSOLUTE
    _printf_i                                0x00000000   Number         0  stubs.o ABSOLUTE
    _printf_int_dec                          0x00000000   Number         0  stubs.o ABSOLUTE
    _printf_l                                0x00000000   Number         0  stubs.o ABSOLUTE
    _printf_lc                               0x00000000   Number         0  stubs.o ABSOLUTE
    _printf_ll                               0x00000000   Number         0  stubs.o ABSOLUTE
    _printf_lld                              0x00000000   Number         0  stubs.o ABSOLUTE
    _printf_lli                              0x00000000   Number         0  stubs.o ABSOLUTE
    _printf_llo                              0x00000000   Number         0  stubs.o ABSOLUTE
    _printf_llu                              0x00000000   Number         0  stubs.o ABSOLUTE
    _printf_llx                              0x00000000   Number         0  stubs.o ABSOLUTE
    _printf_longlong_dec                     0x00000000   Number         0  stubs.o ABSOLUTE
    _printf_longlong_hex                     0x00000000   Number         0  stubs.o ABSOLUTE
    _printf_longlong_oct                     0x00000000   Number         0  stubs.o ABSOLUTE
    _printf_ls                               0x00000000   Number         0  stubs.o ABSOLUTE
    _printf_mbtowc                           0x00000000   Number         0  stubs.o ABSOLUTE
    _printf_n                                0x00000000   Number         0  stubs.o ABSOLUTE
    _printf_o                                0x00000000   Number         0  stubs.o ABSOLUTE
    _printf_p                                0x00000000   Number         0  stubs.o ABSOLUTE
    _printf_percent                          0x00000000   Number         0  stubs.o ABSOLUTE
    _printf_pre_padding                      0x00000000   Number         0  stubs.o ABSOLUTE
    _printf_return_value                     0x00000000   Number         0  stubs.o ABSOLUTE
    _printf_s                                0x00000000   Number         0  stubs.o ABSOLUTE
    _printf_sizespec                         0x00000000   Number         0  stubs.o ABSOLUTE
    _printf_str                              0x00000000   Number         0  stubs.o ABSOLUTE
    _printf_truncate_signed                  0x00000000   Number         0  stubs.o ABSOLUTE
    _printf_truncate_unsigned                0x00000000   Number         0  stubs.o ABSOLUTE
    _printf_u                                0x00000000   Number         0  stubs.o ABSOLUTE
    _printf_wc                               0x00000000   Number         0  stubs.o ABSOLUTE
    _printf_wctomb                           0x00000000   Number         0  stubs.o ABSOLUTE
    _printf_widthprec                        0x00000000   Number         0  stubs.o ABSOLUTE
    _printf_x                                0x00000000   Number         0  stubs.o ABSOLUTE
    __cpp_initialize__aeabi_                  - Undefined Weak Reference
    __cxa_finalize                            - Undefined Weak Reference
    _clock_init                               - Undefined Weak Reference
    _microlib_exit                            - Undefined Weak Reference
    __Vectors_Size                           0x00000198   Number         0  startup_stm32f411xe.o ABSOLUTE
    __Vectors                                0x08000000   Data           4  startup_stm32f411xe.o(RESET)
    __Vectors_End                            0x08000198   Data           0  startup_stm32f411xe.o(RESET)
    __main                                   0x08000199   Thumb Code     0  entry.o(.ARM.Collect$$$$00000000)
    _main_stk                                0x08000199   Thumb Code     0  entry2.o(.ARM.Collect$$$$00000001)
    _main_scatterload                        0x0800019d   Thumb Code     0  entry5.o(.ARM.Collect$$$$00000004)
    __main_after_scatterload                 0x080001a1   Thumb Code     0  entry5.o(.ARM.Collect$$$$00000004)
    _main_clock                              0x080001a1   Thumb Code     0  entry7b.o(.ARM.Collect$$$$00000008)
    _main_cpp_init                           0x080001a1   Thumb Code     0  entry8b.o(.ARM.Collect$$$$0000000A)
    _main_init                               0x080001a1   Thumb Code     0  entry9a.o(.ARM.Collect$$$$0000000B)
    __rt_final_cpp                           0x080001a9   Thumb Code     0  entry10a.o(.ARM.Collect$$$$0000000D)
    __rt_final_exit                          0x080001a9   Thumb Code     0  entry11a.o(.ARM.Collect$$$$0000000F)
    SVC_Handler                              0x080001ad   Thumb Code    28  port.o(.emb_text)
    __asm___6_port_c_39a90d8d__prvStartFirstTask 0x080001cd   Thumb Code    36  port.o(.emb_text)
    __asm___6_port_c_39a90d8d__prvEnableVFP  0x080001f5   Thumb Code    16  port.o(.emb_text)
    PendSV_Handler                           0x08000209   Thumb Code    88  port.o(.emb_text)
    vPortGetIPSR                             0x08000265   Thumb Code     6  port.o(.emb_text)
    Reset_Handler                            0x0800026d   Thumb Code     8  startup_stm32f411xe.o(.text)
    ADC_IRQHandler                           0x08000287   Thumb Code     0  startup_stm32f411xe.o(.text)
    DMA1_Stream0_IRQHandler                  0x08000287   Thumb Code     0  startup_stm32f411xe.o(.text)
    DMA1_Stream1_IRQHandler                  0x08000287   Thumb Code     0  startup_stm32f411xe.o(.text)
    DMA1_Stream2_IRQHandler                  0x08000287   Thumb Code     0  startup_stm32f411xe.o(.text)
    DMA1_Stream3_IRQHandler                  0x08000287   Thumb Code     0  startup_stm32f411xe.o(.text)
    DMA1_Stream4_IRQHandler                  0x08000287   Thumb Code     0  startup_stm32f411xe.o(.text)
    DMA1_Stream5_IRQHandler                  0x08000287   Thumb Code     0  startup_stm32f411xe.o(.text)
    DMA1_Stream6_IRQHandler                  0x08000287   Thumb Code     0  startup_stm32f411xe.o(.text)
    DMA1_Stream7_IRQHandler                  0x08000287   Thumb Code     0  startup_stm32f411xe.o(.text)
    DMA2_Stream0_IRQHandler                  0x08000287   Thumb Code     0  startup_stm32f411xe.o(.text)
    DMA2_Stream1_IRQHandler                  0x08000287   Thumb Code     0  startup_stm32f411xe.o(.text)
    DMA2_Stream3_IRQHandler                  0x08000287   Thumb Code     0  startup_stm32f411xe.o(.text)
    DMA2_Stream4_IRQHandler                  0x08000287   Thumb Code     0  startup_stm32f411xe.o(.text)
    DMA2_Stream5_IRQHandler                  0x08000287   Thumb Code     0  startup_stm32f411xe.o(.text)
    DMA2_Stream6_IRQHandler                  0x08000287   Thumb Code     0  startup_stm32f411xe.o(.text)
    DMA2_Stream7_IRQHandler                  0x08000287   Thumb Code     0  startup_stm32f411xe.o(.text)
    EXTI0_IRQHandler                         0x08000287   Thumb Code     0  startup_stm32f411xe.o(.text)
    EXTI15_10_IRQHandler                     0x08000287   Thumb Code     0  startup_stm32f411xe.o(.text)
    EXTI1_IRQHandler                         0x08000287   Thumb Code     0  startup_stm32f411xe.o(.text)
    EXTI2_IRQHandler                         0x08000287   Thumb Code     0  startup_stm32f411xe.o(.text)
    EXTI3_IRQHandler                         0x08000287   Thumb Code     0  startup_stm32f411xe.o(.text)
    EXTI4_IRQHandler                         0x08000287   Thumb Code     0  startup_stm32f411xe.o(.text)
    EXTI9_5_IRQHandler                       0x08000287   Thumb Code     0  startup_stm32f411xe.o(.text)
    FLASH_IRQHandler                         0x08000287   Thumb Code     0  startup_stm32f411xe.o(.text)
    FPU_IRQHandler                           0x08000287   Thumb Code     0  startup_stm32f411xe.o(.text)
    I2C2_ER_IRQHandler                       0x08000287   Thumb Code     0  startup_stm32f411xe.o(.text)
    I2C2_EV_IRQHandler                       0x08000287   Thumb Code     0  startup_stm32f411xe.o(.text)
    I2C3_ER_IRQHandler                       0x08000287   Thumb Code     0  startup_stm32f411xe.o(.text)
    I2C3_EV_IRQHandler                       0x08000287   Thumb Code     0  startup_stm32f411xe.o(.text)
    OTG_FS_IRQHandler                        0x08000287   Thumb Code     0  startup_stm32f411xe.o(.text)
    OTG_FS_WKUP_IRQHandler                   0x08000287   Thumb Code     0  startup_stm32f411xe.o(.text)
    PVD_IRQHandler                           0x08000287   Thumb Code     0  startup_stm32f411xe.o(.text)
    RCC_IRQHandler                           0x08000287   Thumb Code     0  startup_stm32f411xe.o(.text)
    RTC_Alarm_IRQHandler                     0x08000287   Thumb Code     0  startup_stm32f411xe.o(.text)
    RTC_WKUP_IRQHandler                      0x08000287   Thumb Code     0  startup_stm32f411xe.o(.text)
    SDIO_IRQHandler                          0x08000287   Thumb Code     0  startup_stm32f411xe.o(.text)
    SPI1_IRQHandler                          0x08000287   Thumb Code     0  startup_stm32f411xe.o(.text)
    SPI2_IRQHandler                          0x08000287   Thumb Code     0  startup_stm32f411xe.o(.text)
    SPI3_IRQHandler                          0x08000287   Thumb Code     0  startup_stm32f411xe.o(.text)
    SPI4_IRQHandler                          0x08000287   Thumb Code     0  startup_stm32f411xe.o(.text)
    SPI5_IRQHandler                          0x08000287   Thumb Code     0  startup_stm32f411xe.o(.text)
    TAMP_STAMP_IRQHandler                    0x08000287   Thumb Code     0  startup_stm32f411xe.o(.text)
    TIM1_BRK_TIM9_IRQHandler                 0x08000287   Thumb Code     0  startup_stm32f411xe.o(.text)
    TIM1_CC_IRQHandler                       0x08000287   Thumb Code     0  startup_stm32f411xe.o(.text)
    TIM1_TRG_COM_TIM11_IRQHandler            0x08000287   Thumb Code     0  startup_stm32f411xe.o(.text)
    TIM2_IRQHandler                          0x08000287   Thumb Code     0  startup_stm32f411xe.o(.text)
    TIM3_IRQHandler                          0x08000287   Thumb Code     0  startup_stm32f411xe.o(.text)
    TIM4_IRQHandler                          0x08000287   Thumb Code     0  startup_stm32f411xe.o(.text)
    TIM5_IRQHandler                          0x08000287   Thumb Code     0  startup_stm32f411xe.o(.text)
    USART2_IRQHandler                        0x08000287   Thumb Code     0  startup_stm32f411xe.o(.text)
    USART6_IRQHandler                        0x08000287   Thumb Code     0  startup_stm32f411xe.o(.text)
    WWDG_IRQHandler                          0x08000287   Thumb Code     0  startup_stm32f411xe.o(.text)
    __aeabi_uldivmod                         0x08000291   Thumb Code    98  uldiv.o(.text)
    __aeabi_memcpy                           0x080002f3   Thumb Code    36  memcpya.o(.text)
    __aeabi_memcpy4                          0x080002f3   Thumb Code     0  memcpya.o(.text)
    __aeabi_memcpy8                          0x080002f3   Thumb Code     0  memcpya.o(.text)
    __aeabi_memset                           0x08000317   Thumb Code    14  memseta.o(.text)
    __aeabi_memset4                          0x08000317   Thumb Code     0  memseta.o(.text)
    __aeabi_memset8                          0x08000317   Thumb Code     0  memseta.o(.text)
    __aeabi_memclr                           0x08000325   Thumb Code     4  memseta.o(.text)
    __aeabi_memclr4                          0x08000325   Thumb Code     0  memseta.o(.text)
    __aeabi_memclr8                          0x08000325   Thumb Code     0  memseta.o(.text)
    memset                                   0x08000329   Thumb Code    18  memseta.o(.text)
    strcmp                                   0x0800033b   Thumb Code    28  strcmp.o(.text)
    __aeabi_dmul                             0x08000357   Thumb Code   228  dmul.o(.text)
    __aeabi_ui2d                             0x0800043b   Thumb Code    26  dfltui.o(.text)
    __aeabi_d2f                              0x08000455   Thumb Code    56  d2f.o(.text)
    __aeabi_llsl                             0x0800048d   Thumb Code    30  llshl.o(.text)
    _ll_shift_l                              0x0800048d   Thumb Code     0  llshl.o(.text)
    __aeabi_llsr                             0x080004ab   Thumb Code    32  llushr.o(.text)
    _ll_ushift_r                             0x080004ab   Thumb Code     0  llushr.o(.text)
    __I$use$fp                               0x080004cb   Thumb Code     0  iusefp.o(.text)
    _float_round                             0x080004cb   Thumb Code    18  fepilogue.o(.text)
    _float_epilogue                          0x080004dd   Thumb Code    92  fepilogue.o(.text)
    _double_round                            0x08000539   Thumb Code    30  depilogue.o(.text)
    _double_epilogue                         0x08000557   Thumb Code   156  depilogue.o(.text)
    __scatterload                            0x080005f5   Thumb Code    28  init.o(.text)
    __scatterload_rt2                        0x080005f5   Thumb Code     0  init.o(.text)
    __decompress                             0x08000619   Thumb Code     0  __dczerorl2.o(.text)
    __decompress1                            0x08000619   Thumb Code    86  __dczerorl2.o(.text)
    BusFault_Handler                         0x0800066f   Thumb Code     2  stm32f4xx_it.o(i.BusFault_Handler)
    DMA2_Stream2_IRQHandler                  0x08000671   Thumb Code     6  stm32f4xx_it.o(i.DMA2_Stream2_IRQHandler)
    DebugMon_Handler                         0x08000721   Thumb Code     2  stm32f4xx_it.o(i.DebugMon_Handler)
    Dianjisudu                               0x08000723   Thumb Code    18  han_shu.o(i.Dianjisudu)
    Error_Handler                            0x08000735   Thumb Code     4  main.o(i.Error_Handler)
    Get_Z_RotationAngle                      0x08000739   Thumb Code   282  han_shu.o(i.Get_Z_RotationAngle)
    HAL_DMA_Abort                            0x08000881   Thumb Code   146  stm32f4xx_hal_dma.o(i.HAL_DMA_Abort)
    HAL_DMA_Abort_IT                         0x08000913   Thumb Code    36  stm32f4xx_hal_dma.o(i.HAL_DMA_Abort_IT)
    HAL_DMA_GetState                         0x08000937   Thumb Code     6  stm32f4xx_hal_dma.o(i.HAL_DMA_GetState)
    HAL_DMA_IRQHandler                       0x0800093d   Thumb Code   412  stm32f4xx_hal_dma.o(i.HAL_DMA_IRQHandler)
    HAL_DMA_Init                             0x08000add   Thumb Code   206  stm32f4xx_hal_dma.o(i.HAL_DMA_Init)
    HAL_DMA_Start_IT                         0x08000bb1   Thumb Code   110  stm32f4xx_hal_dma.o(i.HAL_DMA_Start_IT)
    HAL_Delay                                0x08000c21   Thumb Code    32  stm32f4xx_hal.o(i.HAL_Delay)
    HAL_GPIO_DeInit                          0x08000c45   Thumb Code   272  stm32f4xx_hal_gpio.o(i.HAL_GPIO_DeInit)
    HAL_GPIO_Init                            0x08000d71   Thumb Code   446  stm32f4xx_hal_gpio.o(i.HAL_GPIO_Init)
    HAL_GPIO_ReadPin                         0x08000f51   Thumb Code    10  stm32f4xx_hal_gpio.o(i.HAL_GPIO_ReadPin)
    HAL_GPIO_WritePin                        0x08000f5b   Thumb Code    10  stm32f4xx_hal_gpio.o(i.HAL_GPIO_WritePin)
    HAL_GetTick                              0x08000f65   Thumb Code     6  stm32f4xx_hal.o(i.HAL_GetTick)
    HAL_I2C_AbortCpltCallback                0x08000f71   Thumb Code     2  stm32f4xx_hal_i2c.o(i.HAL_I2C_AbortCpltCallback)
    HAL_I2C_AddrCallback                     0x08000f73   Thumb Code     2  stm32f4xx_hal_i2c.o(i.HAL_I2C_AddrCallback)
    HAL_I2C_DeInit                           0x08000f75   Thumb Code    50  stm32f4xx_hal_i2c.o(i.HAL_I2C_DeInit)
    HAL_I2C_ER_IRQHandler                    0x08000fa7   Thumb Code   186  stm32f4xx_hal_i2c.o(i.HAL_I2C_ER_IRQHandler)
    HAL_I2C_EV_IRQHandler                    0x08001061   Thumb Code   560  stm32f4xx_hal_i2c.o(i.HAL_I2C_EV_IRQHandler)
    HAL_I2C_ErrorCallback                    0x08001291   Thumb Code    18  han_shu.o(i.HAL_I2C_ErrorCallback)
    HAL_I2C_Init                             0x080012ad   Thumb Code   376  stm32f4xx_hal_i2c.o(i.HAL_I2C_Init)
    HAL_I2C_ListenCpltCallback               0x08001435   Thumb Code     2  stm32f4xx_hal_i2c.o(i.HAL_I2C_ListenCpltCallback)
    HAL_I2C_MasterRxCpltCallback             0x08001437   Thumb Code     2  stm32f4xx_hal_i2c.o(i.HAL_I2C_MasterRxCpltCallback)
    HAL_I2C_MasterTxCpltCallback             0x08001439   Thumb Code     2  stm32f4xx_hal_i2c.o(i.HAL_I2C_MasterTxCpltCallback)
    HAL_I2C_MemRxCpltCallback                0x0800143d   Thumb Code    18  han_shu.o(i.HAL_I2C_MemRxCpltCallback)
    HAL_I2C_MemTxCpltCallback                0x08001459   Thumb Code    18  han_shu.o(i.HAL_I2C_MemTxCpltCallback)
    HAL_I2C_Mem_Read_IT                      0x08001475   Thumb Code   212  stm32f4xx_hal_i2c.o(i.HAL_I2C_Mem_Read_IT)
    HAL_I2C_Mem_Write_IT                     0x08001551   Thumb Code   198  stm32f4xx_hal_i2c.o(i.HAL_I2C_Mem_Write_IT)
    HAL_I2C_MspDeInit                        0x08001621   Thumb Code    56  stm32f4xx_hal_msp.o(i.HAL_I2C_MspDeInit)
    HAL_I2C_MspInit                          0x08001665   Thumb Code   126  stm32f4xx_hal_msp.o(i.HAL_I2C_MspInit)
    HAL_I2C_SlaveRxCpltCallback              0x080016f1   Thumb Code     2  stm32f4xx_hal_i2c.o(i.HAL_I2C_SlaveRxCpltCallback)
    HAL_I2C_SlaveTxCpltCallback              0x080016f3   Thumb Code     2  stm32f4xx_hal_i2c.o(i.HAL_I2C_SlaveTxCpltCallback)
    HAL_IncTick                              0x080016f5   Thumb Code    12  stm32f4xx_hal.o(i.HAL_IncTick)
    HAL_Init                                 0x08001705   Thumb Code    48  stm32f4xx_hal.o(i.HAL_Init)
    HAL_InitTick                             0x08001739   Thumb Code   118  stm32f4xx_hal_timebase_tim.o(i.HAL_InitTick)
    HAL_MspInit                              0x080017c5   Thumb Code    52  stm32f4xx_hal_msp.o(i.HAL_MspInit)
    HAL_NVIC_DisableIRQ                      0x080017fd   Thumb Code    34  stm32f4xx_hal_cortex.o(i.HAL_NVIC_DisableIRQ)
    HAL_NVIC_EnableIRQ                       0x0800181f   Thumb Code    26  stm32f4xx_hal_cortex.o(i.HAL_NVIC_EnableIRQ)
    HAL_NVIC_SetPriority                     0x08001839   Thumb Code    60  stm32f4xx_hal_cortex.o(i.HAL_NVIC_SetPriority)
    HAL_NVIC_SetPriorityGrouping             0x08001879   Thumb Code    26  stm32f4xx_hal_cortex.o(i.HAL_NVIC_SetPriorityGrouping)
    HAL_RCC_ClockConfig                      0x0800189d   Thumb Code   288  stm32f4xx_hal_rcc.o(i.HAL_RCC_ClockConfig)
    HAL_RCC_GetClockConfig                   0x080019d1   Thumb Code    54  stm32f4xx_hal_rcc.o(i.HAL_RCC_GetClockConfig)
    HAL_RCC_GetPCLK1Freq                     0x08001a11   Thumb Code    20  stm32f4xx_hal_rcc.o(i.HAL_RCC_GetPCLK1Freq)
    HAL_RCC_GetPCLK2Freq                     0x08001a31   Thumb Code    20  stm32f4xx_hal_rcc.o(i.HAL_RCC_GetPCLK2Freq)
    HAL_RCC_GetSysClockFreq                  0x08001a51   Thumb Code    88  stm32f4xx_hal_rcc.o(i.HAL_RCC_GetSysClockFreq)
    HAL_RCC_OscConfig                        0x08001ab5   Thumb Code   856  stm32f4xx_hal_rcc.o(i.HAL_RCC_OscConfig)
    HAL_TIMEx_BreakCallback                  0x08001e21   Thumb Code     2  stm32f4xx_hal_tim_ex.o(i.HAL_TIMEx_BreakCallback)
    HAL_TIMEx_CommutCallback                 0x08001e23   Thumb Code     2  stm32f4xx_hal_tim_ex.o(i.HAL_TIMEx_CommutCallback)
    HAL_TIMEx_MasterConfigSynchronization    0x08001e25   Thumb Code   104  stm32f4xx_hal_tim_ex.o(i.HAL_TIMEx_MasterConfigSynchronization)
    HAL_TIM_Base_Init                        0x08001ea1   Thumb Code    90  stm32f4xx_hal_tim.o(i.HAL_TIM_Base_Init)
    HAL_TIM_Base_MspInit                     0x08001efd   Thumb Code    56  stm32f4xx_hal_msp.o(i.HAL_TIM_Base_MspInit)
    HAL_TIM_Base_Start                       0x08001f41   Thumb Code    78  stm32f4xx_hal_tim.o(i.HAL_TIM_Base_Start)
    HAL_TIM_Base_Start_IT                    0x08001fa5   Thumb Code    88  stm32f4xx_hal_tim.o(i.HAL_TIM_Base_Start_IT)
    HAL_TIM_ConfigClockSource                0x08002011   Thumb Code   220  stm32f4xx_hal_tim.o(i.HAL_TIM_ConfigClockSource)
    HAL_TIM_IC_CaptureCallback               0x080020ed   Thumb Code     2  stm32f4xx_hal_tim.o(i.HAL_TIM_IC_CaptureCallback)
    HAL_TIM_IRQHandler                       0x080020ef   Thumb Code   304  stm32f4xx_hal_tim.o(i.HAL_TIM_IRQHandler)
    HAL_TIM_MspPostInit                      0x08002221   Thumb Code   104  stm32f4xx_hal_msp.o(i.HAL_TIM_MspPostInit)
    HAL_TIM_OC_DelayElapsedCallback          0x08002299   Thumb Code     2  stm32f4xx_hal_tim.o(i.HAL_TIM_OC_DelayElapsedCallback)
    HAL_TIM_PWM_ConfigChannel                0x0800229b   Thumb Code   204  stm32f4xx_hal_tim.o(i.HAL_TIM_PWM_ConfigChannel)
    HAL_TIM_PWM_Init                         0x08002367   Thumb Code    90  stm32f4xx_hal_tim.o(i.HAL_TIM_PWM_Init)
    HAL_TIM_PWM_MspInit                      0x080023c1   Thumb Code     2  stm32f4xx_hal_tim.o(i.HAL_TIM_PWM_MspInit)
    HAL_TIM_PWM_PulseFinishedCallback        0x080023c3   Thumb Code     2  stm32f4xx_hal_tim.o(i.HAL_TIM_PWM_PulseFinishedCallback)
    HAL_TIM_PWM_Start                        0x080023c5   Thumb Code   156  stm32f4xx_hal_tim.o(i.HAL_TIM_PWM_Start)
    HAL_TIM_PeriodElapsedCallback            0x08002475   Thumb Code    14  main.o(i.HAL_TIM_PeriodElapsedCallback)
    HAL_TIM_TriggerCallback                  0x08002489   Thumb Code     2  stm32f4xx_hal_tim.o(i.HAL_TIM_TriggerCallback)
    HAL_UARTEx_RxEventCallback               0x0800248b   Thumb Code     2  stm32f4xx_hal_uart.o(i.HAL_UARTEx_RxEventCallback)
    HAL_UART_DMAStop                         0x0800248d   Thumb Code   112  stm32f4xx_hal_uart.o(i.HAL_UART_DMAStop)
    HAL_UART_ErrorCallback                   0x080024fd   Thumb Code     2  stm32f4xx_hal_uart.o(i.HAL_UART_ErrorCallback)
    HAL_UART_IRQHandler                      0x08002501   Thumb Code   636  stm32f4xx_hal_uart.o(i.HAL_UART_IRQHandler)
    HAL_UART_Init                            0x08002781   Thumb Code   100  stm32f4xx_hal_uart.o(i.HAL_UART_Init)
    HAL_UART_MspInit                         0x080027e5   Thumb Code   156  stm32f4xx_hal_msp.o(i.HAL_UART_MspInit)
    HAL_UART_Receive_DMA                     0x08002895   Thumb Code    28  stm32f4xx_hal_uart.o(i.HAL_UART_Receive_DMA)
    HAL_UART_RxCpltCallback                  0x080028b1   Thumb Code     2  stm32f4xx_hal_uart.o(i.HAL_UART_RxCpltCallback)
    HAL_UART_RxHalfCpltCallback              0x080028b3   Thumb Code     2  stm32f4xx_hal_uart.o(i.HAL_UART_RxHalfCpltCallback)
    HAL_UART_Transmit                        0x080028b5   Thumb Code   160  stm32f4xx_hal_uart.o(i.HAL_UART_Transmit)
    HAL_UART_TxCpltCallback                  0x08002955   Thumb Code     2  stm32f4xx_hal_uart.o(i.HAL_UART_TxCpltCallback)
    HardFault_Handler                        0x08002957   Thumb Code     2  stm32f4xx_it.o(i.HardFault_Handler)
    I2C1_ER_IRQHandler                       0x08002959   Thumb Code     6  stm32f4xx_it.o(i.I2C1_ER_IRQHandler)
    I2C1_EV_IRQHandler                       0x08002965   Thumb Code     6  stm32f4xx_it.o(i.I2C1_EV_IRQHandler)
    LeftDianji                               0x08003321   Thumb Code    58  han_shu.o(i.LeftDianji)
    MPU6050_ReadFiltered                     0x08003361   Thumb Code   850  han_shu.o(i.MPU6050_ReadFiltered)
    MemManage_Handler                        0x080039a5   Thumb Code     2  stm32f4xx_it.o(i.MemManage_Handler)
    NMI_Handler                              0x080039a7   Thumb Code     2  stm32f4xx_it.o(i.NMI_Handler)
    RightDianji                              0x080039a9   Thumb Code    62  han_shu.o(i.RightDianji)
    StartChaoshenbo                          0x080039ed   Thumb Code    74  main.o(i.StartChaoshenbo)
    StartHuidu                               0x08003a55   Thumb Code   212  main.o(i.StartHuidu)
    StartJieshou                             0x08003b2d   Thumb Code    56  main.o(i.StartJieshou)
    StartLanyatouchuan                       0x08003b6d   Thumb Code    84  main.o(i.StartLanyatouchuan)
    StartQiehuan                             0x08003bdd   Thumb Code    58  main.o(i.StartQiehuan)
    StartTuoluoyi                            0x08003c2d   Thumb Code   162  main.o(i.StartTuoluoyi)
    StartYaokong                             0x08003cd5   Thumb Code   138  main.o(i.StartYaokong)
    StartYundong                             0x08003d9d   Thumb Code    76  main.o(i.StartYundong)
    SysTick_Handler                          0x08003df1   Thumb Code    26  cmsis_os2.o(i.SysTick_Handler)
    SystemClock_Config                       0x08003e0d   Thumb Code   136  main.o(i.SystemClock_Config)
    SystemInit                               0x08003e9d   Thumb Code    12  system_stm32f4xx.o(i.SystemInit)
    TIM11_Delay_us                           0x08003ead   Thumb Code    18  han_shu.o(i.TIM11_Delay_us)
    TIM1_UP_TIM10_IRQHandler                 0x08003ec5   Thumb Code     6  stm32f4xx_it.o(i.TIM1_UP_TIM10_IRQHandler)
    TIM_Base_SetConfig                       0x08003ed1   Thumb Code   130  stm32f4xx_hal_tim.o(i.TIM_Base_SetConfig)
    TIM_CCxChannelCmd                        0x08003f71   Thumb Code    26  stm32f4xx_hal_tim.o(i.TIM_CCxChannelCmd)
    TIM_ETR_SetConfig                        0x08003f8b   Thumb Code    20  stm32f4xx_hal_tim.o(i.TIM_ETR_SetConfig)
    TIM_OC2_SetConfig                        0x08004001   Thumb Code    84  stm32f4xx_hal_tim.o(i.TIM_OC2_SetConfig)
    UART_Start_Receive_DMA                   0x08004471   Thumb Code   146  stm32f4xx_hal_uart.o(i.UART_Start_Receive_DMA)
    USART1_IRQHandler                        0x08004585   Thumb Code    46  stm32f4xx_it.o(i.USART1_IRQHandler)
    UsageFault_Handler                       0x080045c1   Thumb Code     2  stm32f4xx_it.o(i.UsageFault_Handler)
    Xuanzhuan                                0x080045c5   Thumb Code   292  han_shu.o(i.Xuanzhuan)
    Zhizou                                   0x08004715   Thumb Code   214  han_shu.o(i.Zhizou)
    __0printf$8                              0x08004801   Thumb Code    22  printf8.o(i.__0printf$8)
    __1printf$8                              0x08004801   Thumb Code     0  printf8.o(i.__0printf$8)
    __2printf                                0x08004801   Thumb Code     0  printf8.o(i.__0printf$8)
    __scatterload_copy                       0x08004841   Thumb Code    14  handlers.o(i.__scatterload_copy)
    __scatterload_null                       0x0800484f   Thumb Code     2  handlers.o(i.__scatterload_null)
    __scatterload_zeroinit                   0x08004851   Thumb Code    14  handlers.o(i.__scatterload_zeroinit)
    chaoshenboceju                           0x08004cc5   Thumb Code   152  han_shu.o(i.chaoshenboceju)
    cmd_1                                    0x08004d79   Thumb Code     8  main.o(i.cmd_1)
    cmd_10                                   0x08004d85   Thumb Code     8  main.o(i.cmd_10)
    cmd_11                                   0x08004d8d   Thumb Code     8  main.o(i.cmd_11)
    cmd_2                                    0x08004d95   Thumb Code     8  main.o(i.cmd_2)
    cmd_3                                    0x08004da1   Thumb Code     8  main.o(i.cmd_3)
    cmd_4                                    0x08004da9   Thumb Code     8  main.o(i.cmd_4)
    cmd_5                                    0x08004db1   Thumb Code     8  main.o(i.cmd_5)
    cmd_6                                    0x08004db9   Thumb Code     8  main.o(i.cmd_6)
    cmd_7                                    0x08004dc1   Thumb Code     8  main.o(i.cmd_7)
    cmd_8                                    0x08004dc9   Thumb Code     8  main.o(i.cmd_8)
    cmd_9                                    0x08004dd1   Thumb Code     8  main.o(i.cmd_9)
    fputc                                    0x08004dd9   Thumb Code    18  main.o(i.fputc)
    huiduzhi                                 0x08004df1   Thumb Code   140  han_shu.o(i.huiduzhi)
    main                                     0x08004ea9   Thumb Code   576  main.o(i.main)
    osDelay                                  0x08005159   Thumb Code    26  cmsis_os2.o(i.osDelay)
    osKernelInitialize                       0x08005175   Thumb Code    32  cmsis_os2.o(i.osKernelInitialize)
    osKernelStart                            0x08005199   Thumb Code    48  cmsis_os2.o(i.osKernelStart)
    osMessageQueueGet                        0x080051d1   Thumb Code    96  cmsis_os2.o(i.osMessageQueueGet)
    osMessageQueueNew                        0x08005235   Thumb Code    88  cmsis_os2.o(i.osMessageQueueNew)
    osMessageQueuePut                        0x0800528d   Thumb Code   100  cmsis_os2.o(i.osMessageQueuePut)
    osMutexAcquire                           0x080052f5   Thumb Code    82  cmsis_os2.o(i.osMutexAcquire)
    osMutexNew                               0x08005347   Thumb Code   104  cmsis_os2.o(i.osMutexNew)
    osMutexRelease                           0x080053af   Thumb Code    66  cmsis_os2.o(i.osMutexRelease)
    osSemaphoreAcquire                       0x080053f1   Thumb Code    88  cmsis_os2.o(i.osSemaphoreAcquire)
    osSemaphoreNew                           0x0800544d   Thumb Code   152  cmsis_os2.o(i.osSemaphoreNew)
    osSemaphoreRelease                       0x080054e5   Thumb Code    82  cmsis_os2.o(i.osSemaphoreRelease)
    osThreadNew                              0x0800553d   Thumb Code   138  cmsis_os2.o(i.osThreadNew)
    pvPortMalloc                             0x08005d71   Thumb Code   216  heap_4.o(i.pvPortMalloc)
    pvTaskIncrementMutexHeldCount            0x08005e4d   Thumb Code    18  tasks.o(i.pvTaskIncrementMutexHeldCount)
    pxPortInitialiseStack                    0x08005e65   Thumb Code    40  port.o(i.pxPortInitialiseStack)
    uxListRemove                             0x08005e91   Thumb Code    38  list.o(i.uxListRemove)
    vApplicationGetIdleTaskMemory            0x08005eb9   Thumb Code    16  cmsis_os2.o(i.vApplicationGetIdleTaskMemory)
    vApplicationGetTimerTaskMemory           0x08005ecd   Thumb Code    18  cmsis_os2.o(i.vApplicationGetTimerTaskMemory)
    vListInitialise                          0x08005ee5   Thumb Code    22  list.o(i.vListInitialise)
    vListInitialiseItem                      0x08005efb   Thumb Code     6  list.o(i.vListInitialiseItem)
    vListInsert                              0x08005f01   Thumb Code    48  list.o(i.vListInsert)
    vListInsertEnd                           0x08005f31   Thumb Code    24  list.o(i.vListInsertEnd)
    vPortEnterCritical                       0x08005f49   Thumb Code    54  port.o(i.vPortEnterCritical)
    vPortExitCritical                        0x08005f89   Thumb Code    34  port.o(i.vPortExitCritical)
    vPortFree                                0x08005fb1   Thumb Code    94  heap_4.o(i.vPortFree)
    vPortSetupTimerInterrupt                 0x08006015   Thumb Code    32  port.o(i.vPortSetupTimerInterrupt)
    vPortValidateInterruptPriority           0x08006039   Thumb Code    74  port.o(i.vPortValidateInterruptPriority)
    vQueueAddToRegistry                      0x0800608d   Thumb Code    34  queue.o(i.vQueueAddToRegistry)
    vQueueDelete                             0x080060b5   Thumb Code    46  queue.o(i.vQueueDelete)
    vQueueUnregisterQueue                    0x080060e5   Thumb Code    36  queue.o(i.vQueueUnregisterQueue)
    vQueueWaitForMessageRestricted           0x0800610d   Thumb Code    68  queue.o(i.vQueueWaitForMessageRestricted)
    vTaskDelay                               0x08006151   Thumb Code    66  tasks.o(i.vTaskDelay)
    vTaskInternalSetTimeOutState             0x0800619d   Thumb Code    12  tasks.o(i.vTaskInternalSetTimeOutState)
    vTaskMissedYield                         0x080061ad   Thumb Code     8  tasks.o(i.vTaskMissedYield)
    vTaskPlaceOnEventList                    0x080061b9   Thumb Code    44  tasks.o(i.vTaskPlaceOnEventList)
    vTaskPlaceOnEventListRestricted          0x080061e9   Thumb Code    52  tasks.o(i.vTaskPlaceOnEventListRestricted)
    vTaskPriorityDisinheritAfterTimeout      0x08006221   Thumb Code   134  tasks.o(i.vTaskPriorityDisinheritAfterTimeout)
    vTaskStartScheduler                      0x080062b1   Thumb Code   118  tasks.o(i.vTaskStartScheduler)
    vTaskSuspendAll                          0x08006339   Thumb Code    10  tasks.o(i.vTaskSuspendAll)
    vTaskSwitchContext                       0x08006349   Thumb Code    90  tasks.o(i.vTaskSwitchContext)
    xPortStartScheduler                      0x080063ad   Thumb Code   222  port.o(i.xPortStartScheduler)
    xPortSysTickHandler                      0x080064a1   Thumb Code    38  port.o(i.xPortSysTickHandler)
    xQueueCreateCountingSemaphore            0x080064cd   Thumb Code    58  queue.o(i.xQueueCreateCountingSemaphore)
    xQueueCreateCountingSemaphoreStatic      0x08006507   Thumb Code    64  queue.o(i.xQueueCreateCountingSemaphoreStatic)
    xQueueCreateMutex                        0x08006547   Thumb Code    22  queue.o(i.xQueueCreateMutex)
    xQueueCreateMutexStatic                  0x0800655d   Thumb Code    26  queue.o(i.xQueueCreateMutexStatic)
    xQueueGenericCreate                      0x08006577   Thumb Code    66  queue.o(i.xQueueGenericCreate)
    xQueueGenericCreateStatic                0x080065b9   Thumb Code   102  queue.o(i.xQueueGenericCreateStatic)
    xQueueGenericReset                       0x08006621   Thumb Code   132  queue.o(i.xQueueGenericReset)
    xQueueGenericSend                        0x080066a9   Thumb Code   346  queue.o(i.xQueueGenericSend)
    xQueueGenericSendFromISR                 0x08006809   Thumb Code   190  queue.o(i.xQueueGenericSendFromISR)
    xQueueGiveFromISR                        0x080068c7   Thumb Code   156  queue.o(i.xQueueGiveFromISR)
    xQueueGiveMutexRecursive                 0x08006963   Thumb Code    62  queue.o(i.xQueueGiveMutexRecursive)
    xQueueReceive                            0x080069a1   Thumb Code   308  queue.o(i.xQueueReceive)
    xQueueReceiveFromISR                     0x08006ad9   Thumb Code   154  queue.o(i.xQueueReceiveFromISR)
    xQueueSemaphoreTake                      0x08006b75   Thumb Code   372  queue.o(i.xQueueSemaphoreTake)
    xQueueTakeMutexRecursive                 0x08006ced   Thumb Code    64  queue.o(i.xQueueTakeMutexRecursive)
    xTaskCheckForTimeOut                     0x08006d2d   Thumb Code   112  tasks.o(i.xTaskCheckForTimeOut)
    xTaskCreate                              0x08006da1   Thumb Code    90  tasks.o(i.xTaskCreate)
    xTaskCreateStatic                        0x08006dfb   Thumb Code    86  tasks.o(i.xTaskCreateStatic)
    xTaskGetCurrentTaskHandle                0x08006e51   Thumb Code     6  tasks.o(i.xTaskGetCurrentTaskHandle)
    xTaskGetSchedulerState                   0x08006e5d   Thumb Code    22  tasks.o(i.xTaskGetSchedulerState)
    xTaskGetTickCount                        0x08006e79   Thumb Code     6  tasks.o(i.xTaskGetTickCount)
    xTaskIncrementTick                       0x08006e85   Thumb Code   192  tasks.o(i.xTaskIncrementTick)
    xTaskPriorityDisinherit                  0x08006f4d   Thumb Code   118  tasks.o(i.xTaskPriorityDisinherit)
    xTaskPriorityInherit                     0x08006fcd   Thumb Code   112  tasks.o(i.xTaskPriorityInherit)
    xTaskRemoveFromEventList                 0x08007045   Thumb Code    98  tasks.o(i.xTaskRemoveFromEventList)
    xTaskResumeAll                           0x080070b5   Thumb Code   182  tasks.o(i.xTaskResumeAll)
    xTimerCreateTimerTask                    0x08007179   Thumb Code    78  timers.o(i.xTimerCreateTimerTask)
    xTimerGenericCommand                     0x080071d9   Thumb Code    98  timers.o(i.xTimerGenericCommand)
    xunji                                    0x08007241   Thumb Code    48  main.o(i.xunji)
    zonghuiduzhi                             0x08007275   Thumb Code   122  han_shu.o(i.zonghuiduzhi)
    Chaoshenbo_attributes                    0x080072f4   Data          36  main.o(.constdata)
    Huidu_attributes                         0x08007318   Data          36  main.o(.constdata)
    Tuoluoyi_attributes                      0x0800733c   Data          36  main.o(.constdata)
    Yundong_attributes                       0x08007360   Data          36  main.o(.constdata)
    Lanyatouchuan_attributes                 0x08007384   Data          36  main.o(.constdata)
    Yaokong_attributes                       0x080073a8   Data          36  main.o(.constdata)
    Qiehuan_attributes                       0x080073cc   Data          36  main.o(.constdata)
    Jieshou_attributes                       0x080073f0   Data          36  main.o(.constdata)
    Zonghuiduzhi_attributes                  0x08007414   Data          24  main.o(.constdata)
    AX_attributes                            0x0800742c   Data          24  main.o(.constdata)
    AY_attributes                            0x08007444   Data          24  main.o(.constdata)
    GZ_attributes                            0x0800745c   Data          24  main.o(.constdata)
    H1_attributes                            0x08007474   Data          24  main.o(.constdata)
    H2_attributes                            0x0800748c   Data          24  main.o(.constdata)
    H3_attributes                            0x080074a4   Data          24  main.o(.constdata)
    H4_attributes                            0x080074bc   Data          24  main.o(.constdata)
    H5_attributes                            0x080074d4   Data          24  main.o(.constdata)
    H6_attributes                            0x080074ec   Data          24  main.o(.constdata)
    H7_attributes                            0x08007504   Data          24  main.o(.constdata)
    H8_attributes                            0x0800751c   Data          24  main.o(.constdata)
    Shoujifasong_attributes                  0x08007534   Data          16  main.o(.constdata)
    Juli_attributes                          0x08007544   Data          16  main.o(.constdata)
    AHBPrescTable                            0x0800755c   Data          16  system_stm32f4xx.o(.constdata)
    APBPrescTable                            0x0800756c   Data           8  system_stm32f4xx.o(.constdata)
    Region$$Table$$Base                      0x080076f4   Number         0  anon$$obj.o(Region$$Table)
    Region$$Table$$Limit                     0x08007714   Number         0  anon$$obj.o(Region$$Table)
    yaokong_flag                             0x20000000   Data           1  main.o(.data)
    H1                                       0x20000001   Data           1  main.o(.data)
    H2                                       0x20000002   Data           1  main.o(.data)
    H3                                       0x20000003   Data           1  main.o(.data)
    H4                                       0x20000004   Data           1  main.o(.data)
    H5                                       0x20000005   Data           1  main.o(.data)
    H6                                       0x20000006   Data           1  main.o(.data)
    H7                                       0x20000007   Data           1  main.o(.data)
    H8                                       0x20000008   Data           1  main.o(.data)
    h1                                       0x20000009   Data           1  main.o(.data)
    h2                                       0x2000000a   Data           1  main.o(.data)
    h3                                       0x2000000b   Data           1  main.o(.data)
    h4                                       0x2000000c   Data           1  main.o(.data)
    h5                                       0x2000000d   Data           1  main.o(.data)
    h6                                       0x2000000e   Data           1  main.o(.data)
    h7                                       0x2000000f   Data           1  main.o(.data)
    h8                                       0x20000010   Data           1  main.o(.data)
    RxFlag                                   0x20000011   Data           1  main.o(.data)
    cmd_table_size                           0x20000012   Data           2  main.o(.data)
    AX                                       0x20000014   Data           2  main.o(.data)
    AY                                       0x20000016   Data           2  main.o(.data)
    GZ                                       0x20000018   Data           2  main.o(.data)
    ax                                       0x2000001a   Data           2  main.o(.data)
    ay                                       0x2000001c   Data           2  main.o(.data)
    gz                                       0x2000001e   Data           2  main.o(.data)
    ChaoshenboHandle                         0x20000020   Data           4  main.o(.data)
    HuiduHandle                              0x20000024   Data           4  main.o(.data)
    TuoluoyiHandle                           0x20000028   Data           4  main.o(.data)
    YundongHandle                            0x2000002c   Data           4  main.o(.data)
    LanyatouchuanHandle                      0x20000030   Data           4  main.o(.data)
    YaokongHandle                            0x20000034   Data           4  main.o(.data)
    QiehuanHandle                            0x20000038   Data           4  main.o(.data)
    JieshouHandle                            0x2000003c   Data           4  main.o(.data)
    ZonghuiduzhiHandle                       0x20000040   Data           4  main.o(.data)
    AXHandle                                 0x20000044   Data           4  main.o(.data)
    AYHandle                                 0x20000048   Data           4  main.o(.data)
    GZHandle                                 0x2000004c   Data           4  main.o(.data)
    H1Handle                                 0x20000050   Data           4  main.o(.data)
    H2Handle                                 0x20000054   Data           4  main.o(.data)
    H3Handle                                 0x20000058   Data           4  main.o(.data)
    H4Handle                                 0x2000005c   Data           4  main.o(.data)
    H5Handle                                 0x20000060   Data           4  main.o(.data)
    H6Handle                                 0x20000064   Data           4  main.o(.data)
    H7Handle                                 0x20000068   Data           4  main.o(.data)
    H8Handle                                 0x2000006c   Data           4  main.o(.data)
    ShoujifasongHandle                       0x20000070   Data           4  main.o(.data)
    JuliHandle                               0x20000074   Data           4  main.o(.data)
    zhi_2                                    0x20000078   Data           4  main.o(.data)
    cmd_table                                0x2000007c   Data         144  main.o(.data)
    uwTickFreq                               0x2000010c   Data           1  stm32f4xx_hal.o(.data)
    uwTickPrio                               0x20000110   Data           4  stm32f4xx_hal.o(.data)
    uwTick                                   0x20000114   Data           4  stm32f4xx_hal.o(.data)
    SystemCoreClock                          0x20000118   Data           4  system_stm32f4xx.o(.data)
    pxCurrentTCB                             0x2000011c   Data           4  tasks.o(.data)
    __stdout                                 0x200001b4   Data           4  stdout.o(.data)
    hi2c1                                    0x200001b8   Data          84  main.o(.bss)
    htim3                                    0x2000020c   Data          72  main.o(.bss)
    htim11                                   0x20000254   Data          72  main.o(.bss)
    huart1                                   0x2000029c   Data          72  main.o(.bss)
    Serial_RxPacket                          0x200002e4   Data          20  main.o(.bss)
    hdma_usart1_rx                           0x200002f8   Data          96  main.o(.bss)
    htim10                                   0x20000358   Data          72  stm32f4xx_hal_timebase_tim.o(.bss)
    xQueueRegistry                           0x200003a0   Data          64  queue.o(.bss)
    __initial_sp                             0x200062e8   Data           0  startup_stm32f411xe.o(STACK)



==============================================================================

Memory Map of the image

  Image Entry point : 0x08000199

  Load Region LR_IROM1 (Base: 0x08000000, Size: 0x000078cc, Max: 0x00080000, ABSOLUTE, COMPRESSED[0x00007784])

    Execution Region ER_IROM1 (Exec base: 0x08000000, Load base: 0x08000000, Size: 0x00007714, Max: 0x00080000, ABSOLUTE)

    Exec Addr    Load Addr    Size         Type   Attr      Idx    E Section Name        Object

    0x08000000   0x08000000   0x00000198   Data   RO            3    RESET               startup_stm32f411xe.o
    0x08000198   0x08000198   0x00000000   Code   RO         5558  * .ARM.Collect$$$$00000000  mc_w.l(entry.o)
    0x08000198   0x08000198   0x00000004   Code   RO         5840    .ARM.Collect$$$$00000001  mc_w.l(entry2.o)
    0x0800019c   0x0800019c   0x00000004   Code   RO         5843    .ARM.Collect$$$$00000004  mc_w.l(entry5.o)
    0x080001a0   0x080001a0   0x00000000   Code   RO         5845    .ARM.Collect$$$$00000008  mc_w.l(entry7b.o)
    0x080001a0   0x080001a0   0x00000000   Code   RO         5847    .ARM.Collect$$$$0000000A  mc_w.l(entry8b.o)
    0x080001a0   0x080001a0   0x00000008   Code   RO         5848    .ARM.Collect$$$$0000000B  mc_w.l(entry9a.o)
    0x080001a8   0x080001a8   0x00000000   Code   RO         5850    .ARM.Collect$$$$0000000D  mc_w.l(entry10a.o)
    0x080001a8   0x080001a8   0x00000000   Code   RO         5852    .ARM.Collect$$$$0000000F  mc_w.l(entry11a.o)
    0x080001a8   0x080001a8   0x00000004   Code   RO         5841    .ARM.Collect$$$$00002712  mc_w.l(entry2.o)
    0x080001ac   0x080001ac   0x000000be   Code   RO         5318    .emb_text           port.o
    0x0800026a   0x0800026a   0x00000002   PAD
    0x0800026c   0x0800026c   0x00000024   Code   RO            4    .text               startup_stm32f411xe.o
    0x08000290   0x08000290   0x00000062   Code   RO         5561    .text               mc_w.l(uldiv.o)
    0x080002f2   0x080002f2   0x00000024   Code   RO         5563    .text               mc_w.l(memcpya.o)
    0x08000316   0x08000316   0x00000024   Code   RO         5567    .text               mc_w.l(memseta.o)
    0x0800033a   0x0800033a   0x0000001c   Code   RO         5569    .text               mc_w.l(strcmp.o)
    0x08000356   0x08000356   0x000000e4   Code   RO         5834    .text               mf_w.l(dmul.o)
    0x0800043a   0x0800043a   0x0000001a   Code   RO         5836    .text               mf_w.l(dfltui.o)
    0x08000454   0x08000454   0x00000038   Code   RO         5838    .text               mf_w.l(d2f.o)
    0x0800048c   0x0800048c   0x0000001e   Code   RO         5857    .text               mc_w.l(llshl.o)
    0x080004aa   0x080004aa   0x00000020   Code   RO         5859    .text               mc_w.l(llushr.o)
    0x080004ca   0x080004ca   0x00000000   Code   RO         5861    .text               mc_w.l(iusefp.o)
    0x080004ca   0x080004ca   0x0000006e   Code   RO         5862    .text               mf_w.l(fepilogue.o)
    0x08000538   0x08000538   0x000000ba   Code   RO         5864    .text               mf_w.l(depilogue.o)
    0x080005f2   0x080005f2   0x00000002   PAD
    0x080005f4   0x080005f4   0x00000024   Code   RO         5874    .text               mc_w.l(init.o)
    0x08000618   0x08000618   0x00000056   Code   RO         5886    .text               mc_w.l(__dczerorl2.o)
    0x0800066e   0x0800066e   0x00000002   Code   RO          377    i.BusFault_Handler  stm32f4xx_it.o
    0x08000670   0x08000670   0x0000000c   Code   RO          378    i.DMA2_Stream2_IRQHandler  stm32f4xx_it.o
    0x0800067c   0x0800067c   0x00000028   Code   RO         2057    i.DMA_CalcBaseAndBitshift  stm32f4xx_hal_dma.o
    0x080006a4   0x080006a4   0x00000054   Code   RO         2058    i.DMA_CheckFifoParam  stm32f4xx_hal_dma.o
    0x080006f8   0x080006f8   0x00000028   Code   RO         2059    i.DMA_SetConfig     stm32f4xx_hal_dma.o
    0x08000720   0x08000720   0x00000002   Code   RO          379    i.DebugMon_Handler  stm32f4xx_it.o
    0x08000722   0x08000722   0x00000012   Code   RO         5445    i.Dianjisudu        han_shu.o
    0x08000734   0x08000734   0x00000004   Code   RO           13    i.Error_Handler     main.o
    0x08000738   0x08000738   0x00000148   Code   RO         5446    i.Get_Z_RotationAngle  han_shu.o
    0x08000880   0x08000880   0x00000092   Code   RO         2060    i.HAL_DMA_Abort     stm32f4xx_hal_dma.o
    0x08000912   0x08000912   0x00000024   Code   RO         2061    i.HAL_DMA_Abort_IT  stm32f4xx_hal_dma.o
    0x08000936   0x08000936   0x00000006   Code   RO         2064    i.HAL_DMA_GetState  stm32f4xx_hal_dma.o
    0x0800093c   0x0800093c   0x000001a0   Code   RO         2065    i.HAL_DMA_IRQHandler  stm32f4xx_hal_dma.o
    0x08000adc   0x08000adc   0x000000d4   Code   RO         2066    i.HAL_DMA_Init      stm32f4xx_hal_dma.o
    0x08000bb0   0x08000bb0   0x0000006e   Code   RO         2070    i.HAL_DMA_Start_IT  stm32f4xx_hal_dma.o
    0x08000c1e   0x08000c1e   0x00000002   PAD
    0x08000c20   0x08000c20   0x00000024   Code   RO         2521    i.HAL_Delay         stm32f4xx_hal.o
    0x08000c44   0x08000c44   0x0000012c   Code   RO         1950    i.HAL_GPIO_DeInit   stm32f4xx_hal_gpio.o
    0x08000d70   0x08000d70   0x000001e0   Code   RO         1953    i.HAL_GPIO_Init     stm32f4xx_hal_gpio.o
    0x08000f50   0x08000f50   0x0000000a   Code   RO         1955    i.HAL_GPIO_ReadPin  stm32f4xx_hal_gpio.o
    0x08000f5a   0x08000f5a   0x0000000a   Code   RO         1957    i.HAL_GPIO_WritePin  stm32f4xx_hal_gpio.o
    0x08000f64   0x08000f64   0x0000000c   Code   RO         2527    i.HAL_GetTick       stm32f4xx_hal.o
    0x08000f70   0x08000f70   0x00000002   Code   RO         2772    i.HAL_I2C_AbortCpltCallback  stm32f4xx_hal_i2c.o
    0x08000f72   0x08000f72   0x00000002   Code   RO         2773    i.HAL_I2C_AddrCallback  stm32f4xx_hal_i2c.o
    0x08000f74   0x08000f74   0x00000032   Code   RO         2774    i.HAL_I2C_DeInit    stm32f4xx_hal_i2c.o
    0x08000fa6   0x08000fa6   0x000000ba   Code   RO         2776    i.HAL_I2C_ER_IRQHandler  stm32f4xx_hal_i2c.o
    0x08001060   0x08001060   0x00000230   Code   RO         2777    i.HAL_I2C_EV_IRQHandler  stm32f4xx_hal_i2c.o
    0x08001290   0x08001290   0x0000001c   Code   RO         5447    i.HAL_I2C_ErrorCallback  han_shu.o
    0x080012ac   0x080012ac   0x00000188   Code   RO         2783    i.HAL_I2C_Init      stm32f4xx_hal_i2c.o
    0x08001434   0x08001434   0x00000002   Code   RO         2785    i.HAL_I2C_ListenCpltCallback  stm32f4xx_hal_i2c.o
    0x08001436   0x08001436   0x00000002   Code   RO         2786    i.HAL_I2C_MasterRxCpltCallback  stm32f4xx_hal_i2c.o
    0x08001438   0x08001438   0x00000002   Code   RO         2787    i.HAL_I2C_MasterTxCpltCallback  stm32f4xx_hal_i2c.o
    0x0800143a   0x0800143a   0x00000002   PAD
    0x0800143c   0x0800143c   0x0000001c   Code   RO         5448    i.HAL_I2C_MemRxCpltCallback  han_shu.o
    0x08001458   0x08001458   0x0000001c   Code   RO         5449    i.HAL_I2C_MemTxCpltCallback  han_shu.o
    0x08001474   0x08001474   0x000000dc   Code   RO         2803    i.HAL_I2C_Mem_Read_IT  stm32f4xx_hal_i2c.o
    0x08001550   0x08001550   0x000000d0   Code   RO         2806    i.HAL_I2C_Mem_Write_IT  stm32f4xx_hal_i2c.o
    0x08001620   0x08001620   0x00000044   Code   RO          465    i.HAL_I2C_MspDeInit  stm32f4xx_hal_msp.o
    0x08001664   0x08001664   0x0000008c   Code   RO          466    i.HAL_I2C_MspInit   stm32f4xx_hal_msp.o
    0x080016f0   0x080016f0   0x00000002   Code   RO         2809    i.HAL_I2C_SlaveRxCpltCallback  stm32f4xx_hal_i2c.o
    0x080016f2   0x080016f2   0x00000002   Code   RO         2810    i.HAL_I2C_SlaveTxCpltCallback  stm32f4xx_hal_i2c.o
    0x080016f4   0x080016f4   0x00000010   Code   RO         2533    i.HAL_IncTick       stm32f4xx_hal.o
    0x08001704   0x08001704   0x00000034   Code   RO         2534    i.HAL_Init          stm32f4xx_hal.o
    0x08001738   0x08001738   0x0000008c   Code   RO          532    i.HAL_InitTick      stm32f4xx_hal_timebase_tim.o
    0x080017c4   0x080017c4   0x00000038   Code   RO          467    i.HAL_MspInit       stm32f4xx_hal_msp.o
    0x080017fc   0x080017fc   0x00000022   Code   RO         2368    i.HAL_NVIC_DisableIRQ  stm32f4xx_hal_cortex.o
    0x0800181e   0x0800181e   0x0000001a   Code   RO         2369    i.HAL_NVIC_EnableIRQ  stm32f4xx_hal_cortex.o
    0x08001838   0x08001838   0x00000040   Code   RO         2375    i.HAL_NVIC_SetPriority  stm32f4xx_hal_cortex.o
    0x08001878   0x08001878   0x00000024   Code   RO         2376    i.HAL_NVIC_SetPriorityGrouping  stm32f4xx_hal_cortex.o
    0x0800189c   0x0800189c   0x00000134   Code   RO         1545    i.HAL_RCC_ClockConfig  stm32f4xx_hal_rcc.o
    0x080019d0   0x080019d0   0x00000040   Code   RO         1549    i.HAL_RCC_GetClockConfig  stm32f4xx_hal_rcc.o
    0x08001a10   0x08001a10   0x00000020   Code   RO         1552    i.HAL_RCC_GetPCLK1Freq  stm32f4xx_hal_rcc.o
    0x08001a30   0x08001a30   0x00000020   Code   RO         1553    i.HAL_RCC_GetPCLK2Freq  stm32f4xx_hal_rcc.o
    0x08001a50   0x08001a50   0x00000064   Code   RO         1554    i.HAL_RCC_GetSysClockFreq  stm32f4xx_hal_rcc.o
    0x08001ab4   0x08001ab4   0x0000036c   Code   RO         1557    i.HAL_RCC_OscConfig  stm32f4xx_hal_rcc.o
    0x08001e20   0x08001e20   0x00000002   Code   RO         1277    i.HAL_TIMEx_BreakCallback  stm32f4xx_hal_tim_ex.o
    0x08001e22   0x08001e22   0x00000002   Code   RO         1278    i.HAL_TIMEx_CommutCallback  stm32f4xx_hal_tim_ex.o
    0x08001e24   0x08001e24   0x0000007c   Code   RO         1296    i.HAL_TIMEx_MasterConfigSynchronization  stm32f4xx_hal_tim_ex.o
    0x08001ea0   0x08001ea0   0x0000005a   Code   RO          573    i.HAL_TIM_Base_Init  stm32f4xx_hal_tim.o
    0x08001efa   0x08001efa   0x00000002   PAD
    0x08001efc   0x08001efc   0x00000044   Code   RO          469    i.HAL_TIM_Base_MspInit  stm32f4xx_hal_msp.o
    0x08001f40   0x08001f40   0x00000064   Code   RO          576    i.HAL_TIM_Base_Start  stm32f4xx_hal_tim.o
    0x08001fa4   0x08001fa4   0x0000006c   Code   RO          578    i.HAL_TIM_Base_Start_IT  stm32f4xx_hal_tim.o
    0x08002010   0x08002010   0x000000dc   Code   RO          582    i.HAL_TIM_ConfigClockSource  stm32f4xx_hal_tim.o
    0x080020ec   0x080020ec   0x00000002   Code   RO          607    i.HAL_TIM_IC_CaptureCallback  stm32f4xx_hal_tim.o
    0x080020ee   0x080020ee   0x00000130   Code   RO          621    i.HAL_TIM_IRQHandler  stm32f4xx_hal_tim.o
    0x0800221e   0x0800221e   0x00000002   PAD
    0x08002220   0x08002220   0x00000078   Code   RO          470    i.HAL_TIM_MspPostInit  stm32f4xx_hal_msp.o
    0x08002298   0x08002298   0x00000002   Code   RO          624    i.HAL_TIM_OC_DelayElapsedCallback  stm32f4xx_hal_tim.o
    0x0800229a   0x0800229a   0x000000cc   Code   RO          645    i.HAL_TIM_PWM_ConfigChannel  stm32f4xx_hal_tim.o
    0x08002366   0x08002366   0x0000005a   Code   RO          648    i.HAL_TIM_PWM_Init  stm32f4xx_hal_tim.o
    0x080023c0   0x080023c0   0x00000002   Code   RO          650    i.HAL_TIM_PWM_MspInit  stm32f4xx_hal_tim.o
    0x080023c2   0x080023c2   0x00000002   Code   RO          651    i.HAL_TIM_PWM_PulseFinishedCallback  stm32f4xx_hal_tim.o
    0x080023c4   0x080023c4   0x000000b0   Code   RO          653    i.HAL_TIM_PWM_Start  stm32f4xx_hal_tim.o
    0x08002474   0x08002474   0x00000014   Code   RO           14    i.HAL_TIM_PeriodElapsedCallback  main.o
    0x08002488   0x08002488   0x00000002   Code   RO          664    i.HAL_TIM_TriggerCallback  stm32f4xx_hal_tim.o
    0x0800248a   0x0800248a   0x00000002   Code   RO         3251    i.HAL_UARTEx_RxEventCallback  stm32f4xx_hal_uart.o
    0x0800248c   0x0800248c   0x00000070   Code   RO         3263    i.HAL_UART_DMAStop  stm32f4xx_hal_uart.o
    0x080024fc   0x080024fc   0x00000002   Code   RO         3265    i.HAL_UART_ErrorCallback  stm32f4xx_hal_uart.o
    0x080024fe   0x080024fe   0x00000002   PAD
    0x08002500   0x08002500   0x00000280   Code   RO         3268    i.HAL_UART_IRQHandler  stm32f4xx_hal_uart.o
    0x08002780   0x08002780   0x00000064   Code   RO         3269    i.HAL_UART_Init     stm32f4xx_hal_uart.o
    0x080027e4   0x080027e4   0x000000b0   Code   RO          472    i.HAL_UART_MspInit  stm32f4xx_hal_msp.o
    0x08002894   0x08002894   0x0000001c   Code   RO         3273    i.HAL_UART_Receive_DMA  stm32f4xx_hal_uart.o
    0x080028b0   0x080028b0   0x00000002   Code   RO         3275    i.HAL_UART_RxCpltCallback  stm32f4xx_hal_uart.o
    0x080028b2   0x080028b2   0x00000002   Code   RO         3276    i.HAL_UART_RxHalfCpltCallback  stm32f4xx_hal_uart.o
    0x080028b4   0x080028b4   0x000000a0   Code   RO         3277    i.HAL_UART_Transmit  stm32f4xx_hal_uart.o
    0x08002954   0x08002954   0x00000002   Code   RO         3280    i.HAL_UART_TxCpltCallback  stm32f4xx_hal_uart.o
    0x08002956   0x08002956   0x00000002   Code   RO          380    i.HardFault_Handler  stm32f4xx_it.o
    0x08002958   0x08002958   0x0000000c   Code   RO          381    i.I2C1_ER_IRQHandler  stm32f4xx_it.o
    0x08002964   0x08002964   0x0000000c   Code   RO          382    i.I2C1_EV_IRQHandler  stm32f4xx_it.o
    0x08002970   0x08002970   0x000000bc   Code   RO         2821    i.I2C_DMAAbort      stm32f4xx_hal_i2c.o
    0x08002a2c   0x08002a2c   0x00000010   Code   RO         2824    i.I2C_Flush_DR      stm32f4xx_hal_i2c.o
    0x08002a3c   0x08002a3c   0x00000158   Code   RO         2825    i.I2C_ITError       stm32f4xx_hal_i2c.o
    0x08002b94   0x08002b94   0x000000da   Code   RO         2827    i.I2C_MasterReceive_BTF  stm32f4xx_hal_i2c.o
    0x08002c6e   0x08002c6e   0x00000002   PAD
    0x08002c70   0x08002c70   0x000000f4   Code   RO         2828    i.I2C_MasterReceive_RXNE  stm32f4xx_hal_i2c.o
    0x08002d64   0x08002d64   0x00000082   Code   RO         2831    i.I2C_MasterTransmit_BTF  stm32f4xx_hal_i2c.o
    0x08002de6   0x08002de6   0x00000002   PAD
    0x08002de8   0x08002de8   0x000000b6   Code   RO         2832    i.I2C_MasterTransmit_TXE  stm32f4xx_hal_i2c.o
    0x08002e9e   0x08002e9e   0x00000002   PAD
    0x08002ea0   0x08002ea0   0x00000118   Code   RO         2833    i.I2C_Master_ADDR   stm32f4xx_hal_i2c.o
    0x08002fb8   0x08002fb8   0x0000008c   Code   RO         2834    i.I2C_Master_SB     stm32f4xx_hal_i2c.o
    0x08003044   0x08003044   0x000000a8   Code   RO         2835    i.I2C_MemoryTransmit_TXE_BTF  stm32f4xx_hal_i2c.o
    0x080030ec   0x080030ec   0x00000046   Code   RO         2838    i.I2C_Slave_ADDR    stm32f4xx_hal_i2c.o
    0x08003132   0x08003132   0x00000002   PAD
    0x08003134   0x08003134   0x00000090   Code   RO         2839    i.I2C_Slave_AF      stm32f4xx_hal_i2c.o
    0x080031c4   0x080031c4   0x0000015c   Code   RO         2840    i.I2C_Slave_STOPF   stm32f4xx_hal_i2c.o
    0x08003320   0x08003320   0x00000040   Code   RO         5450    i.LeftDianji        han_shu.o
    0x08003360   0x08003360   0x000004b4   Code   RO         5451    i.MPU6050_ReadFiltered  han_shu.o
    0x08003814   0x08003814   0x000000c8   Code   RO           15    i.MX_GPIO_Init      main.o
    0x080038dc   0x080038dc   0x000000c8   Code   RO           16    i.MX_TIM3_Init      main.o
    0x080039a4   0x080039a4   0x00000002   Code   RO          383    i.MemManage_Handler  stm32f4xx_it.o
    0x080039a6   0x080039a6   0x00000002   Code   RO          384    i.NMI_Handler       stm32f4xx_it.o
    0x080039a8   0x080039a8   0x00000044   Code   RO         5452    i.RightDianji       han_shu.o
    0x080039ec   0x080039ec   0x00000068   Code   RO           17    i.StartChaoshenbo   main.o
    0x08003a54   0x08003a54   0x000000d8   Code   RO           18    i.StartHuidu        main.o
    0x08003b2c   0x08003b2c   0x00000040   Code   RO           19    i.StartJieshou      main.o
    0x08003b6c   0x08003b6c   0x00000070   Code   RO           20    i.StartLanyatouchuan  main.o
    0x08003bdc   0x08003bdc   0x00000050   Code   RO           21    i.StartQiehuan      main.o
    0x08003c2c   0x08003c2c   0x000000a8   Code   RO           22    i.StartTuoluoyi     main.o
    0x08003cd4   0x08003cd4   0x000000c8   Code   RO           23    i.StartYaokong      main.o
    0x08003d9c   0x08003d9c   0x00000054   Code   RO           24    i.StartYundong      main.o
    0x08003df0   0x08003df0   0x0000001a   Code   RO         4750    i.SysTick_Handler   cmsis_os2.o
    0x08003e0a   0x08003e0a   0x00000002   PAD
    0x08003e0c   0x08003e0c   0x00000090   Code   RO           25    i.SystemClock_Config  main.o
    0x08003e9c   0x08003e9c   0x00000010   Code   RO         3603    i.SystemInit        system_stm32f4xx.o
    0x08003eac   0x08003eac   0x00000018   Code   RO         5453    i.TIM11_Delay_us    han_shu.o
    0x08003ec4   0x08003ec4   0x0000000c   Code   RO          385    i.TIM1_UP_TIM10_IRQHandler  stm32f4xx_it.o
    0x08003ed0   0x08003ed0   0x000000a0   Code   RO          666    i.TIM_Base_SetConfig  stm32f4xx_hal_tim.o
    0x08003f70   0x08003f70   0x0000001a   Code   RO          667    i.TIM_CCxChannelCmd  stm32f4xx_hal_tim.o
    0x08003f8a   0x08003f8a   0x00000014   Code   RO          677    i.TIM_ETR_SetConfig  stm32f4xx_hal_tim.o
    0x08003f9e   0x08003f9e   0x00000010   Code   RO          678    i.TIM_ITRx_SetConfig  stm32f4xx_hal_tim.o
    0x08003fae   0x08003fae   0x00000002   PAD
    0x08003fb0   0x08003fb0   0x00000050   Code   RO          679    i.TIM_OC1_SetConfig  stm32f4xx_hal_tim.o
    0x08004000   0x08004000   0x00000058   Code   RO          680    i.TIM_OC2_SetConfig  stm32f4xx_hal_tim.o
    0x08004058   0x08004058   0x00000058   Code   RO          681    i.TIM_OC3_SetConfig  stm32f4xx_hal_tim.o
    0x080040b0   0x080040b0   0x00000044   Code   RO          682    i.TIM_OC4_SetConfig  stm32f4xx_hal_tim.o
    0x080040f4   0x080040f4   0x00000022   Code   RO          684    i.TIM_TI1_ConfigInputStage  stm32f4xx_hal_tim.o
    0x08004116   0x08004116   0x00000024   Code   RO          686    i.TIM_TI2_ConfigInputStage  stm32f4xx_hal_tim.o
    0x0800413a   0x0800413a   0x0000000e   Code   RO         3282    i.UART_DMAAbortOnError  stm32f4xx_hal_uart.o
    0x08004148   0x08004148   0x0000004a   Code   RO         3283    i.UART_DMAError     stm32f4xx_hal_uart.o
    0x08004192   0x08004192   0x00000086   Code   RO         3284    i.UART_DMAReceiveCplt  stm32f4xx_hal_uart.o
    0x08004218   0x08004218   0x0000001e   Code   RO         3286    i.UART_DMARxHalfCplt  stm32f4xx_hal_uart.o
    0x08004236   0x08004236   0x0000004e   Code   RO         3292    i.UART_EndRxTransfer  stm32f4xx_hal_uart.o
    0x08004284   0x08004284   0x0000001c   Code   RO         3293    i.UART_EndTxTransfer  stm32f4xx_hal_uart.o
    0x080042a0   0x080042a0   0x000000c2   Code   RO         3294    i.UART_Receive_IT   stm32f4xx_hal_uart.o
    0x08004362   0x08004362   0x00000002   PAD
    0x08004364   0x08004364   0x0000010c   Code   RO         3295    i.UART_SetConfig    stm32f4xx_hal_uart.o
    0x08004470   0x08004470   0x000000a0   Code   RO         3296    i.UART_Start_Receive_DMA  stm32f4xx_hal_uart.o
    0x08004510   0x08004510   0x00000072   Code   RO         3298    i.UART_WaitOnFlagUntilTimeout  stm32f4xx_hal_uart.o
    0x08004582   0x08004582   0x00000002   PAD
    0x08004584   0x08004584   0x0000003c   Code   RO          386    i.USART1_IRQHandler  stm32f4xx_it.o
    0x080045c0   0x080045c0   0x00000002   Code   RO          387    i.UsageFault_Handler  stm32f4xx_it.o
    0x080045c2   0x080045c2   0x00000002   PAD
    0x080045c4   0x080045c4   0x00000150   Code   RO         5454    i.Xuanzhuan         han_shu.o
    0x08004714   0x08004714   0x000000ec   Code   RO         5455    i.Zhizou            han_shu.o
    0x08004800   0x08004800   0x00000020   Code   RO         5780    i.__0printf$8       mc_w.l(printf8.o)
    0x08004820   0x08004820   0x00000020   Code   RO         2382    i.__NVIC_SetPriority  stm32f4xx_hal_cortex.o
    0x08004840   0x08004840   0x0000000e   Code   RO         5880    i.__scatterload_copy  mc_w.l(handlers.o)
    0x0800484e   0x0800484e   0x00000002   Code   RO         5881    i.__scatterload_null  mc_w.l(handlers.o)
    0x08004850   0x08004850   0x0000000e   Code   RO         5882    i.__scatterload_zeroinit  mc_w.l(handlers.o)
    0x0800485e   0x0800485e   0x00000002   PAD
    0x08004860   0x08004860   0x00000410   Code   RO         5787    i._printf_core      mc_w.l(printf8.o)
    0x08004c70   0x08004c70   0x00000024   Code   RO         5788    i._printf_post_padding  mc_w.l(printf8.o)
    0x08004c94   0x08004c94   0x0000002e   Code   RO         5789    i._printf_pre_padding  mc_w.l(printf8.o)
    0x08004cc2   0x08004cc2   0x00000002   PAD
    0x08004cc4   0x08004cc4   0x000000b4   Code   RO         5456    i.chaoshenboceju    han_shu.o
    0x08004d78   0x08004d78   0x0000000c   Code   RO           26    i.cmd_1             main.o
    0x08004d84   0x08004d84   0x00000008   Code   RO           27    i.cmd_10            main.o
    0x08004d8c   0x08004d8c   0x00000008   Code   RO           28    i.cmd_11            main.o
    0x08004d94   0x08004d94   0x0000000c   Code   RO           29    i.cmd_2             main.o
    0x08004da0   0x08004da0   0x00000008   Code   RO           30    i.cmd_3             main.o
    0x08004da8   0x08004da8   0x00000008   Code   RO           31    i.cmd_4             main.o
    0x08004db0   0x08004db0   0x00000008   Code   RO           32    i.cmd_5             main.o
    0x08004db8   0x08004db8   0x00000008   Code   RO           33    i.cmd_6             main.o
    0x08004dc0   0x08004dc0   0x00000008   Code   RO           34    i.cmd_7             main.o
    0x08004dc8   0x08004dc8   0x00000008   Code   RO           35    i.cmd_8             main.o
    0x08004dd0   0x08004dd0   0x00000008   Code   RO           36    i.cmd_9             main.o
    0x08004dd8   0x08004dd8   0x00000018   Code   RO           38    i.fputc             main.o
    0x08004df0   0x08004df0   0x00000090   Code   RO         5457    i.huiduzhi          han_shu.o
    0x08004e80   0x08004e80   0x00000028   Code   RO         5458    i.i2c_wait          han_shu.o
    0x08004ea8   0x08004ea8   0x000002b0   Code   RO           39    i.main              main.o
    0x08005158   0x08005158   0x0000001a   Code   RO         4752    i.osDelay           cmsis_os2.o
    0x08005172   0x08005172   0x00000002   PAD
    0x08005174   0x08005174   0x00000024   Code   RO         4766    i.osKernelInitialize  cmsis_os2.o
    0x08005198   0x08005198   0x00000038   Code   RO         4769    i.osKernelStart     cmsis_os2.o
    0x080051d0   0x080051d0   0x00000064   Code   RO         4781    i.osMessageQueueGet  cmsis_os2.o
    0x08005234   0x08005234   0x00000058   Code   RO         4786    i.osMessageQueueNew  cmsis_os2.o
    0x0800528c   0x0800528c   0x00000068   Code   RO         4787    i.osMessageQueuePut  cmsis_os2.o
    0x080052f4   0x080052f4   0x00000052   Code   RO         4789    i.osMutexAcquire    cmsis_os2.o
    0x08005346   0x08005346   0x00000068   Code   RO         4792    i.osMutexNew        cmsis_os2.o
    0x080053ae   0x080053ae   0x00000042   Code   RO         4793    i.osMutexRelease    cmsis_os2.o
    0x080053f0   0x080053f0   0x0000005c   Code   RO         4794    i.osSemaphoreAcquire  cmsis_os2.o
    0x0800544c   0x0800544c   0x00000098   Code   RO         4797    i.osSemaphoreNew    cmsis_os2.o
    0x080054e4   0x080054e4   0x00000058   Code   RO         4798    i.osSemaphoreRelease  cmsis_os2.o
    0x0800553c   0x0800553c   0x0000008a   Code   RO         4811    i.osThreadNew       cmsis_os2.o
    0x080055c6   0x080055c6   0x00000002   PAD
    0x080055c8   0x080055c8   0x0000005c   Code   RO         4211    i.prvAddCurrentTaskToDelayedList  tasks.o
    0x08005624   0x08005624   0x000000d0   Code   RO         4212    i.prvAddNewTaskToReadyList  tasks.o
    0x080056f4   0x080056f4   0x00000058   Code   RO         4576    i.prvCheckForValidListAndQueue  timers.o
    0x0800574c   0x0800574c   0x00000026   Code   RO         3808    i.prvCopyDataFromQueue  queue.o
    0x08005772   0x08005772   0x0000006c   Code   RO         3809    i.prvCopyDataToQueue  queue.o
    0x080057de   0x080057de   0x00000034   Code   RO         4213    i.prvDeleteTCB      tasks.o
    0x08005812   0x08005812   0x00000002   PAD
    0x08005814   0x08005814   0x00000048   Code   RO         5263    i.prvHeapInit       heap_4.o
    0x0800585c   0x0800585c   0x00000060   Code   RO         4214    i.prvIdleTask       tasks.o
    0x080058bc   0x080058bc   0x00000016   Code   RO         3810    i.prvInitialiseMutex  queue.o
    0x080058d2   0x080058d2   0x00000002   PAD
    0x080058d4   0x080058d4   0x00000022   Code   RO         3811    i.prvInitialiseNewQueue  queue.o
    0x080058f6   0x080058f6   0x00000002   PAD
    0x080058f8   0x080058f8   0x000000b0   Code   RO         4215    i.prvInitialiseNewTask  tasks.o
    0x080059a8   0x080059a8   0x0000004c   Code   RO         5264    i.prvInsertBlockIntoFreeList  heap_4.o
    0x080059f4   0x080059f4   0x00000038   Code   RO         4578    i.prvInsertTimerInActiveList  timers.o
    0x08005a2c   0x08005a2c   0x0000001c   Code   RO         3812    i.prvIsQueueEmpty   queue.o
    0x08005a48   0x08005a48   0x000000fc   Code   RO         4579    i.prvProcessReceivedCommands  timers.o
    0x08005b44   0x08005b44   0x000000c0   Code   RO         4580    i.prvProcessTimerOrBlockTask  timers.o
    0x08005c04   0x08005c04   0x00000020   Code   RO         4217    i.prvResetNextTaskUnblockTime  tasks.o
    0x08005c24   0x08005c24   0x00000028   Code   RO         4581    i.prvSampleTimeNow  timers.o
    0x08005c4c   0x08005c4c   0x0000006c   Code   RO         4582    i.prvSwitchTimerLists  timers.o
    0x08005cb8   0x08005cb8   0x00000028   Code   RO         5319    i.prvTaskExitError  port.o
    0x08005ce0   0x08005ce0   0x00000024   Code   RO         4583    i.prvTimerTask      timers.o
    0x08005d04   0x08005d04   0x0000006a   Code   RO         3813    i.prvUnlockQueue    queue.o
    0x08005d6e   0x08005d6e   0x00000002   PAD
    0x08005d70   0x08005d70   0x000000dc   Code   RO         5265    i.pvPortMalloc      heap_4.o
    0x08005e4c   0x08005e4c   0x00000018   Code   RO         4220    i.pvTaskIncrementMutexHeldCount  tasks.o
    0x08005e64   0x08005e64   0x0000002c   Code   RO         5320    i.pxPortInitialiseStack  port.o
    0x08005e90   0x08005e90   0x00000026   Code   RO         3768    i.uxListRemove      list.o
    0x08005eb6   0x08005eb6   0x00000002   PAD
    0x08005eb8   0x08005eb8   0x00000014   Code   RO         4823    i.vApplicationGetIdleTaskMemory  cmsis_os2.o
    0x08005ecc   0x08005ecc   0x00000018   Code   RO         4824    i.vApplicationGetTimerTaskMemory  cmsis_os2.o
    0x08005ee4   0x08005ee4   0x00000016   Code   RO         3769    i.vListInitialise   list.o
    0x08005efa   0x08005efa   0x00000006   Code   RO         3770    i.vListInitialiseItem  list.o
    0x08005f00   0x08005f00   0x00000030   Code   RO         3771    i.vListInsert       list.o
    0x08005f30   0x08005f30   0x00000018   Code   RO         3772    i.vListInsertEnd    list.o
    0x08005f48   0x08005f48   0x00000040   Code   RO         5322    i.vPortEnterCritical  port.o
    0x08005f88   0x08005f88   0x00000028   Code   RO         5323    i.vPortExitCritical  port.o
    0x08005fb0   0x08005fb0   0x00000064   Code   RO         5266    i.vPortFree         heap_4.o
    0x08006014   0x08006014   0x00000024   Code   RO         5324    i.vPortSetupTimerInterrupt  port.o
    0x08006038   0x08006038   0x00000054   Code   RO         5325    i.vPortValidateInterruptPriority  port.o
    0x0800608c   0x0800608c   0x00000028   Code   RO         3819    i.vQueueAddToRegistry  queue.o
    0x080060b4   0x080060b4   0x0000002e   Code   RO         3820    i.vQueueDelete      queue.o
    0x080060e2   0x080060e2   0x00000002   PAD
    0x080060e4   0x080060e4   0x00000028   Code   RO         3822    i.vQueueUnregisterQueue  queue.o
    0x0800610c   0x0800610c   0x00000044   Code   RO         3823    i.vQueueWaitForMessageRestricted  queue.o
    0x08006150   0x08006150   0x0000004c   Code   RO         4230    i.vTaskDelay        tasks.o
    0x0800619c   0x0800619c   0x00000010   Code   RO         4235    i.vTaskInternalSetTimeOutState  tasks.o
    0x080061ac   0x080061ac   0x0000000c   Code   RO         4236    i.vTaskMissedYield  tasks.o
    0x080061b8   0x080061b8   0x00000030   Code   RO         4238    i.vTaskPlaceOnEventList  tasks.o
    0x080061e8   0x080061e8   0x00000038   Code   RO         4239    i.vTaskPlaceOnEventListRestricted  tasks.o
    0x08006220   0x08006220   0x00000090   Code   RO         4241    i.vTaskPriorityDisinheritAfterTimeout  tasks.o
    0x080062b0   0x080062b0   0x00000088   Code   RO         4247    i.vTaskStartScheduler  tasks.o
    0x08006338   0x08006338   0x00000010   Code   RO         4249    i.vTaskSuspendAll   tasks.o
    0x08006348   0x08006348   0x00000064   Code   RO         4250    i.vTaskSwitchContext  tasks.o
    0x080063ac   0x080063ac   0x000000f4   Code   RO         5326    i.xPortStartScheduler  port.o
    0x080064a0   0x080064a0   0x0000002c   Code   RO         5327    i.xPortSysTickHandler  port.o
    0x080064cc   0x080064cc   0x0000003a   Code   RO         3824    i.xQueueCreateCountingSemaphore  queue.o
    0x08006506   0x08006506   0x00000040   Code   RO         3825    i.xQueueCreateCountingSemaphoreStatic  queue.o
    0x08006546   0x08006546   0x00000016   Code   RO         3826    i.xQueueCreateMutex  queue.o
    0x0800655c   0x0800655c   0x0000001a   Code   RO         3827    i.xQueueCreateMutexStatic  queue.o
    0x08006576   0x08006576   0x00000042   Code   RO         3828    i.xQueueGenericCreate  queue.o
    0x080065b8   0x080065b8   0x00000066   Code   RO         3829    i.xQueueGenericCreateStatic  queue.o
    0x0800661e   0x0800661e   0x00000002   PAD
    0x08006620   0x08006620   0x00000088   Code   RO         3830    i.xQueueGenericReset  queue.o
    0x080066a8   0x080066a8   0x00000160   Code   RO         3831    i.xQueueGenericSend  queue.o
    0x08006808   0x08006808   0x000000be   Code   RO         3832    i.xQueueGenericSendFromISR  queue.o
    0x080068c6   0x080068c6   0x0000009c   Code   RO         3835    i.xQueueGiveFromISR  queue.o
    0x08006962   0x08006962   0x0000003e   Code   RO         3836    i.xQueueGiveMutexRecursive  queue.o
    0x080069a0   0x080069a0   0x00000138   Code   RO         3841    i.xQueueReceive     queue.o
    0x08006ad8   0x08006ad8   0x0000009a   Code   RO         3842    i.xQueueReceiveFromISR  queue.o
    0x08006b72   0x08006b72   0x00000002   PAD
    0x08006b74   0x08006b74   0x00000178   Code   RO         3843    i.xQueueSemaphoreTake  queue.o
    0x08006cec   0x08006cec   0x00000040   Code   RO         3844    i.xQueueTakeMutexRecursive  queue.o
    0x08006d2c   0x08006d2c   0x00000074   Code   RO         4252    i.xTaskCheckForTimeOut  tasks.o
    0x08006da0   0x08006da0   0x0000005a   Code   RO         4253    i.xTaskCreate       tasks.o
    0x08006dfa   0x08006dfa   0x00000056   Code   RO         4254    i.xTaskCreateStatic  tasks.o
    0x08006e50   0x08006e50   0x0000000c   Code   RO         4257    i.xTaskGetCurrentTaskHandle  tasks.o
    0x08006e5c   0x08006e5c   0x0000001c   Code   RO         4258    i.xTaskGetSchedulerState  tasks.o
    0x08006e78   0x08006e78   0x0000000c   Code   RO         4259    i.xTaskGetTickCount  tasks.o
    0x08006e84   0x08006e84   0x000000c8   Code   RO         4261    i.xTaskIncrementTick  tasks.o
    0x08006f4c   0x08006f4c   0x00000080   Code   RO         4264    i.xTaskPriorityDisinherit  tasks.o
    0x08006fcc   0x08006fcc   0x00000078   Code   RO         4265    i.xTaskPriorityInherit  tasks.o
    0x08007044   0x08007044   0x00000070   Code   RO         4266    i.xTaskRemoveFromEventList  tasks.o
    0x080070b4   0x080070b4   0x000000c4   Code   RO         4267    i.xTaskResumeAll    tasks.o
    0x08007178   0x08007178   0x00000060   Code   RO         4592    i.xTimerCreateTimerTask  timers.o
    0x080071d8   0x080071d8   0x00000068   Code   RO         4593    i.xTimerGenericCommand  timers.o
    0x08007240   0x08007240   0x00000034   Code   RO           40    i.xunji             main.o
    0x08007274   0x08007274   0x00000080   Code   RO         5459    i.zonghuiduzhi      han_shu.o
    0x080072f4   0x080072f4   0x00000260   Data   RO           43    .constdata          main.o
    0x08007554   0x08007554   0x00000008   Data   RO         2072    .constdata          stm32f4xx_hal_dma.o
    0x0800755c   0x0800755c   0x00000010   Data   RO         3604    .constdata          system_stm32f4xx.o
    0x0800756c   0x0800756c   0x00000008   Data   RO         3605    .constdata          system_stm32f4xx.o
    0x08007574   0x08007574   0x00000180   Data   RO           44    .conststring        main.o
    0x080076f4   0x080076f4   0x00000020   Data   RO         5878    Region$$Table       anon$$obj.o


    Execution Region RW_IRAM1 (Exec base: 0x20000000, Load base: 0x08007714, Size: 0x000062e8, Max: 0x00020000, ABSOLUTE, COMPRESSED[0x00000070])

    Exec Addr    Load Addr    Size         Type   Attr      Idx    E Section Name        Object

    0x20000000   COMPRESSED   0x0000010c   Data   RW           45    .data               main.o
    0x2000010c   COMPRESSED   0x0000000c   Data   RW         2541    .data               stm32f4xx_hal.o
    0x20000118   COMPRESSED   0x00000004   Data   RW         3606    .data               system_stm32f4xx.o
    0x2000011c   COMPRESSED   0x0000003c   Data   RW         4270    .data               tasks.o
    0x20000158   COMPRESSED   0x00000014   Data   RW         4601    .data               timers.o
    0x2000016c   COMPRESSED   0x00000004   Data   RW         4826    .data               cmsis_os2.o
    0x20000170   COMPRESSED   0x00000020   Data   RW         5272    .data               heap_4.o
    0x20000190   COMPRESSED   0x0000000c   Data   RW         5328    .data               port.o
    0x2000019c   COMPRESSED   0x00000018   Data   RW         5461    .data               han_shu.o
    0x200001b4   COMPRESSED   0x00000004   Data   RW         5854    .data               mc_w.l(stdout.o)
    0x200001b8        -       0x00000140   Zero   RW           41    .bss                main.o
    0x200002f8        -       0x00000060   Zero   RW           42    .bss                main.o
    0x20000358        -       0x00000048   Zero   RW          535    .bss                stm32f4xx_hal_timebase_tim.o
    0x200003a0        -       0x00000040   Zero   RW         3845    .bss                queue.o
    0x200003e0        -       0x000004c4   Zero   RW         4269    .bss                tasks.o
    0x200008a4        -       0x00000118   Zero   RW         4600    .bss                timers.o
    0x200009bc        -       0x000006b8   Zero   RW         4825    .bss                cmsis_os2.o
    0x20001074        -       0x00004df8   Zero   RW         5271    .bss                heap_4.o
    0x20005e6c        -       0x00000078   Zero   RW         5460    .bss                han_shu.o
    0x20005ee4   COMPRESSED   0x00000004   PAD
    0x20005ee8        -       0x00000400   Zero   RW            1    STACK               startup_stm32f411xe.o


==============================================================================

Image component sizes


      Code (inc. data)   RO Data    RW Data    ZI Data      Debug   Object Name

      1202         40          0          4       1720      75013   cmsis_os2.o
         0          0          0          0          0      19600   event_groups.o
      2854        568          0         24        120      14403   han_shu.o
       468         22          0         32      19960       5047   heap_4.o
       138          0          0          0          0       3726   list.o
      2456        334        992        268        416     460567   main.o
       786         82          0         12          0      11873   port.o
      2670         28          0          0         64      31112   queue.o
        36          8        408          0       1024        868   startup_stm32f411xe.o
       116         18          0         12          0       8794   stm32f4xx_hal.o
       192         14          0          0          0      33908   stm32f4xx_hal_cortex.o
      1090         16          8          0          0       8245   stm32f4xx_hal_dma.o
       800         62          0          0          0       3905   stm32f4xx_hal_gpio.o
      4102         74          0          0          0      25719   stm32f4xx_hal_i2c.o
       628         78          0          0          0       4649   stm32f4xx_hal_msp.o
      1412         86          0          0          0       6133   stm32f4xx_hal_rcc.o
      1918        112          0          0          0      18291   stm32f4xx_hal_tim.o
       128         20          0          0          0       2609   stm32f4xx_hal_tim_ex.o
       140         22          0          0         72       1516   stm32f4xx_hal_timebase_tim.o
      2144         28          0          0          0      16769   stm32f4xx_hal_uart.o
       120         38          0          0          0       6132   stm32f4xx_it.o
         0          0          0          0          0        388   stream_buffer.o
        16          4         24          4          0       1223   system_stm32f4xx.o
      2384        198          0         60       1220      30973   tasks.o
       972         80          0         20        280      32655   timers.o

    ----------------------------------------------------------------------
     26822       1932       1464        436      24880     824118   Object Totals
         0          0         32          0          0          0   (incl. Generated)
        50          0          0          0          4          0   (incl. Padding)

    ----------------------------------------------------------------------

      Code (inc. data)   RO Data    RW Data    ZI Data      Debug   Library Member Name

        86          0          0          0          0          0   __dczerorl2.o
         0          0          0          0          0          0   entry.o
         0          0          0          0          0          0   entry10a.o
         0          0          0          0          0          0   entry11a.o
         8          4          0          0          0          0   entry2.o
         4          0          0          0          0          0   entry5.o
         0          0          0          0          0          0   entry7b.o
         0          0          0          0          0          0   entry8b.o
         8          4          0          0          0          0   entry9a.o
        30          0          0          0          0          0   handlers.o
        36          8          0          0          0         68   init.o
         0          0          0          0          0          0   iusefp.o
        30          0          0          0          0         68   llshl.o
        32          0          0          0          0         68   llushr.o
        36          0          0          0          0         68   memcpya.o
        36          0          0          0          0        108   memseta.o
      1154         54          0          0          0        352   printf8.o
         0          0          0          4          0          0   stdout.o
        28          0          0          0          0         76   strcmp.o
        98          0          0          0          0         92   uldiv.o
        56          0          0          0          0         88   d2f.o
       186          0          0          0          0        176   depilogue.o
        26          0          0          0          0         76   dfltui.o
       228          0          0          0          0         96   dmul.o
       110          0          0          0          0        168   fepilogue.o

    ----------------------------------------------------------------------
      2198         70          0          4          0       1504   Library Totals
         6          0          0          0          0          0   (incl. Padding)

    ----------------------------------------------------------------------

      Code (inc. data)   RO Data    RW Data    ZI Data      Debug   Library Name

      1586         70          0          4          0        900   mc_w.l
       606          0          0          0          0        604   mf_w.l

    ----------------------------------------------------------------------
      2198         70          0          4          0       1504   Library Totals

    ----------------------------------------------------------------------

==============================================================================


      Code (inc. data)   RO Data    RW Data    ZI Data      Debug   

     29020       2002       1464        440      24880     800378   Grand Totals
     29020       2002       1464        112      24880     800378   ELF Image Totals (compressed)
     29020       2002       1464        112          0          0   ROM Totals

==============================================================================

    Total RO  Size (Code + RO Data)                30484 (  29.77kB)
    Total RW  Size (RW Data + ZI Data)             25320 (  24.73kB)
    Total ROM Size (Code + RO Data + RW Data)      30596 (  29.88kB)

==============================================================================

