Component: ARM Compiler 5.06 update 6 (build 750) Tool: armlink [4d35ed]

==============================================================================

Section Cross References

    startup_stm32f411xe.o(RESET) refers to startup_stm32f411xe.o(STACK) for __initial_sp
    startup_stm32f411xe.o(RESET) refers to startup_stm32f411xe.o(.text) for Reset_Handler
    startup_stm32f411xe.o(RESET) refers to stm32f4xx_it.o(i.NMI_Handler) for NMI_Handler
    startup_stm32f411xe.o(RESET) refers to stm32f4xx_it.o(i.HardFault_Handler) for HardFault_Handler
    startup_stm32f411xe.o(RESET) refers to stm32f4xx_it.o(i.MemManage_Handler) for MemManage_Handler
    startup_stm32f411xe.o(RESET) refers to stm32f4xx_it.o(i.BusFault_Handler) for BusFault_Handler
    startup_stm32f411xe.o(RESET) refers to stm32f4xx_it.o(i.UsageFault_Handler) for UsageFault_Handler
    startup_stm32f411xe.o(RESET) refers to port.o(.emb_text) for SVC_Handler
    startup_stm32f411xe.o(RESET) refers to stm32f4xx_it.o(i.DebugMon_Handler) for DebugMon_Handler
    startup_stm32f411xe.o(RESET) refers to cmsis_os2.o(i.SysTick_Handler) for SysTick_Handler
    startup_stm32f411xe.o(RESET) refers to stm32f4xx_it.o(i.TIM1_UP_TIM10_IRQHandler) for TIM1_UP_TIM10_IRQHandler
    startup_stm32f411xe.o(RESET) refers to stm32f4xx_it.o(i.I2C1_EV_IRQHandler) for I2C1_EV_IRQHandler
    startup_stm32f411xe.o(RESET) refers to stm32f4xx_it.o(i.I2C1_ER_IRQHandler) for I2C1_ER_IRQHandler
    startup_stm32f411xe.o(RESET) refers to stm32f4xx_it.o(i.USART1_IRQHandler) for USART1_IRQHandler
    startup_stm32f411xe.o(RESET) refers to stm32f4xx_it.o(i.DMA2_Stream2_IRQHandler) for DMA2_Stream2_IRQHandler
    startup_stm32f411xe.o(RESET) refers to stm32f4xx_it.o(i.DMA2_Stream7_IRQHandler) for DMA2_Stream7_IRQHandler
    startup_stm32f411xe.o(.text) refers to system_stm32f4xx.o(i.SystemInit) for SystemInit
    startup_stm32f411xe.o(.text) refers to entry.o(.ARM.Collect$$$$00000000) for __main
    main.o(i.HAL_TIM_PeriodElapsedCallback) refers to stm32f4xx_hal.o(i.HAL_IncTick) for HAL_IncTick
    main.o(i.HAL_UART_TxCpltCallback) refers to main.o(.data) for .data
    main.o(i.MX_GPIO_Init) refers to memseta.o(.text) for __aeabi_memclr4
    main.o(i.MX_GPIO_Init) refers to stm32f4xx_hal_gpio.o(i.HAL_GPIO_WritePin) for HAL_GPIO_WritePin
    main.o(i.MX_GPIO_Init) refers to stm32f4xx_hal_gpio.o(i.HAL_GPIO_Init) for HAL_GPIO_Init
    main.o(i.MX_TIM3_Init) refers to memseta.o(.text) for __aeabi_memclr4
    main.o(i.MX_TIM3_Init) refers to stm32f4xx_hal_tim.o(i.HAL_TIM_Base_Init) for HAL_TIM_Base_Init
    main.o(i.MX_TIM3_Init) refers to stm32f4xx_hal_tim.o(i.HAL_TIM_ConfigClockSource) for HAL_TIM_ConfigClockSource
    main.o(i.MX_TIM3_Init) refers to stm32f4xx_hal_tim.o(i.HAL_TIM_PWM_Init) for HAL_TIM_PWM_Init
    main.o(i.MX_TIM3_Init) refers to stm32f4xx_hal_tim_ex.o(i.HAL_TIMEx_MasterConfigSynchronization) for HAL_TIMEx_MasterConfigSynchronization
    main.o(i.MX_TIM3_Init) refers to stm32f4xx_hal_tim.o(i.HAL_TIM_PWM_ConfigChannel) for HAL_TIM_PWM_ConfigChannel
    main.o(i.MX_TIM3_Init) refers to stm32f4xx_hal_msp.o(i.HAL_TIM_MspPostInit) for HAL_TIM_MspPostInit
    main.o(i.MX_TIM3_Init) refers to main.o(.bss) for .bss
    main.o(i.StartChaoshenbo) refers to han_shu.o(i.chaoshenboceju) for chaoshenboceju
    main.o(i.StartChaoshenbo) refers to main.o(i.debug_printf) for debug_printf
    main.o(i.StartChaoshenbo) refers to cmsis_os2.o(i.osDelay) for osDelay
    main.o(i.StartChaoshenbo) refers to cmsis_os2.o(i.osSemaphoreRelease) for osSemaphoreRelease
    main.o(i.StartChaoshenbo) refers to main.o(.data) for .data
    main.o(i.StartHuidu) refers to han_shu.o(i.zonghuiduzhi) for zonghuiduzhi
    main.o(i.StartHuidu) refers to cmsis_os2.o(i.osMessageQueuePut) for osMessageQueuePut
    main.o(i.StartHuidu) refers to han_shu.o(i.huiduzhi) for huiduzhi
    main.o(i.StartHuidu) refers to cmsis_os2.o(i.osDelay) for osDelay
    main.o(i.StartHuidu) refers to main.o(.data) for .data
    main.o(i.StartJieshou) refers to cmsis_os2.o(i.osMutexAcquire) for osMutexAcquire
    main.o(i.StartJieshou) refers to memseta.o(.text) for __aeabi_memclr4
    main.o(i.StartJieshou) refers to stm32f4xx_hal_uart.o(i.HAL_UART_Receive_DMA) for HAL_UART_Receive_DMA
    main.o(i.StartJieshou) refers to cmsis_os2.o(i.osMutexRelease) for osMutexRelease
    main.o(i.StartJieshou) refers to cmsis_os2.o(i.osDelay) for osDelay
    main.o(i.StartJieshou) refers to main.o(.data) for .data
    main.o(i.StartJieshou) refers to main.o(.bss) for .bss
    main.o(i.StartLanyatouchuan) refers to main.o(i.debug_printf) for debug_printf
    main.o(i.StartLanyatouchuan) refers to cmsis_os2.o(i.osDelay) for osDelay
    main.o(i.StartLanyatouchuan) refers to main.o(.data) for .data
    main.o(i.StartLanyatouchuan) refers to main.o(.conststring) for .conststring
    main.o(i.StartQiehuan) refers to cmsis_os2.o(i.osMutexAcquire) for osMutexAcquire
    main.o(i.StartQiehuan) refers to strcmp.o(.text) for strcmp
[...]
    i.xTaskIncrementTick                     0x08007634   Section        0  tasks.o(i.xTaskIncrementTick)
    i.xTaskPriorityDisinherit                0x080076fc   Section        0  tasks.o(i.xTaskPriorityDisinherit)
    i.xTaskPriorityInherit                   0x0800777c   Section        0  tasks.o(i.xTaskPriorityInherit)
    i.xTaskRemoveFromEventList               0x080077f4   Section        0  tasks.o(i.xTaskRemoveFromEventList)
    i.xTaskResumeAll                         0x08007864   Section        0  tasks.o(i.xTaskResumeAll)
    i.xTimerCreateTimerTask                  0x08007928   Section        0  timers.o(i.xTimerCreateTimerTask)
    i.xTimerGenericCommand                   0x08007988   Section        0  timers.o(i.xTimerGenericCommand)
    i.xunji                                  0x080079f0   Section        0  main.o(i.xunji)
    i.zonghuiduzhi                           0x08007a24   Section        0  han_shu.o(i.zonghuiduzhi)
    .constdata                               0x08007aa4   Section      608  main.o(.constdata)
    .constdata                               0x08007d04   Section        8  stm32f4xx_hal_dma.o(.constdata)
    flagBitshiftOffset                       0x08007d04   Data           8  stm32f4xx_hal_dma.o(.constdata)
    .constdata                               0x08007d0c   Section       16  system_stm32f4xx.o(.constdata)
    .constdata                               0x08007d1c   Section        8  system_stm32f4xx.o(.constdata)
    .conststring                             0x08007d24   Section      384  main.o(.conststring)
    .data                                    0x20000000   Section      272  main.o(.data)
    debug_tx_busy                            0x20000000   Data           1  main.o(.data)
    .data                                    0x20000110   Section       12  stm32f4xx_hal.o(.data)
    .data                                    0x2000011c   Section        4  system_stm32f4xx.o(.data)
    .data                                    0x20000120   Section       60  tasks.o(.data)
    uxDeletedTasksWaitingCleanUp             0x20000124   Data           4  tasks.o(.data)
    uxCurrentNumberOfTasks                   0x20000128   Data           4  tasks.o(.data)
    xTickCount                               0x2000012c   Data           4  tasks.o(.data)
    uxTopReadyPriority                       0x20000130   Data           4  tasks.o(.data)
    xSchedulerRunning                        0x20000134   Data           4  tasks.o(.data)
    xPendedTicks                             0x20000138   Data           4  tasks.o(.data)
    xYieldPending                            0x2000013c   Data           4  tasks.o(.data)
    xNumOfOverflows                          0x20000140   Data           4  tasks.o(.data)
    uxTaskNumber                             0x20000144   Data           4  tasks.o(.data)
    xNextTaskUnblockTime                     0x20000148   Data           4  tasks.o(.data)
    xIdleTaskHandle                          0x2000014c   Data           4  tasks.o(.data)
    uxSchedulerSuspended                     0x20000150   Data           4  tasks.o(.data)
    pxDelayedTaskList                        0x20000154   Data           4  tasks.o(.data)
    pxOverflowDelayedTaskList                0x20000158   Data           4  tasks.o(.data)
    .data                                    0x2000015c   Section       20  timers.o(.data)
    xTimerQueue                              0x2000015c   Data           4  timers.o(.data)
    xTimerTaskHandle                         0x20000160   Data           4  timers.o(.data)
    xLastTime                                0x20000164   Data           4  timers.o(.data)
    pxCurrentTimerList                       0x20000168   Data           4  timers.o(.data)
    pxOverflowTimerList                      0x2000016c   Data           4  timers.o(.data)
    .data                                    0x20000170   Section        4  cmsis_os2.o(.data)
    KernelState                              0x20000170   Data           4  cmsis_os2.o(.data)
    .data                                    0x20000174   Section       32  heap_4.o(.data)
    pxEnd                                    0x20000174   Data           4  heap_4.o(.data)
    xFreeBytesRemaining                      0x20000178   Data           4  heap_4.o(.data)
    xMinimumEverFreeBytesRemaining           0x2000017c   Data           4  heap_4.o(.data)
    xNumberOfSuccessfulAllocations           0x20000180   Data           4  heap_4.o(.data)
    xNumberOfSuccessfulFrees                 0x20000184   Data           4  heap_4.o(.data)
    xBlockAllocatedBit                       0x20000188   Data           4  heap_4.o(.data)
    xStart                                   0x2000018c   Data           8  heap_4.o(.data)
    .data                                    0x20000194   Section       12  port.o(.data)
    ucMaxSysCallPriority                     0x20000194   Data           1  port.o(.data)
    uxCriticalNesting                        0x20000198   Data           4  port.o(.data)
    ulMaxPRIGROUPValue                       0x2000019c   Data           4  port.o(.data)
    .data                                    0x200001a0   Section       24  han_shu.o(.data)
    initialized                              0x200001a0   Data           1  han_shu.o(.data)
    buffer_idx                               0x200001a1   Data           1  han_shu.o(.data)
    bias_count                               0x200001a2   Data           2  han_shu.o(.data)
    i2c_sem                                  0x200001a4   Data           4  han_shu.o(.data)
    angle_z                                  0x200001a8   Data           4  han_shu.o(.data)
    last_time                                0x200001ac   Data           4  han_shu.o(.data)
    gyro_z_bias                              0x200001b0   Data           4  han_shu.o(.data)
    bias_sum                                 0x200001b4   Data           4  han_shu.o(.data)
    .bss                                     0x200001b8   Section      704  main.o(.bss)
    debug_tx_buf                             0x200002e4   Data         384  main.o(.bss)
    .bss                                     0x20000478   Section       96  main.o(.bss)
    .bss                                     0x200004d8   Section       96  main.o(.bss)
    .bss                                     0x20000538   Section       72  stm32f4xx_hal_timebase_tim.o(.bss)
    .bss                                     0x20000580   Section       64  queue.o(.bss)
    .bss                                     0x200005c0   Section     1220  tasks.o(.bss)
    pxReadyTasksLists                        0x200005c0   Data        1120  tasks.o(.bss)
    xDelayedTaskList1                        0x20000a20   Data          20  tasks.o(.bss)
    xDelayedTaskList2                        0x20000a34   Data          20  tasks.o(.bss)
    xPendingReadyList                        0x20000a48   Data          20  tasks.o(.bss)
    xTasksWaitingTermination                 0x20000a5c   Data          20  tasks.o(.bss)
    xSuspendedTaskList                       0x20000a70   Data          20  tasks.o(.bss)
    .bss                                     0x20000a84   Section      280  timers.o(.bss)
    xStaticTimerQueue                        0x20000a84   Data          80  timers.o(.bss)
    ucStaticTimerQueueStorage                0x20000ad4   Data         160  timers.o(.bss)
    xActiveTimerList1                        0x20000b74   Data          20  timers.o(.bss)
    xActiveTimerList2                        0x20000b88   Data          20  timers.o(.bss)
    .bss                                     0x20000b9c   Section     1720  cmsis_os2.o(.bss)
    Idle_TCB                                 0x20000b9c   Data          92  cmsis_os2.o(.bss)
    Idle_Stack                               0x20000bf8   Data         512  cmsis_os2.o(.bss)
    Timer_TCB                                0x20000df8   Data          92  cmsis_os2.o(.bss)
    Timer_Stack                              0x20000e54   Data        1024  cmsis_os2.o(.bss)
    .bss                                     0x20001254   Section    19960  heap_4.o(.bss)
    ucHeap                                   0x20001254   Data       19960  heap_4.o(.bss)
    .bss                                     0x2000604c   Section      120  han_shu.o(.bss)
    accel_buffer                             0x2000604c   Data          60  han_shu.o(.bss)
    gyro_buffer                              0x20006088   Data          60  han_shu.o(.bss)
    STACK                                    0x200060c8   Section     1024  startup_stm32f411xe.o(STACK)

    Global Symbols

    Symbol Name                              Value     Ov Type        Size  Object(Section)

    BuildAttributes$$THM_ISAv4$E$P$D$K$B$S$7EM$VFPi3$EXTD16$VFPS$VFMA$PE$A:L22UL41UL21$X:L11$S22US41US21$IEEE1$IW$USESV6$~STKCKD$USESV7$~SHL$OTIME$ROPI$EBA8$MICROLIB$REQ8$PRES8$EABIv2 0x00000000   Number         0  anon$$obj.o ABSOLUTE
    __ARM_use_no_argv                        0x00000000   Number         0  main.o ABSOLUTE
    __cpp_initialize__aeabi_                  - Undefined Weak Reference
    __cxa_finalize                            - Undefined Weak Reference
    _clock_init                               - Undefined Weak Reference
    _microlib_exit                            - Undefined Weak Reference
    __Vectors_Size                           0x00000198   Number         0  startup_stm32f411xe.o ABSOLUTE
    __Vectors                                0x08000000   Data           4  startup_stm32f411xe.o(RESET)
    __Vectors_End                            0x08000198   Data           0  startup_stm32f411xe.o(RESET)
    __main                                   0x08000199   Thumb Code     0  entry.o(.ARM.Collect$$$$00000000)
    _main_stk                                0x08000199   Thumb Code     0  entry2.o(.ARM.Collect$$$$00000001)
    _main_scatterload                        0x0800019d   Thumb Code     0  entry5.o(.ARM.Collect$$$$00000004)
    __main_after_scatterload                 0x080001a1   Thumb Code     0  entry5.o(.ARM.Collect$$$$00000004)
    _main_clock                              0x080001a1   Thumb Code     0  entry7b.o(.ARM.Collect$$$$00000008)
    _main_cpp_init                           0x080001a1   Thumb Code     0  entry8b.o(.ARM.Collect$$$$0000000A)
    _main_init                               0x080001a1   Thumb Code     0  entry9a.o(.ARM.Collect$$$$0000000B)
    __rt_final_cpp                           0x080001a9   Thumb Code     0  entry10a.o(.ARM.Collect$$$$0000000D)
    __rt_final_exit                          0x080001a9   Thumb Code     0  entry11a.o(.ARM.Collect$$$$0000000F)
    SVC_Handler                              0x080001ad   Thumb Code    28  port.o(.emb_text)
    __asm___6_port_c_39a90d8d__prvStartFirstTask 0x080001cd   Thumb Code    36  port.o(.emb_text)
    __asm___6_port_c_39a90d8d__prvEnableVFP  0x080001f5   Thumb Code    16  port.o(.emb_text)
    PendSV_Handler                           0x08000209   Thumb Code    88  port.o(.emb_text)
    vPortGetIPSR                             0x08000265   Thumb Code     6  port.o(.emb_text)
    Reset_Handler                            0x0800026d   Thumb Code     8  startup_stm32f411xe.o(.text)
    ADC_IRQHandler                           0x08000287   Thumb Code     0  startup_stm32f411xe.o(.text)
    DMA1_Stream0_IRQHandler                  0x08000287   Thumb Code     0  startup_stm32f411xe.o(.text)
    DMA1_Stream1_IRQHandler                  0x08000287   Thumb Code     0  startup_stm32f411xe.o(.text)
    DMA1_Stream2_IRQHandler                  0x08000287   Thumb Code     0  startup_stm32f411xe.o(.text)
    DMA1_Stream3_IRQHandler                  0x08000287   Thumb Code     0  startup_stm32f411xe.o(.text)
    DMA1_Stream4_IRQHandler                  0x08000287   Thumb Code     0  startup_stm32f411xe.o(.text)
    DMA1_Stream5_IRQHandler                  0x08000287   Thumb Code     0  startup_stm32f411xe.o(.text)
    DMA1_Stream6_IRQHandler                  0x08000287   Thumb Code     0  startup_stm32f411xe.o(.text)
    DMA1_Stream7_IRQHandler                  0x08000287   Thumb Code     0  startup_stm32f411xe.o(.text)
    DMA2_Stream0_IRQHandler                  0x08000287   Thumb Code     0  startup_stm32f411xe.o(.text)
    DMA2_Stream1_IRQHandler                  0x08000287   Thumb Code     0  startup_stm32f411xe.o(.text)
    DMA2_Stream3_IRQHandler                  0x08000287   Thumb Code     0  startup_stm32f411xe.o(.text)
    DMA2_Stream4_IRQHandler                  0x08000287   Thumb Code     0  startup_stm32f411xe.o(.text)
    DMA2_Stream5_IRQHandler                  0x08000287   Thumb Code     0  startup_stm32f411xe.o(.text)
    DMA2_Stream6_IRQHandler                  0x08000287   Thumb Code     0  startup_stm32f411xe.o(.text)
    EXTI0_IRQHandler                         0x08000287   Thumb Code     0  startup_stm32f411xe.o(.text)
    EXTI15_10_IRQHandler                     0x08000287   Thumb Code     0  startup_stm32f411xe.o(.text)
    EXTI1_IRQHandler                         0x08000287   Thumb Code     0  startup_stm32f411xe.o(.text)
    EXTI2_IRQHandler                         0x08000287   Thumb Code     0  startup_stm32f411xe.o(.text)
    EXTI3_IRQHandler                         0x08000287   Thumb Code     0  startup_stm32f411xe.o(.text)
    EXTI4_IRQHandler                         0x08000287   Thumb Code     0  startup_stm32f411xe.o(.text)
    EXTI9_5_IRQHandler                       0x08000287   Thumb Code     0  startup_stm32f411xe.o(.text)
    FLASH_IRQHandler                         0x08000287   Thumb Code     0  startup_stm32f411xe.o(.text)
    FPU_IRQHandler                           0x08000287   Thumb Code     0  startup_stm32f411xe.o(.text)
    I2C2_ER_IRQHandler                       0x08000287   Thumb Code     0  startup_stm32f411xe.o(.text)
    I2C2_EV_IRQHandler                       0x08000287   Thumb Code     0  startup_stm32f411xe.o(.text)
    I2C3_ER_IRQHandler                       0x08000287   Thumb Code     0  startup_stm32f411xe.o(.text)
    I2C3_EV_IRQHandler                       0x08000287   Thumb Code     0  startup_stm32f411xe.o(.text)
    OTG_FS_IRQHandler                        0x08000287   Thumb Code     0  startup_stm32f411xe.o(.text)
    OTG_FS_WKUP_IRQHandler                   0x08000287   Thumb Code     0  startup_stm32f411xe.o(.text)
    PVD_IRQHandler                           0x08000287   Thumb Code     0  startup_stm32f411xe.o(.text)
    RCC_IRQHandler                           0x08000287   Thumb Code     0  startup_stm32f411xe.o(.text)
    RTC_Alarm_IRQHandler                     0x08000287   Thumb Code     0  startup_stm32f411xe.o(.text)
    RTC_WKUP_IRQHandler                      0x08000287   Thumb Code     0  startup_stm32f411xe.o(.text)
    SDIO_IRQHandler                          0x08000287   Thumb Code     0  startup_stm32f411xe.o(.text)
    SPI1_IRQHandler                          0x08000287   Thumb Code     0  startup_stm32f411xe.o(.text)
    SPI2_IRQHandler                          0x08000287   Thumb Code     0  startup_stm32f411xe.o(.text)
    SPI3_IRQHandler                          0x08000287   Thumb Code     0  startup_stm32f411xe.o(.text)
    SPI4_IRQHandler                          0x08000287   Thumb Code     0  startup_stm32f411xe.o(.text)
    SPI5_IRQHandler                          0x08000287   Thumb Code     0  startup_stm32f411xe.o(.text)
    TAMP_STAMP_IRQHandler                    0x08000287   Thumb Code     0  startup_stm32f411xe.o(.text)
    TIM1_BRK_TIM9_IRQHandler                 0x08000287   Thumb Code     0  startup_stm32f411xe.o(.text)
    TIM1_CC_IRQHandler                       0x08000287   Thumb Code     0  startup_stm32f411xe.o(.text)
    TIM1_TRG_COM_TIM11_IRQHandler            0x08000287   Thumb Code     0  startup_stm32f411xe.o(.text)
    TIM2_IRQHandler                          0x08000287   Thumb Code     0  startup_stm32f411xe.o(.text)
    TIM3_IRQHandler                          0x08000287   Thumb Code     0  startup_stm32f411xe.o(.text)
    TIM4_IRQHandler                          0x08000287   Thumb Code     0  startup_stm32f411xe.o(.text)
    TIM5_IRQHandler                          0x08000287   Thumb Code     0  startup_stm32f411xe.o(.text)
    USART2_IRQHandler                        0x08000287   Thumb Code     0  startup_stm32f411xe.o(.text)
    USART6_IRQHandler                        0x08000287   Thumb Code     0  startup_stm32f411xe.o(.text)
    WWDG_IRQHandler                          0x08000287   Thumb Code     0  startup_stm32f411xe.o(.text)
    __aeabi_uldivmod                         0x08000291   Thumb Code    98  uldiv.o(.text)
    __aeabi_memcpy                           0x080002f3   Thumb Code    36  memcpya.o(.text)
    __aeabi_memcpy4                          0x080002f3   Thumb Code     0  memcpya.o(.text)
    __aeabi_memcpy8                          0x080002f3   Thumb Code     0  memcpya.o(.text)
    __aeabi_memset                           0x08000317   Thumb Code    14  memseta.o(.text)
    __aeabi_memset4                          0x08000317   Thumb Code     0  memseta.o(.text)
    __aeabi_memset8                          0x08000317   Thumb Code     0  memseta.o(.text)
    __aeabi_memclr                           0x08000325   Thumb Code     4  memseta.o(.text)
    __aeabi_memclr4                          0x08000325   Thumb Code     0  memseta.o(.text)
    __aeabi_memclr8                          0x08000325   Thumb Code     0  memseta.o(.text)
    memset                                   0x08000329   Thumb Code    18  memseta.o(.text)
    strlen                                   0x0800033b   Thumb Code    14  strlen.o(.text)
    strcmp                                   0x08000349   Thumb Code    28  strcmp.o(.text)
    __aeabi_dmul                             0x08000365   Thumb Code   228  dmul.o(.text)
    __aeabi_ui2d                             0x08000449   Thumb Code    26  dfltui.o(.text)
    __aeabi_d2f                              0x08000463   Thumb Code    56  d2f.o(.text)
    __aeabi_uidiv                            0x0800049b   Thumb Code     0  uidiv.o(.text)
    __aeabi_uidivmod                         0x0800049b   Thumb Code    44  uidiv.o(.text)
    __aeabi_llsl                             0x080004c7   Thumb Code    30  llshl.o(.text)
    _ll_shift_l                              0x080004c7   Thumb Code     0  llshl.o(.text)
    __aeabi_llsr                             0x080004e5   Thumb Code    32  llushr.o(.text)
    _ll_ushift_r                             0x080004e5   Thumb Code     0  llushr.o(.text)
    __I$use$fp                               0x08000505   Thumb Code     0  iusefp.o(.text)
    _float_round                             0x08000505   Thumb Code    18  fepilogue.o(.text)
    _float_epilogue                          0x08000517   Thumb Code    92  fepilogue.o(.text)
    _double_round                            0x08000573   Thumb Code    30  depilogue.o(.text)
    _double_epilogue                         0x08000591   Thumb Code   156  depilogue.o(.text)
    __aeabi_dadd                             0x0800062d   Thumb Code   322  dadd.o(.text)
    __aeabi_dsub                             0x0800076f   Thumb Code     6  dadd.o(.text)
    __aeabi_drsub                            0x08000775   Thumb Code     6  dadd.o(.text)
    __aeabi_ddiv                             0x0800077b   Thumb Code   222  ddiv.o(.text)
    __aeabi_d2ulz                            0x08000859   Thumb Code    48  dfixul.o(.text)
    __aeabi_cdrcmple                         0x08000889   Thumb Code    48  cdrcmple.o(.text)
    __scatterload                            0x080008b9   Thumb Code    28  init.o(.text)
    __scatterload_rt2                        0x080008b9   Thumb Code     0  init.o(.text)
    __aeabi_lasr                             0x080008dd   Thumb Code    36  llsshr.o(.text)
    _ll_sshift_r                             0x080008dd   Thumb Code     0  llsshr.o(.text)
    __decompress                             0x08000901   Thumb Code     0  __dczerorl2.o(.text)
    __decompress1                            0x08000901   Thumb Code    86  __dczerorl2.o(.text)
    BusFault_Handler                         0x08000957   Thumb Code     2  stm32f4xx_it.o(i.BusFault_Handler)
    DMA2_Stream2_IRQHandler                  0x08000959   Thumb Code     6  stm32f4xx_it.o(i.DMA2_Stream2_IRQHandler)
    DMA2_Stream7_IRQHandler                  0x08000965   Thumb Code     6  stm32f4xx_it.o(i.DMA2_Stream7_IRQHandler)
    DebugMon_Handler                         0x08000a15   Thumb Code     2  stm32f4xx_it.o(i.DebugMon_Handler)
    Dianjisudu                               0x08000a17   Thumb Code    18  han_shu.o(i.Dianjisudu)
    Error_Handler                            0x08000a29   Thumb Code     4  main.o(i.Error_Handler)
    Get_Z_RotationAngle                      0x08000a2d   Thumb Code   282  han_shu.o(i.Get_Z_RotationAngle)
    HAL_DMA_Abort                            0x08000b75   Thumb Code   146  stm32f4xx_hal_dma.o(i.HAL_DMA_Abort)
    HAL_DMA_Abort_IT                         0x08000c07   Thumb Code    36  stm32f4xx_hal_dma.o(i.HAL_DMA_Abort_IT)
    HAL_DMA_GetState                         0x08000c2b   Thumb Code     6  stm32f4xx_hal_dma.o(i.HAL_DMA_GetState)
    HAL_DMA_IRQHandler                       0x08000c31   Thumb Code   412  stm32f4xx_hal_dma.o(i.HAL_DMA_IRQHandler)
    HAL_DMA_Init                             0x08000dd1   Thumb Code   206  stm32f4xx_hal_dma.o(i.HAL_DMA_Init)
    HAL_DMA_Start_IT                         0x08000ea5   Thumb Code   110  stm32f4xx_hal_dma.o(i.HAL_DMA_Start_IT)
    HAL_Delay                                0x08000f15   Thumb Code    32  stm32f4xx_hal.o(i.HAL_Delay)
    HAL_GPIO_DeInit                          0x08000f39   Thumb Code   272  stm32f4xx_hal_gpio.o(i.HAL_GPIO_DeInit)
    HAL_GPIO_Init                            0x08001065   Thumb Code   446  stm32f4xx_hal_gpio.o(i.HAL_GPIO_Init)
    HAL_GPIO_ReadPin                         0x08001245   Thumb Code    10  stm32f4xx_hal_gpio.o(i.HAL_GPIO_ReadPin)
    HAL_GPIO_WritePin                        0x0800124f   Thumb Code    10  stm32f4xx_hal_gpio.o(i.HAL_GPIO_WritePin)
    HAL_GetTick                              0x08001259   Thumb Code     6  stm32f4xx_hal.o(i.HAL_GetTick)
    HAL_I2C_AbortCpltCallback                0x08001265   Thumb Code     2  stm32f4xx_hal_i2c.o(i.HAL_I2C_AbortCpltCallback)
    HAL_I2C_AddrCallback                     0x08001267   Thumb Code     2  stm32f4xx_hal_i2c.o(i.HAL_I2C_AddrCallback)
    HAL_I2C_DeInit                           0x08001269   Thumb Code    50  stm32f4xx_hal_i2c.o(i.HAL_I2C_DeInit)
    HAL_I2C_ER_IRQHandler                    0x0800129b   Thumb Code   186  stm32f4xx_hal_i2c.o(i.HAL_I2C_ER_IRQHandler)
    HAL_I2C_EV_IRQHandler                    0x08001355   Thumb Code   560  stm32f4xx_hal_i2c.o(i.HAL_I2C_EV_IRQHandler)
    HAL_I2C_ErrorCallback                    0x08001585   Thumb Code    18  han_shu.o(i.HAL_I2C_ErrorCallback)
    HAL_I2C_Init                             0x080015a1   Thumb Code   376  stm32f4xx_hal_i2c.o(i.HAL_I2C_Init)
    HAL_I2C_ListenCpltCallback               0x08001729   Thumb Code     2  stm32f4xx_hal_i2c.o(i.HAL_I2C_ListenCpltCallback)
    HAL_I2C_MasterRxCpltCallback             0x0800172b   Thumb Code     2  stm32f4xx_hal_i2c.o(i.HAL_I2C_MasterRxCpltCallback)
    HAL_I2C_MasterTxCpltCallback             0x0800172d   Thumb Code     2  stm32f4xx_hal_i2c.o(i.HAL_I2C_MasterTxCpltCallback)
    HAL_I2C_MemRxCpltCallback                0x08001731   Thumb Code    18  han_shu.o(i.HAL_I2C_MemRxCpltCallback)
    HAL_I2C_MemTxCpltCallback                0x0800174d   Thumb Code    18  han_shu.o(i.HAL_I2C_MemTxCpltCallback)
    HAL_I2C_Mem_Read_IT                      0x08001769   Thumb Code   212  stm32f4xx_hal_i2c.o(i.HAL_I2C_Mem_Read_IT)
    HAL_I2C_Mem_Write_IT                     0x08001845   Thumb Code   198  stm32f4xx_hal_i2c.o(i.HAL_I2C_Mem_Write_IT)
    HAL_I2C_MspDeInit                        0x08001915   Thumb Code    56  stm32f4xx_hal_msp.o(i.HAL_I2C_MspDeInit)
    HAL_I2C_MspInit                          0x08001959   Thumb Code   126  stm32f4xx_hal_msp.o(i.HAL_I2C_MspInit)
    HAL_I2C_SlaveRxCpltCallback              0x080019e5   Thumb Code     2  stm32f4xx_hal_i2c.o(i.HAL_I2C_SlaveRxCpltCallback)
    HAL_I2C_SlaveTxCpltCallback              0x080019e7   Thumb Code     2  stm32f4xx_hal_i2c.o(i.HAL_I2C_SlaveTxCpltCallback)
    HAL_IncTick                              0x080019e9   Thumb Code    12  stm32f4xx_hal.o(i.HAL_IncTick)
    HAL_Init                                 0x080019f9   Thumb Code    48  stm32f4xx_hal.o(i.HAL_Init)
    HAL_InitTick                             0x08001a2d   Thumb Code   118  stm32f4xx_hal_timebase_tim.o(i.HAL_InitTick)
    HAL_MspInit                              0x08001ab9   Thumb Code    52  stm32f4xx_hal_msp.o(i.HAL_MspInit)
    HAL_NVIC_DisableIRQ                      0x08001af1   Thumb Code    34  stm32f4xx_hal_cortex.o(i.HAL_NVIC_DisableIRQ)
    HAL_NVIC_EnableIRQ                       0x08001b13   Thumb Code    26  stm32f4xx_hal_cortex.o(i.HAL_NVIC_EnableIRQ)
    HAL_NVIC_SetPriority                     0x08001b2d   Thumb Code    60  stm32f4xx_hal_cortex.o(i.HAL_NVIC_SetPriority)
    HAL_NVIC_SetPriorityGrouping             0x08001b6d   Thumb Code    26  stm32f4xx_hal_cortex.o(i.HAL_NVIC_SetPriorityGrouping)
    HAL_RCC_ClockConfig                      0x08001b91   Thumb Code   288  stm32f4xx_hal_rcc.o(i.HAL_RCC_ClockConfig)
    HAL_RCC_GetClockConfig                   0x08001cc5   Thumb Code    54  stm32f4xx_hal_rcc.o(i.HAL_RCC_GetClockConfig)
    HAL_RCC_GetPCLK1Freq                     0x08001d05   Thumb Code    20  stm32f4xx_hal_rcc.o(i.HAL_RCC_GetPCLK1Freq)
    HAL_RCC_GetPCLK2Freq                     0x08001d25   Thumb Code    20  stm32f4xx_hal_rcc.o(i.HAL_RCC_GetPCLK2Freq)
    HAL_RCC_GetSysClockFreq                  0x08001d45   Thumb Code    88  stm32f4xx_hal_rcc.o(i.HAL_RCC_GetSysClockFreq)
    HAL_RCC_OscConfig                        0x08001da9   Thumb Code   856  stm32f4xx_hal_rcc.o(i.HAL_RCC_OscConfig)
    HAL_TIMEx_BreakCallback                  0x08002115   Thumb Code     2  stm32f4xx_hal_tim_ex.o(i.HAL_TIMEx_BreakCallback)
    HAL_TIMEx_CommutCallback                 0x08002117   Thumb Code     2  stm32f4xx_hal_tim_ex.o(i.HAL_TIMEx_CommutCallback)
    HAL_TIMEx_MasterConfigSynchronization    0x08002119   Thumb Code   104  stm32f4xx_hal_tim_ex.o(i.HAL_TIMEx_MasterConfigSynchronization)
    HAL_TIM_Base_Init                        0x08002195   Thumb Code    90  stm32f4xx_hal_tim.o(i.HAL_TIM_Base_Init)
    HAL_TIM_Base_MspInit                     0x080021f1   Thumb Code    56  stm32f4xx_hal_msp.o(i.HAL_TIM_Base_MspInit)
    HAL_TIM_Base_Start                       0x08002235   Thumb Code    78  stm32f4xx_hal_tim.o(i.HAL_TIM_Base_Start)
    HAL_TIM_Base_Start_IT                    0x08002299   Thumb Code    88  stm32f4xx_hal_tim.o(i.HAL_TIM_Base_Start_IT)
    HAL_TIM_ConfigClockSource                0x08002305   Thumb Code   220  stm32f4xx_hal_tim.o(i.HAL_TIM_ConfigClockSource)
    HAL_TIM_IC_CaptureCallback               0x080023e1   Thumb Code     2  stm32f4xx_hal_tim.o(i.HAL_TIM_IC_CaptureCallback)
    HAL_TIM_IRQHandler                       0x080023e3   Thumb Code   304  stm32f4xx_hal_tim.o(i.HAL_TIM_IRQHandler)
    HAL_TIM_MspPostInit                      0x08002515   Thumb Code   104  stm32f4xx_hal_msp.o(i.HAL_TIM_MspPostInit)
    HAL_TIM_OC_DelayElapsedCallback          0x0800258d   Thumb Code     2  stm32f4xx_hal_tim.o(i.HAL_TIM_OC_DelayElapsedCallback)
    HAL_TIM_PWM_ConfigChannel                0x0800258f   Thumb Code   204  stm32f4xx_hal_tim.o(i.HAL_TIM_PWM_ConfigChannel)
    HAL_TIM_PWM_Init                         0x0800265b   Thumb Code    90  stm32f4xx_hal_tim.o(i.HAL_TIM_PWM_Init)
    HAL_TIM_PWM_MspInit                      0x080026b5   Thumb Code     2  stm32f4xx_hal_tim.o(i.HAL_TIM_PWM_MspInit)
    HAL_TIM_PWM_PulseFinishedCallback        0x080026b7   Thumb Code     2  stm32f4xx_hal_tim.o(i.HAL_TIM_PWM_PulseFinishedCallback)
    HAL_TIM_PWM_Start                        0x080026b9   Thumb Code   156  stm32f4xx_hal_tim.o(i.HAL_TIM_PWM_Start)
    HAL_TIM_PeriodElapsedCallback            0x08002769   Thumb Code    14  main.o(i.HAL_TIM_PeriodElapsedCallback)
    HAL_TIM_TriggerCallback                  0x0800277d   Thumb Code     2  stm32f4xx_hal_tim.o(i.HAL_TIM_TriggerCallback)
    HAL_UARTEx_RxEventCallback               0x0800277f   Thumb Code     2  stm32f4xx_hal_uart.o(i.HAL_UARTEx_RxEventCallback)
    HAL_UART_DMAStop                         0x08002781   Thumb Code   112  stm32f4xx_hal_uart.o(i.HAL_UART_DMAStop)
    HAL_UART_ErrorCallback                   0x080027f1   Thumb Code     2  stm32f4xx_hal_uart.o(i.HAL_UART_ErrorCallback)
    HAL_UART_IRQHandler                      0x080027f5   Thumb Code   636  stm32f4xx_hal_uart.o(i.HAL_UART_IRQHandler)
    HAL_UART_Init                            0x08002a75   Thumb Code   100  stm32f4xx_hal_uart.o(i.HAL_UART_Init)
    HAL_UART_MspInit                         0x08002ad9   Thumb Code   222  stm32f4xx_hal_msp.o(i.HAL_UART_MspInit)
    HAL_UART_Receive_DMA                     0x08002bd1   Thumb Code    28  stm32f4xx_hal_uart.o(i.HAL_UART_Receive_DMA)
    HAL_UART_RxCpltCallback                  0x08002bed   Thumb Code     2  stm32f4xx_hal_uart.o(i.HAL_UART_RxCpltCallback)
    HAL_UART_RxHalfCpltCallback              0x08002bef   Thumb Code     2  stm32f4xx_hal_uart.o(i.HAL_UART_RxHalfCpltCallback)
    HAL_UART_Transmit_DMA                    0x08002bf1   Thumb Code   120  stm32f4xx_hal_uart.o(i.HAL_UART_Transmit_DMA)
    HAL_UART_TxCpltCallback                  0x08002c75   Thumb Code    16  main.o(i.HAL_UART_TxCpltCallback)
    HAL_UART_TxHalfCpltCallback              0x08002c8d   Thumb Code     2  stm32f4xx_hal_uart.o(i.HAL_UART_TxHalfCpltCallback)
    HardFault_Handler                        0x08002c8f   Thumb Code     2  stm32f4xx_it.o(i.HardFault_Handler)
    I2C1_ER_IRQHandler                       0x08002c91   Thumb Code     6  stm32f4xx_it.o(i.I2C1_ER_IRQHandler)
    I2C1_EV_IRQHandler                       0x08002c9d   Thumb Code     6  stm32f4xx_it.o(i.I2C1_EV_IRQHandler)
    LeftDianji                               0x08003659   Thumb Code    58  han_shu.o(i.LeftDianji)
    MPU6050_ReadFiltered                     0x08003699   Thumb Code   850  han_shu.o(i.MPU6050_ReadFiltered)
    MemManage_Handler                        0x08003cdd   Thumb Code     2  stm32f4xx_it.o(i.MemManage_Handler)
    NMI_Handler                              0x08003cdf   Thumb Code     2  stm32f4xx_it.o(i.NMI_Handler)
    RightDianji                              0x08003ce1   Thumb Code    62  han_shu.o(i.RightDianji)
    StartChaoshenbo                          0x08003d25   Thumb Code    74  main.o(i.StartChaoshenbo)
    StartHuidu                               0x08003d8d   Thumb Code   212  main.o(i.StartHuidu)
    StartJieshou                             0x08003e65   Thumb Code    56  main.o(i.StartJieshou)
    StartLanyatouchuan                       0x08003ea5   Thumb Code    84  main.o(i.StartLanyatouchuan)
    StartQiehuan                             0x08003f15   Thumb Code    58  main.o(i.StartQiehuan)
    StartTuoluoyi                            0x08003f65   Thumb Code   162  main.o(i.StartTuoluoyi)
    StartYaokong                             0x0800400d   Thumb Code   138  main.o(i.StartYaokong)
    StartYundong                             0x080040d5   Thumb Code    76  main.o(i.StartYundong)
    SysTick_Handler                          0x08004129   Thumb Code    26  cmsis_os2.o(i.SysTick_Handler)
    SystemClock_Config                       0x08004145   Thumb Code   136  main.o(i.SystemClock_Config)
    SystemInit                               0x080041d5   Thumb Code    12  system_stm32f4xx.o(i.SystemInit)
    TIM11_Delay_us                           0x080041e5   Thumb Code    18  han_shu.o(i.TIM11_Delay_us)
    TIM1_UP_TIM10_IRQHandler                 0x080041fd   Thumb Code     6  stm32f4xx_it.o(i.TIM1_UP_TIM10_IRQHandler)
    TIM_Base_SetConfig                       0x08004209   Thumb Code   130  stm32f4xx_hal_tim.o(i.TIM_Base_SetConfig)
    TIM_CCxChannelCmd                        0x080042a9   Thumb Code    26  stm32f4xx_hal_tim.o(i.TIM_CCxChannelCmd)
    TIM_ETR_SetConfig                        0x080042c3   Thumb Code    20  stm32f4xx_hal_tim.o(i.TIM_ETR_SetConfig)
    TIM_OC2_SetConfig                        0x08004339   Thumb Code    84  stm32f4xx_hal_tim.o(i.TIM_OC2_SetConfig)
    UART_Start_Receive_DMA                   0x080047f5   Thumb Code   146  stm32f4xx_hal_uart.o(i.UART_Start_Receive_DMA)
    USART1_IRQHandler                        0x08004895   Thumb Code    46  stm32f4xx_it.o(i.USART1_IRQHandler)
    UsageFault_Handler                       0x080048d1   Thumb Code     2  stm32f4xx_it.o(i.UsageFault_Handler)
    Xuanzhuan                                0x080048d5   Thumb Code   292  han_shu.o(i.Xuanzhuan)
    Zhizou                                   0x08004a25   Thumb Code   214  han_shu.o(i.Zhizou)
    __0vsnprintf                             0x08004b11   Thumb Code    40  printfa.o(i.__0vsnprintf)
    __1vsnprintf                             0x08004b11   Thumb Code     0  printfa.o(i.__0vsnprintf)
    __2vsnprintf                             0x08004b11   Thumb Code     0  printfa.o(i.__0vsnprintf)
    __c89vsnprintf                           0x08004b11   Thumb Code     0  printfa.o(i.__0vsnprintf)
    vsnprintf                                0x08004b11   Thumb Code     0  printfa.o(i.__0vsnprintf)
    __scatterload_copy                       0x08004b5d   Thumb Code    14  handlers.o(i.__scatterload_copy)
    __scatterload_null                       0x08004b6b   Thumb Code     2  handlers.o(i.__scatterload_null)
    __scatterload_zeroinit                   0x08004b6d   Thumb Code    14  handlers.o(i.__scatterload_zeroinit)
    chaoshenboceju                           0x08005445   Thumb Code   152  han_shu.o(i.chaoshenboceju)
    cmd_1                                    0x080054f9   Thumb Code     8  main.o(i.cmd_1)
    cmd_10                                   0x08005505   Thumb Code     8  main.o(i.cmd_10)
    cmd_11                                   0x0800550d   Thumb Code     8  main.o(i.cmd_11)
    cmd_2                                    0x08005515   Thumb Code     8  main.o(i.cmd_2)
    cmd_3                                    0x08005521   Thumb Code     8  main.o(i.cmd_3)
    cmd_4                                    0x08005529   Thumb Code     8  main.o(i.cmd_4)
    cmd_5                                    0x08005531   Thumb Code     8  main.o(i.cmd_5)
    cmd_6                                    0x08005539   Thumb Code     8  main.o(i.cmd_6)
    cmd_7                                    0x08005541   Thumb Code     8  main.o(i.cmd_7)
    cmd_8                                    0x08005549   Thumb Code     8  main.o(i.cmd_8)
    cmd_9                                    0x08005551   Thumb Code     8  main.o(i.cmd_9)
    debug_printf                             0x08005559   Thumb Code    58  main.o(i.debug_printf)
    huiduzhi                                 0x0800559d   Thumb Code   140  han_shu.o(i.huiduzhi)
    main                                     0x08005655   Thumb Code   574  main.o(i.main)
    osDelay                                  0x08005909   Thumb Code    26  cmsis_os2.o(i.osDelay)
    osKernelInitialize                       0x08005925   Thumb Code    32  cmsis_os2.o(i.osKernelInitialize)
    osKernelStart                            0x08005949   Thumb Code    48  cmsis_os2.o(i.osKernelStart)
    osMessageQueueGet                        0x08005981   Thumb Code    96  cmsis_os2.o(i.osMessageQueueGet)
    osMessageQueueNew                        0x080059e5   Thumb Code    88  cmsis_os2.o(i.osMessageQueueNew)
    osMessageQueuePut                        0x08005a3d   Thumb Code   100  cmsis_os2.o(i.osMessageQueuePut)
    osMutexAcquire                           0x08005aa5   Thumb Code    82  cmsis_os2.o(i.osMutexAcquire)
    osMutexNew                               0x08005af7   Thumb Code   104  cmsis_os2.o(i.osMutexNew)
    osMutexRelease                           0x08005b5f   Thumb Code    66  cmsis_os2.o(i.osMutexRelease)
    osSemaphoreAcquire                       0x08005ba1   Thumb Code    88  cmsis_os2.o(i.osSemaphoreAcquire)
    osSemaphoreNew                           0x08005bfd   Thumb Code   152  cmsis_os2.o(i.osSemaphoreNew)
    osSemaphoreRelease                       0x08005c95   Thumb Code    82  cmsis_os2.o(i.osSemaphoreRelease)
    osThreadNew                              0x08005ced   Thumb Code   138  cmsis_os2.o(i.osThreadNew)
    pvPortMalloc                             0x08006521   Thumb Code   216  heap_4.o(i.pvPortMalloc)
    pvTaskIncrementMutexHeldCount            0x080065fd   Thumb Code    18  tasks.o(i.pvTaskIncrementMutexHeldCount)
    pxPortInitialiseStack                    0x08006615   Thumb Code    40  port.o(i.pxPortInitialiseStack)
    uxListRemove                             0x08006641   Thumb Code    38  list.o(i.uxListRemove)
    vApplicationGetIdleTaskMemory            0x08006669   Thumb Code    16  cmsis_os2.o(i.vApplicationGetIdleTaskMemory)
    vApplicationGetTimerTaskMemory           0x0800667d   Thumb Code    18  cmsis_os2.o(i.vApplicationGetTimerTaskMemory)
    vListInitialise                          0x08006695   Thumb Code    22  list.o(i.vListInitialise)
    vListInitialiseItem                      0x080066ab   Thumb Code     6  list.o(i.vListInitialiseItem)
    vListInsert                              0x080066b1   Thumb Code    48  list.o(i.vListInsert)
    vListInsertEnd                           0x080066e1   Thumb Code    24  list.o(i.vListInsertEnd)
    vPortEnterCritical                       0x080066f9   Thumb Code    54  port.o(i.vPortEnterCritical)
    vPortExitCritical                        0x08006739   Thumb Code    34  port.o(i.vPortExitCritical)
    vPortFree                                0x08006761   Thumb Code    94  heap_4.o(i.vPortFree)
    vPortSetupTimerInterrupt                 0x080067c5   Thumb Code    32  port.o(i.vPortSetupTimerInterrupt)
    vPortValidateInterruptPriority           0x080067e9   Thumb Code    74  port.o(i.vPortValidateInterruptPriority)
    vQueueAddToRegistry                      0x0800683d   Thumb Code    34  queue.o(i.vQueueAddToRegistry)
    vQueueDelete                             0x08006865   Thumb Code    46  queue.o(i.vQueueDelete)
    vQueueUnregisterQueue                    0x08006895   Thumb Code    36  queue.o(i.vQueueUnregisterQueue)
    vQueueWaitForMessageRestricted           0x080068bd   Thumb Code    68  queue.o(i.vQueueWaitForMessageRestricted)
    vTaskDelay                               0x08006901   Thumb Code    66  tasks.o(i.vTaskDelay)
    vTaskInternalSetTimeOutState             0x0800694d   Thumb Code    12  tasks.o(i.vTaskInternalSetTimeOutState)
    vTaskMissedYield                         0x0800695d   Thumb Code     8  tasks.o(i.vTaskMissedYield)
    vTaskPlaceOnEventList                    0x08006969   Thumb Code    44  tasks.o(i.vTaskPlaceOnEventList)
    vTaskPlaceOnEventListRestricted          0x08006999   Thumb Code    52  tasks.o(i.vTaskPlaceOnEventListRestricted)
    vTaskPriorityDisinheritAfterTimeout      0x080069d1   Thumb Code   134  tasks.o(i.vTaskPriorityDisinheritAfterTimeout)
    vTaskStartScheduler                      0x08006a61   Thumb Code   118  tasks.o(i.vTaskStartScheduler)
    vTaskSuspendAll                          0x08006ae9   Thumb Code    10  tasks.o(i.vTaskSuspendAll)
    vTaskSwitchContext                       0x08006af9   Thumb Code    90  tasks.o(i.vTaskSwitchContext)
    xPortStartScheduler                      0x08006b5d   Thumb Code   222  port.o(i.xPortStartScheduler)
    xPortSysTickHandler                      0x08006c51   Thumb Code    38  port.o(i.xPortSysTickHandler)
    xQueueCreateCountingSemaphore            0x08006c7d   Thumb Code    58  queue.o(i.xQueueCreateCountingSemaphore)
    xQueueCreateCountingSemaphoreStatic      0x08006cb7   Thumb Code    64  queue.o(i.xQueueCreateCountingSemaphoreStatic)
    xQueueCreateMutex                        0x08006cf7   Thumb Code    22  queue.o(i.xQueueCreateMutex)
    xQueueCreateMutexStatic                  0x08006d0d   Thumb Code    26  queue.o(i.xQueueCreateMutexStatic)
    xQueueGenericCreate                      0x08006d27   Thumb Code    66  queue.o(i.xQueueGenericCreate)
    xQueueGenericCreateStatic                0x08006d69   Thumb Code   102  queue.o(i.xQueueGenericCreateStatic)
    xQueueGenericReset                       0x08006dd1   Thumb Code   132  queue.o(i.xQueueGenericReset)
    xQueueGenericSend                        0x08006e59   Thumb Code   346  queue.o(i.xQueueGenericSend)
    xQueueGenericSendFromISR                 0x08006fb9   Thumb Code   190  queue.o(i.xQueueGenericSendFromISR)
    xQueueGiveFromISR                        0x08007077   Thumb Code   156  queue.o(i.xQueueGiveFromISR)
    xQueueGiveMutexRecursive                 0x08007113   Thumb Code    62  queue.o(i.xQueueGiveMutexRecursive)
    xQueueReceive                            0x08007151   Thumb Code   308  queue.o(i.xQueueReceive)
    xQueueReceiveFromISR                     0x08007289   Thumb Code   154  queue.o(i.xQueueReceiveFromISR)
    xQueueSemaphoreTake                      0x08007325   Thumb Code   372  queue.o(i.xQueueSemaphoreTake)
    xQueueTakeMutexRecursive                 0x0800749d   Thumb Code    64  queue.o(i.xQueueTakeMutexRecursive)
    xTaskCheckForTimeOut                     0x080074dd   Thumb Code   112  tasks.o(i.xTaskCheckForTimeOut)
    xTaskCreate                              0x08007551   Thumb Code    90  tasks.o(i.xTaskCreate)
    xTaskCreateStatic                        0x080075ab   Thumb Code    86  tasks.o(i.xTaskCreateStatic)
    xTaskGetCurrentTaskHandle                0x08007601   Thumb Code     6  tasks.o(i.xTaskGetCurrentTaskHandle)
    xTaskGetSchedulerState                   0x0800760d   Thumb Code    22  tasks.o(i.xTaskGetSchedulerState)
    xTaskGetTickCount                        0x08007629   Thumb Code     6  tasks.o(i.xTaskGetTickCount)
    xTaskIncrementTick                       0x08007635   Thumb Code   192  tasks.o(i.xTaskIncrementTick)
    xTaskPriorityDisinherit                  0x080076fd   Thumb Code   118  tasks.o(i.xTaskPriorityDisinherit)
    xTaskPriorityInherit                     0x0800777d   Thumb Code   112  tasks.o(i.xTaskPriorityInherit)
    xTaskRemoveFromEventList                 0x080077f5   Thumb Code    98  tasks.o(i.xTaskRemoveFromEventList)
    xTaskResumeAll                           0x08007865   Thumb Code   182  tasks.o(i.xTaskResumeAll)
    xTimerCreateTimerTask                    0x08007929   Thumb Code    78  timers.o(i.xTimerCreateTimerTask)
    xTimerGenericCommand                     0x08007989   Thumb Code    98  timers.o(i.xTimerGenericCommand)
    xunji                                    0x080079f1   Thumb Code    48  main.o(i.xunji)
    zonghuiduzhi                             0x08007a25   Thumb Code   122  han_shu.o(i.zonghuiduzhi)
    Chaoshenbo_attributes                    0x08007aa4   Data          36  main.o(.constdata)
    Huidu_attributes                         0x08007ac8   Data          36  main.o(.constdata)
    Tuoluoyi_attributes                      0x08007aec   Data          36  main.o(.constdata)
    Yundong_attributes                       0x08007b10   Data          36  main.o(.constdata)
    Lanyatouchuan_attributes                 0x08007b34   Data          36  main.o(.constdata)
    Yaokong_attributes                       0x08007b58   Data          36  main.o(.constdata)
    Qiehuan_attributes                       0x08007b7c   Data          36  main.o(.constdata)
    Jieshou_attributes                       0x08007ba0   Data          36  main.o(.constdata)
    Zonghuiduzhi_attributes                  0x08007bc4   Data          24  main.o(.constdata)
    AX_attributes                            0x08007bdc   Data          24  main.o(.constdata)
    AY_attributes                            0x08007bf4   Data          24  main.o(.constdata)
    GZ_attributes                            0x08007c0c   Data          24  main.o(.constdata)
    H1_attributes                            0x08007c24   Data          24  main.o(.constdata)
    H2_attributes                            0x08007c3c   Data          24  main.o(.constdata)
    H3_attributes                            0x08007c54   Data          24  main.o(.constdata)
    H4_attributes                            0x08007c6c   Data          24  main.o(.constdata)
    H5_attributes                            0x08007c84   Data          24  main.o(.constdata)
    H6_attributes                            0x08007c9c   Data          24  main.o(.constdata)
    H7_attributes                            0x08007cb4   Data          24  main.o(.constdata)
    H8_attributes                            0x08007ccc   Data          24  main.o(.constdata)
    Shoujifasong_attributes                  0x08007ce4   Data          16  main.o(.constdata)
    Juli_attributes                          0x08007cf4   Data          16  main.o(.constdata)
    AHBPrescTable                            0x08007d0c   Data          16  system_stm32f4xx.o(.constdata)
    APBPrescTable                            0x08007d1c   Data           8  system_stm32f4xx.o(.constdata)
    Region$$Table$$Base                      0x08007ea4   Number         0  anon$$obj.o(Region$$Table)
    Region$$Table$$Limit                     0x08007ec4   Number         0  anon$$obj.o(Region$$Table)
    yaokong_flag                             0x20000001   Data           1  main.o(.data)
    H1                                       0x20000002   Data           1  main.o(.data)
    H2                                       0x20000003   Data           1  main.o(.data)
    H3                                       0x20000004   Data           1  main.o(.data)
    H4                                       0x20000005   Data           1  main.o(.data)
    H5                                       0x20000006   Data           1  main.o(.data)
    H6                                       0x20000007   Data           1  main.o(.data)
    H7                                       0x20000008   Data           1  main.o(.data)
    H8                                       0x20000009   Data           1  main.o(.data)
    h1                                       0x2000000a   Data           1  main.o(.data)
    h2                                       0x2000000b   Data           1  main.o(.data)
    h3                                       0x2000000c   Data           1  main.o(.data)
    h4                                       0x2000000d   Data           1  main.o(.data)
    h5                                       0x2000000e   Data           1  main.o(.data)
    h6                                       0x2000000f   Data           1  main.o(.data)
    h7                                       0x20000010   Data           1  main.o(.data)
    h8                                       0x20000011   Data           1  main.o(.data)
    RxFlag                                   0x20000012   Data           1  main.o(.data)
    cmd_table_size                           0x20000014   Data           2  main.o(.data)
    AX                                       0x20000016   Data           2  main.o(.data)
    AY                                       0x20000018   Data           2  main.o(.data)
    GZ                                       0x2000001a   Data           2  main.o(.data)
    ax                                       0x2000001c   Data           2  main.o(.data)
    ay                                       0x2000001e   Data           2  main.o(.data)
    gz                                       0x20000020   Data           2  main.o(.data)
    ChaoshenboHandle                         0x20000024   Data           4  main.o(.data)
    HuiduHandle                              0x20000028   Data           4  main.o(.data)
    TuoluoyiHandle                           0x2000002c   Data           4  main.o(.data)
    YundongHandle                            0x20000030   Data           4  main.o(.data)
    LanyatouchuanHandle                      0x20000034   Data           4  main.o(.data)
    YaokongHandle                            0x20000038   Data           4  main.o(.data)
    QiehuanHandle                            0x2000003c   Data           4  main.o(.data)
    JieshouHandle                            0x20000040   Data           4  main.o(.data)
    ZonghuiduzhiHandle                       0x20000044   Data           4  main.o(.data)
    AXHandle                                 0x20000048   Data           4  main.o(.data)
    AYHandle                                 0x2000004c   Data           4  main.o(.data)
    GZHandle                                 0x20000050   Data           4  main.o(.data)
    H1Handle                                 0x20000054   Data           4  main.o(.data)
    H2Handle                                 0x20000058   Data           4  main.o(.data)
    H3Handle                                 0x2000005c   Data           4  main.o(.data)
    H4Handle                                 0x20000060   Data           4  main.o(.data)
    H5Handle                                 0x20000064   Data           4  main.o(.data)
    H6Handle                                 0x20000068   Data           4  main.o(.data)
    H7Handle                                 0x2000006c   Data           4  main.o(.data)
    H8Handle                                 0x20000070   Data           4  main.o(.data)
    ShoujifasongHandle                       0x20000074   Data           4  main.o(.data)
    JuliHandle                               0x20000078   Data           4  main.o(.data)
    zhi_2                                    0x2000007c   Data           4  main.o(.data)
    cmd_table                                0x20000080   Data         144  main.o(.data)
    uwTickFreq                               0x20000110   Data           1  stm32f4xx_hal.o(.data)
    uwTickPrio                               0x20000114   Data           4  stm32f4xx_hal.o(.data)
    uwTick                                   0x20000118   Data           4  stm32f4xx_hal.o(.data)
    SystemCoreClock                          0x2000011c   Data           4  system_stm32f4xx.o(.data)
    pxCurrentTCB                             0x20000120   Data           4  tasks.o(.data)
    hi2c1                                    0x200001b8   Data          84  main.o(.bss)
    htim3                                    0x2000020c   Data          72  main.o(.bss)
    htim11                                   0x20000254   Data          72  main.o(.bss)
    huart1                                   0x2000029c   Data          72  main.o(.bss)
    Serial_RxPacket                          0x20000464   Data          20  main.o(.bss)
    hdma_usart1_rx                           0x20000478   Data          96  main.o(.bss)
    hdma_usart1_tx                           0x200004d8   Data          96  main.o(.bss)
    htim10                                   0x20000538   Data          72  stm32f4xx_hal_timebase_tim.o(.bss)
    xQueueRegistry                           0x20000580   Data          64  queue.o(.bss)
    __initial_sp                             0x200064c8   Data           0  startup_stm32f411xe.o(STACK)



==============================================================================

Memory Map of the image

  Image Entry point : 0x08000199

  Load Region LR_IROM1 (Base: 0x08000000, Size: 0x0000807c, Max: 0x00080000, ABSOLUTE, COMPRESSED[0x00007f34])

    Execution Region ER_IROM1 (Exec base: 0x08000000, Load base: 0x08000000, Size: 0x00007ec4, Max: 0x00080000, ABSOLUTE)

    Exec Addr    Load Addr    Size         Type   Attr      Idx    E Section Name        Object

    0x08000000   0x08000000   0x00000198   Data   RO            3    RESET               startup_stm32f411xe.o
    0x08000198   0x08000198   0x00000000   Code   RO         5587  * .ARM.Collect$$$$00000000  mc_w.l(entry.o)
    0x08000198   0x08000198   0x00000004   Code   RO         5638    .ARM.Collect$$$$00000001  mc_w.l(entry2.o)
    0x0800019c   0x0800019c   0x00000004   Code   RO         5641    .ARM.Collect$$$$00000004  mc_w.l(entry5.o)
    0x080001a0   0x080001a0   0x00000000   Code   RO         5643    .ARM.Collect$$$$00000008  mc_w.l(entry7b.o)
    0x080001a0   0x080001a0   0x00000000   Code   RO         5645    .ARM.Collect$$$$0000000A  mc_w.l(entry8b.o)
    0x080001a0   0x080001a0   0x00000008   Code   RO         5646    .ARM.Collect$$$$0000000B  mc_w.l(entry9a.o)
    0x080001a8   0x080001a8   0x00000000   Code   RO         5648    .ARM.Collect$$$$0000000D  mc_w.l(entry10a.o)
    0x080001a8   0x080001a8   0x00000000   Code   RO         5650    .ARM.Collect$$$$0000000F  mc_w.l(entry11a.o)
    0x080001a8   0x080001a8   0x00000004   Code   RO         5639    .ARM.Collect$$$$00002712  mc_w.l(entry2.o)
    0x080001ac   0x080001ac   0x000000be   Code   RO         5340    .emb_text           port.o
    0x0800026a   0x0800026a   0x00000002   PAD
    0x0800026c   0x0800026c   0x00000024   Code   RO            4    .text               startup_stm32f411xe.o
    0x08000290   0x08000290   0x00000062   Code   RO         5590    .text               mc_w.l(uldiv.o)
    0x080002f2   0x080002f2   0x00000024   Code   RO         5592    .text               mc_w.l(memcpya.o)
    0x08000316   0x08000316   0x00000024   Code   RO         5596    .text               mc_w.l(memseta.o)
    0x0800033a   0x0800033a   0x0000000e   Code   RO         5598    .text               mc_w.l(strlen.o)
    0x08000348   0x08000348   0x0000001c   Code   RO         5600    .text               mc_w.l(strcmp.o)
    0x08000364   0x08000364   0x000000e4   Code   RO         5632    .text               mf_w.l(dmul.o)
    0x08000448   0x08000448   0x0000001a   Code   RO         5634    .text               mf_w.l(dfltui.o)
    0x08000462   0x08000462   0x00000038   Code   RO         5636    .text               mf_w.l(d2f.o)
    0x0800049a   0x0800049a   0x0000002c   Code   RO         5653    .text               mc_w.l(uidiv.o)
    0x080004c6   0x080004c6   0x0000001e   Code   RO         5655    .text               mc_w.l(llshl.o)
    0x080004e4   0x080004e4   0x00000020   Code   RO         5657    .text               mc_w.l(llushr.o)
    0x08000504   0x08000504   0x00000000   Code   RO         5659    .text               mc_w.l(iusefp.o)
    0x08000504   0x08000504   0x0000006e   Code   RO         5660    .text               mf_w.l(fepilogue.o)
    0x08000572   0x08000572   0x000000ba   Code   RO         5662    .text               mf_w.l(depilogue.o)
    0x0800062c   0x0800062c   0x0000014e   Code   RO         5664    .text               mf_w.l(dadd.o)
    0x0800077a   0x0800077a   0x000000de   Code   RO         5666    .text               mf_w.l(ddiv.o)
    0x08000858   0x08000858   0x00000030   Code   RO         5668    .text               mf_w.l(dfixul.o)
    0x08000888   0x08000888   0x00000030   Code   RO         5670    .text               mf_w.l(cdrcmple.o)
    0x080008b8   0x080008b8   0x00000024   Code   RO         5672    .text               mc_w.l(init.o)
    0x080008dc   0x080008dc   0x00000024   Code   RO         5674    .text               mc_w.l(llsshr.o)
    0x08000900   0x08000900   0x00000056   Code   RO         5684    .text               mc_w.l(__dczerorl2.o)
    0x08000956   0x08000956   0x00000002   Code   RO          393    i.BusFault_Handler  stm32f4xx_it.o
    0x08000958   0x08000958   0x0000000c   Code   RO          394    i.DMA2_Stream2_IRQHandler  stm32f4xx_it.o
    0x08000964   0x08000964   0x0000000c   Code   RO          395    i.DMA2_Stream7_IRQHandler  stm32f4xx_it.o
    0x08000970   0x08000970   0x00000028   Code   RO         2079    i.DMA_CalcBaseAndBitshift  stm32f4xx_hal_dma.o
    0x08000998   0x08000998   0x00000054   Code   RO         2080    i.DMA_CheckFifoParam  stm32f4xx_hal_dma.o
    0x080009ec   0x080009ec   0x00000028   Code   RO         2081    i.DMA_SetConfig     stm32f4xx_hal_dma.o
    0x08000a14   0x08000a14   0x00000002   Code   RO          396    i.DebugMon_Handler  stm32f4xx_it.o
    0x08000a16   0x08000a16   0x00000012   Code   RO         5467    i.Dianjisudu        han_shu.o
    0x08000a28   0x08000a28   0x00000004   Code   RO           13    i.Error_Handler     main.o
    0x08000a2c   0x08000a2c   0x00000148   Code   RO         5468    i.Get_Z_RotationAngle  han_shu.o
    0x08000b74   0x08000b74   0x00000092   Code   RO         2082    i.HAL_DMA_Abort     stm32f4xx_hal_dma.o
    0x08000c06   0x08000c06   0x00000024   Code   RO         2083    i.HAL_DMA_Abort_IT  stm32f4xx_hal_dma.o
    0x08000c2a   0x08000c2a   0x00000006   Code   RO         2086    i.HAL_DMA_GetState  stm32f4xx_hal_dma.o
    0x08000c30   0x08000c30   0x000001a0   Code   RO         2087    i.HAL_DMA_IRQHandler  stm32f4xx_hal_dma.o
    0x08000dd0   0x08000dd0   0x000000d4   Code   RO         2088    i.HAL_DMA_Init      stm32f4xx_hal_dma.o
    0x08000ea4   0x08000ea4   0x0000006e   Code   RO         2092    i.HAL_DMA_Start_IT  stm32f4xx_hal_dma.o
    0x08000f12   0x08000f12   0x00000002   PAD
    0x08000f14   0x08000f14   0x00000024   Code   RO         2543    i.HAL_Delay         stm32f4xx_hal.o
    0x08000f38   0x08000f38   0x0000012c   Code   RO         1972    i.HAL_GPIO_DeInit   stm32f4xx_hal_gpio.o
    0x08001064   0x08001064   0x000001e0   Code   RO         1975    i.HAL_GPIO_Init     stm32f4xx_hal_gpio.o
    0x08001244   0x08001244   0x0000000a   Code   RO         1977    i.HAL_GPIO_ReadPin  stm32f4xx_hal_gpio.o
    0x0800124e   0x0800124e   0x0000000a   Code   RO         1979    i.HAL_GPIO_WritePin  stm32f4xx_hal_gpio.o
    0x08001258   0x08001258   0x0000000c   Code   RO         2549    i.HAL_GetTick       stm32f4xx_hal.o
    0x08001264   0x08001264   0x00000002   Code   RO         2794    i.HAL_I2C_AbortCpltCallback  stm32f4xx_hal_i2c.o
    0x08001266   0x08001266   0x00000002   Code   RO         2795    i.HAL_I2C_AddrCallback  stm32f4xx_hal_i2c.o
    0x08001268   0x08001268   0x00000032   Code   RO         2796    i.HAL_I2C_DeInit    stm32f4xx_hal_i2c.o
    0x0800129a   0x0800129a   0x000000ba   Code   RO         2798    i.HAL_I2C_ER_IRQHandler  stm32f4xx_hal_i2c.o
    0x08001354   0x08001354   0x00000230   Code   RO         2799    i.HAL_I2C_EV_IRQHandler  stm32f4xx_hal_i2c.o
    0x08001584   0x08001584   0x0000001c   Code   RO         5469    i.HAL_I2C_ErrorCallback  han_shu.o
    0x080015a0   0x080015a0   0x00000188   Code   RO         2805    i.HAL_I2C_Init      stm32f4xx_hal_i2c.o
    0x08001728   0x08001728   0x00000002   Code   RO         2807    i.HAL_I2C_ListenCpltCallback  stm32f4xx_hal_i2c.o
    0x0800172a   0x0800172a   0x00000002   Code   RO         2808    i.HAL_I2C_MasterRxCpltCallback  stm32f4xx_hal_i2c.o
    0x0800172c   0x0800172c   0x00000002   Code   RO         2809    i.HAL_I2C_MasterTxCpltCallback  stm32f4xx_hal_i2c.o
    0x0800172e   0x0800172e   0x00000002   PAD
    0x08001730   0x08001730   0x0000001c   Code   RO         5470    i.HAL_I2C_MemRxCpltCallback  han_shu.o
    0x0800174c   0x0800174c   0x0000001c   Code   RO         5471    i.HAL_I2C_MemTxCpltCallback  han_shu.o
    0x08001768   0x08001768   0x000000dc   Code   RO         2825    i.HAL_I2C_Mem_Read_IT  stm32f4xx_hal_i2c.o
    0x08001844   0x08001844   0x000000d0   Code   RO         2828    i.HAL_I2C_Mem_Write_IT  stm32f4xx_hal_i2c.o
    0x08001914   0x08001914   0x00000044   Code   RO          487    i.HAL_I2C_MspDeInit  stm32f4xx_hal_msp.o
    0x08001958   0x08001958   0x0000008c   Code   RO          488    i.HAL_I2C_MspInit   stm32f4xx_hal_msp.o
    0x080019e4   0x080019e4   0x00000002   Code   RO         2831    i.HAL_I2C_SlaveRxCpltCallback  stm32f4xx_hal_i2c.o
    0x080019e6   0x080019e6   0x00000002   Code   RO         2832    i.HAL_I2C_SlaveTxCpltCallback  stm32f4xx_hal_i2c.o
    0x080019e8   0x080019e8   0x00000010   Code   RO         2555    i.HAL_IncTick       stm32f4xx_hal.o
    0x080019f8   0x080019f8   0x00000034   Code   RO         2556    i.HAL_Init          stm32f4xx_hal.o
    0x08001a2c   0x08001a2c   0x0000008c   Code   RO          554    i.HAL_InitTick      stm32f4xx_hal_timebase_tim.o
    0x08001ab8   0x08001ab8   0x00000038   Code   RO          489    i.HAL_MspInit       stm32f4xx_hal_msp.o
    0x08001af0   0x08001af0   0x00000022   Code   RO         2390    i.HAL_NVIC_DisableIRQ  stm32f4xx_hal_cortex.o
    0x08001b12   0x08001b12   0x0000001a   Code   RO         2391    i.HAL_NVIC_EnableIRQ  stm32f4xx_hal_cortex.o
    0x08001b2c   0x08001b2c   0x00000040   Code   RO         2397    i.HAL_NVIC_SetPriority  stm32f4xx_hal_cortex.o
    0x08001b6c   0x08001b6c   0x00000024   Code   RO         2398    i.HAL_NVIC_SetPriorityGrouping  stm32f4xx_hal_cortex.o
    0x08001b90   0x08001b90   0x00000134   Code   RO         1567    i.HAL_RCC_ClockConfig  stm32f4xx_hal_rcc.o
    0x08001cc4   0x08001cc4   0x00000040   Code   RO         1571    i.HAL_RCC_GetClockConfig  stm32f4xx_hal_rcc.o
    0x08001d04   0x08001d04   0x00000020   Code   RO         1574    i.HAL_RCC_GetPCLK1Freq  stm32f4xx_hal_rcc.o
    0x08001d24   0x08001d24   0x00000020   Code   RO         1575    i.HAL_RCC_GetPCLK2Freq  stm32f4xx_hal_rcc.o
    0x08001d44   0x08001d44   0x00000064   Code   RO         1576    i.HAL_RCC_GetSysClockFreq  stm32f4xx_hal_rcc.o
    0x08001da8   0x08001da8   0x0000036c   Code   RO         1579    i.HAL_RCC_OscConfig  stm32f4xx_hal_rcc.o
    0x08002114   0x08002114   0x00000002   Code   RO         1299    i.HAL_TIMEx_BreakCallback  stm32f4xx_hal_tim_ex.o
    0x08002116   0x08002116   0x00000002   Code   RO         1300    i.HAL_TIMEx_CommutCallback  stm32f4xx_hal_tim_ex.o
    0x08002118   0x08002118   0x0000007c   Code   RO         1318    i.HAL_TIMEx_MasterConfigSynchronization  stm32f4xx_hal_tim_ex.o
    0x08002194   0x08002194   0x0000005a   Code   RO          595    i.HAL_TIM_Base_Init  stm32f4xx_hal_tim.o
    0x080021ee   0x080021ee   0x00000002   PAD
    0x080021f0   0x080021f0   0x00000044   Code   RO          491    i.HAL_TIM_Base_MspInit  stm32f4xx_hal_msp.o
    0x08002234   0x08002234   0x00000064   Code   RO          598    i.HAL_TIM_Base_Start  stm32f4xx_hal_tim.o
    0x08002298   0x08002298   0x0000006c   Code   RO          600    i.HAL_TIM_Base_Start_IT  stm32f4xx_hal_tim.o
    0x08002304   0x08002304   0x000000dc   Code   RO          604    i.HAL_TIM_ConfigClockSource  stm32f4xx_hal_tim.o
    0x080023e0   0x080023e0   0x00000002   Code   RO          629    i.HAL_TIM_IC_CaptureCallback  stm32f4xx_hal_tim.o
    0x080023e2   0x080023e2   0x00000130   Code   RO          643    i.HAL_TIM_IRQHandler  stm32f4xx_hal_tim.o
    0x08002512   0x08002512   0x00000002   PAD
    0x08002514   0x08002514   0x00000078   Code   RO          492    i.HAL_TIM_MspPostInit  stm32f4xx_hal_msp.o
    0x0800258c   0x0800258c   0x00000002   Code   RO          646    i.HAL_TIM_OC_DelayElapsedCallback  stm32f4xx_hal_tim.o
    0x0800258e   0x0800258e   0x000000cc   Code   RO          667    i.HAL_TIM_PWM_ConfigChannel  stm32f4xx_hal_tim.o
    0x0800265a   0x0800265a   0x0000005a   Code   RO          670    i.HAL_TIM_PWM_Init  stm32f4xx_hal_tim.o
    0x080026b4   0x080026b4   0x00000002   Code   RO          672    i.HAL_TIM_PWM_MspInit  stm32f4xx_hal_tim.o
    0x080026b6   0x080026b6   0x00000002   Code   RO          673    i.HAL_TIM_PWM_PulseFinishedCallback  stm32f4xx_hal_tim.o
    0x080026b8   0x080026b8   0x000000b0   Code   RO          675    i.HAL_TIM_PWM_Start  stm32f4xx_hal_tim.o
    0x08002768   0x08002768   0x00000014   Code   RO           14    i.HAL_TIM_PeriodElapsedCallback  main.o
    0x0800277c   0x0800277c   0x00000002   Code   RO          686    i.HAL_TIM_TriggerCallback  stm32f4xx_hal_tim.o
    0x0800277e   0x0800277e   0x00000002   Code   RO         3273    i.HAL_UARTEx_RxEventCallback  stm32f4xx_hal_uart.o
    0x08002780   0x08002780   0x00000070   Code   RO         3285    i.HAL_UART_DMAStop  stm32f4xx_hal_uart.o
    0x080027f0   0x080027f0   0x00000002   Code   RO         3287    i.HAL_UART_ErrorCallback  stm32f4xx_hal_uart.o
    0x080027f2   0x080027f2   0x00000002   PAD
    0x080027f4   0x080027f4   0x00000280   Code   RO         3290    i.HAL_UART_IRQHandler  stm32f4xx_hal_uart.o
    0x08002a74   0x08002a74   0x00000064   Code   RO         3291    i.HAL_UART_Init     stm32f4xx_hal_uart.o
    0x08002ad8   0x08002ad8   0x000000f8   Code   RO          494    i.HAL_UART_MspInit  stm32f4xx_hal_msp.o
    0x08002bd0   0x08002bd0   0x0000001c   Code   RO         3295    i.HAL_UART_Receive_DMA  stm32f4xx_hal_uart.o
    0x08002bec   0x08002bec   0x00000002   Code   RO         3297    i.HAL_UART_RxCpltCallback  stm32f4xx_hal_uart.o
    0x08002bee   0x08002bee   0x00000002   Code   RO         3298    i.HAL_UART_RxHalfCpltCallback  stm32f4xx_hal_uart.o
    0x08002bf0   0x08002bf0   0x00000084   Code   RO         3300    i.HAL_UART_Transmit_DMA  stm32f4xx_hal_uart.o
    0x08002c74   0x08002c74   0x00000018   Code   RO           15    i.HAL_UART_TxCpltCallback  main.o
    0x08002c8c   0x08002c8c   0x00000002   Code   RO         3303    i.HAL_UART_TxHalfCpltCallback  stm32f4xx_hal_uart.o
    0x08002c8e   0x08002c8e   0x00000002   Code   RO          397    i.HardFault_Handler  stm32f4xx_it.o
    0x08002c90   0x08002c90   0x0000000c   Code   RO          398    i.I2C1_ER_IRQHandler  stm32f4xx_it.o
    0x08002c9c   0x08002c9c   0x0000000c   Code   RO          399    i.I2C1_EV_IRQHandler  stm32f4xx_it.o
    0x08002ca8   0x08002ca8   0x000000bc   Code   RO         2843    i.I2C_DMAAbort      stm32f4xx_hal_i2c.o
    0x08002d64   0x08002d64   0x00000010   Code   RO         2846    i.I2C_Flush_DR      stm32f4xx_hal_i2c.o
    0x08002d74   0x08002d74   0x00000158   Code   RO         2847    i.I2C_ITError       stm32f4xx_hal_i2c.o
    0x08002ecc   0x08002ecc   0x000000da   Code   RO         2849    i.I2C_MasterReceive_BTF  stm32f4xx_hal_i2c.o
    0x08002fa6   0x08002fa6   0x00000002   PAD
    0x08002fa8   0x08002fa8   0x000000f4   Code   RO         2850    i.I2C_MasterReceive_RXNE  stm32f4xx_hal_i2c.o
    0x0800309c   0x0800309c   0x00000082   Code   RO         2853    i.I2C_MasterTransmit_BTF  stm32f4xx_hal_i2c.o
    0x0800311e   0x0800311e   0x00000002   PAD
    0x08003120   0x08003120   0x000000b6   Code   RO         2854    i.I2C_MasterTransmit_TXE  stm32f4xx_hal_i2c.o
    0x080031d6   0x080031d6   0x00000002   PAD
    0x080031d8   0x080031d8   0x00000118   Code   RO         2855    i.I2C_Master_ADDR   stm32f4xx_hal_i2c.o
    0x080032f0   0x080032f0   0x0000008c   Code   RO         2856    i.I2C_Master_SB     stm32f4xx_hal_i2c.o
    0x0800337c   0x0800337c   0x000000a8   Code   RO         2857    i.I2C_MemoryTransmit_TXE_BTF  stm32f4xx_hal_i2c.o
    0x08003424   0x08003424   0x00000046   Code   RO         2860    i.I2C_Slave_ADDR    stm32f4xx_hal_i2c.o
    0x0800346a   0x0800346a   0x00000002   PAD
    0x0800346c   0x0800346c   0x00000090   Code   RO         2861    i.I2C_Slave_AF      stm32f4xx_hal_i2c.o
    0x080034fc   0x080034fc   0x0000015c   Code   RO         2862    i.I2C_Slave_STOPF   stm32f4xx_hal_i2c.o
    0x08003658   0x08003658   0x00000040   Code   RO         5472    i.LeftDianji        han_shu.o
    0x08003698   0x08003698   0x000004b4   Code   RO         5473    i.MPU6050_ReadFiltered  han_shu.o
    0x08003b4c   0x08003b4c   0x000000c8   Code   RO           16    i.MX_GPIO_Init      main.o
    0x08003c14   0x08003c14   0x000000c8   Code   RO           17    i.MX_TIM3_Init      main.o
    0x08003cdc   0x08003cdc   0x00000002   Code   RO          400    i.MemManage_Handler  stm32f4xx_it.o
    0x08003cde   0x08003cde   0x00000002   Code   RO          401    i.NMI_Handler       stm32f4xx_it.o
    0x08003ce0   0x08003ce0   0x00000044   Code   RO         5474    i.RightDianji       han_shu.o
    0x08003d24   0x08003d24   0x00000068   Code   RO           18    i.StartChaoshenbo   main.o
    0x08003d8c   0x08003d8c   0x000000d8   Code   RO           19    i.StartHuidu        main.o
    0x08003e64   0x08003e64   0x00000040   Code   RO           20    i.StartJieshou      main.o
    0x08003ea4   0x08003ea4   0x00000070   Code   RO           21    i.StartLanyatouchuan  main.o
    0x08003f14   0x08003f14   0x00000050   Code   RO           22    i.StartQiehuan      main.o
    0x08003f64   0x08003f64   0x000000a8   Code   RO           23    i.StartTuoluoyi     main.o
    0x0800400c   0x0800400c   0x000000c8   Code   RO           24    i.StartYaokong      main.o
    0x080040d4   0x080040d4   0x00000054   Code   RO           25    i.StartYundong      main.o
    0x08004128   0x08004128   0x0000001a   Code   RO         4772    i.SysTick_Handler   cmsis_os2.o
    0x08004142   0x08004142   0x00000002   PAD
    0x08004144   0x08004144   0x00000090   Code   RO           26    i.SystemClock_Config  main.o
    0x080041d4   0x080041d4   0x00000010   Code   RO         3625    i.SystemInit        system_stm32f4xx.o
    0x080041e4   0x080041e4   0x00000018   Code   RO         5475    i.TIM11_Delay_us    han_shu.o
    0x080041fc   0x080041fc   0x0000000c   Code   RO          402    i.TIM1_UP_TIM10_IRQHandler  stm32f4xx_it.o
    0x08004208   0x08004208   0x000000a0   Code   RO          688    i.TIM_Base_SetConfig  stm32f4xx_hal_tim.o
    0x080042a8   0x080042a8   0x0000001a   Code   RO          689    i.TIM_CCxChannelCmd  stm32f4xx_hal_tim.o
    0x080042c2   0x080042c2   0x00000014   Code   RO          699    i.TIM_ETR_SetConfig  stm32f4xx_hal_tim.o
    0x080042d6   0x080042d6   0x00000010   Code   RO          700    i.TIM_ITRx_SetConfig  stm32f4xx_hal_tim.o
    0x080042e6   0x080042e6   0x00000002   PAD
    0x080042e8   0x080042e8   0x00000050   Code   RO          701    i.TIM_OC1_SetConfig  stm32f4xx_hal_tim.o
    0x08004338   0x08004338   0x00000058   Code   RO          702    i.TIM_OC2_SetConfig  stm32f4xx_hal_tim.o
    0x08004390   0x08004390   0x00000058   Code   RO          703    i.TIM_OC3_SetConfig  stm32f4xx_hal_tim.o
    0x080043e8   0x080043e8   0x00000044   Code   RO          704    i.TIM_OC4_SetConfig  stm32f4xx_hal_tim.o
    0x0800442c   0x0800442c   0x00000022   Code   RO          706    i.TIM_TI1_ConfigInputStage  stm32f4xx_hal_tim.o
    0x0800444e   0x0800444e   0x00000024   Code   RO          708    i.TIM_TI2_ConfigInputStage  stm32f4xx_hal_tim.o
    0x08004472   0x08004472   0x0000000e   Code   RO         3304    i.UART_DMAAbortOnError  stm32f4xx_hal_uart.o
    0x08004480   0x08004480   0x0000004a   Code   RO         3305    i.UART_DMAError     stm32f4xx_hal_uart.o
    0x080044ca   0x080044ca   0x00000086   Code   RO         3306    i.UART_DMAReceiveCplt  stm32f4xx_hal_uart.o
    0x08004550   0x08004550   0x0000001e   Code   RO         3308    i.UART_DMARxHalfCplt  stm32f4xx_hal_uart.o
    0x0800456e   0x0800456e   0x00000042   Code   RO         3310    i.UART_DMATransmitCplt  stm32f4xx_hal_uart.o
    0x080045b0   0x080045b0   0x0000000a   Code   RO         3312    i.UART_DMATxHalfCplt  stm32f4xx_hal_uart.o
    0x080045ba   0x080045ba   0x0000004e   Code   RO         3314    i.UART_EndRxTransfer  stm32f4xx_hal_uart.o
    0x08004608   0x08004608   0x0000001c   Code   RO         3315    i.UART_EndTxTransfer  stm32f4xx_hal_uart.o
    0x08004624   0x08004624   0x000000c2   Code   RO         3316    i.UART_Receive_IT   stm32f4xx_hal_uart.o
    0x080046e6   0x080046e6   0x00000002   PAD
    0x080046e8   0x080046e8   0x0000010c   Code   RO         3317    i.UART_SetConfig    stm32f4xx_hal_uart.o
    0x080047f4   0x080047f4   0x000000a0   Code   RO         3318    i.UART_Start_Receive_DMA  stm32f4xx_hal_uart.o
    0x08004894   0x08004894   0x0000003c   Code   RO          403    i.USART1_IRQHandler  stm32f4xx_it.o
    0x080048d0   0x080048d0   0x00000002   Code   RO          404    i.UsageFault_Handler  stm32f4xx_it.o
    0x080048d2   0x080048d2   0x00000002   PAD
    0x080048d4   0x080048d4   0x00000150   Code   RO         5476    i.Xuanzhuan         han_shu.o
    0x08004a24   0x08004a24   0x000000ec   Code   RO         5477    i.Zhizou            han_shu.o
    0x08004b10   0x08004b10   0x0000002c   Code   RO         5610    i.__0vsnprintf      mc_w.l(printfa.o)
    0x08004b3c   0x08004b3c   0x00000020   Code   RO         2404    i.__NVIC_SetPriority  stm32f4xx_hal_cortex.o
    0x08004b5c   0x08004b5c   0x0000000e   Code   RO         5678    i.__scatterload_copy  mc_w.l(handlers.o)
    0x08004b6a   0x08004b6a   0x00000002   Code   RO         5679    i.__scatterload_null  mc_w.l(handlers.o)
    0x08004b6c   0x08004b6c   0x0000000e   Code   RO         5680    i.__scatterload_zeroinit  mc_w.l(handlers.o)
    0x08004b7a   0x08004b7a   0x00000002   PAD
    0x08004b7c   0x08004b7c   0x00000184   Code   RO         5612    i._fp_digits        mc_w.l(printfa.o)
    0x08004d00   0x08004d00   0x000006dc   Code   RO         5613    i._printf_core      mc_w.l(printfa.o)
    0x080053dc   0x080053dc   0x00000024   Code   RO         5614    i._printf_post_padding  mc_w.l(printfa.o)
    0x08005400   0x08005400   0x0000002e   Code   RO         5615    i._printf_pre_padding  mc_w.l(printfa.o)
    0x0800542e   0x0800542e   0x00000016   Code   RO         5616    i._snputc           mc_w.l(printfa.o)
    0x08005444   0x08005444   0x000000b4   Code   RO         5478    i.chaoshenboceju    han_shu.o
    0x080054f8   0x080054f8   0x0000000c   Code   RO           27    i.cmd_1             main.o
    0x08005504   0x08005504   0x00000008   Code   RO           28    i.cmd_10            main.o
    0x0800550c   0x0800550c   0x00000008   Code   RO           29    i.cmd_11            main.o
    0x08005514   0x08005514   0x0000000c   Code   RO           30    i.cmd_2             main.o
    0x08005520   0x08005520   0x00000008   Code   RO           31    i.cmd_3             main.o
    0x08005528   0x08005528   0x00000008   Code   RO           32    i.cmd_4             main.o
    0x08005530   0x08005530   0x00000008   Code   RO           33    i.cmd_5             main.o
    0x08005538   0x08005538   0x00000008   Code   RO           34    i.cmd_6             main.o
    0x08005540   0x08005540   0x00000008   Code   RO           35    i.cmd_7             main.o
    0x08005548   0x08005548   0x00000008   Code   RO           36    i.cmd_8             main.o
    0x08005550   0x08005550   0x00000008   Code   RO           37    i.cmd_9             main.o
    0x08005558   0x08005558   0x00000044   Code   RO           38    i.debug_printf      main.o
    0x0800559c   0x0800559c   0x00000090   Code   RO         5479    i.huiduzhi          han_shu.o
    0x0800562c   0x0800562c   0x00000028   Code   RO         5480    i.i2c_wait          han_shu.o
    0x08005654   0x08005654   0x000002b4   Code   RO           41    i.main              main.o
    0x08005908   0x08005908   0x0000001a   Code   RO         4774    i.osDelay           cmsis_os2.o
    0x08005922   0x08005922   0x00000002   PAD
    0x08005924   0x08005924   0x00000024   Code   RO         4788    i.osKernelInitialize  cmsis_os2.o
    0x08005948   0x08005948   0x00000038   Code   RO         4791    i.osKernelStart     cmsis_os2.o
    0x08005980   0x08005980   0x00000064   Code   RO         4803    i.osMessageQueueGet  cmsis_os2.o
    0x080059e4   0x080059e4   0x00000058   Code   RO         4808    i.osMessageQueueNew  cmsis_os2.o
    0x08005a3c   0x08005a3c   0x00000068   Code   RO         4809    i.osMessageQueuePut  cmsis_os2.o
    0x08005aa4   0x08005aa4   0x00000052   Code   RO         4811    i.osMutexAcquire    cmsis_os2.o
    0x08005af6   0x08005af6   0x00000068   Code   RO         4814    i.osMutexNew        cmsis_os2.o
    0x08005b5e   0x08005b5e   0x00000042   Code   RO         4815    i.osMutexRelease    cmsis_os2.o
    0x08005ba0   0x08005ba0   0x0000005c   Code   RO         4816    i.osSemaphoreAcquire  cmsis_os2.o
    0x08005bfc   0x08005bfc   0x00000098   Code   RO         4819    i.osSemaphoreNew    cmsis_os2.o
    0x08005c94   0x08005c94   0x00000058   Code   RO         4820    i.osSemaphoreRelease  cmsis_os2.o
    0x08005cec   0x08005cec   0x0000008a   Code   RO         4833    i.osThreadNew       cmsis_os2.o
    0x08005d76   0x08005d76   0x00000002   PAD
    0x08005d78   0x08005d78   0x0000005c   Code   RO         4233    i.prvAddCurrentTaskToDelayedList  tasks.o
    0x08005dd4   0x08005dd4   0x000000d0   Code   RO         4234    i.prvAddNewTaskToReadyList  tasks.o
    0x08005ea4   0x08005ea4   0x00000058   Code   RO         4598    i.prvCheckForValidListAndQueue  timers.o
    0x08005efc   0x08005efc   0x00000026   Code   RO         3830    i.prvCopyDataFromQueue  queue.o
    0x08005f22   0x08005f22   0x0000006c   Code   RO         3831    i.prvCopyDataToQueue  queue.o
    0x08005f8e   0x08005f8e   0x00000034   Code   RO         4235    i.prvDeleteTCB      tasks.o
    0x08005fc2   0x08005fc2   0x00000002   PAD
    0x08005fc4   0x08005fc4   0x00000048   Code   RO         5285    i.prvHeapInit       heap_4.o
    0x0800600c   0x0800600c   0x00000060   Code   RO         4236    i.prvIdleTask       tasks.o
    0x0800606c   0x0800606c   0x00000016   Code   RO         3832    i.prvInitialiseMutex  queue.o
    0x08006082   0x08006082   0x00000002   PAD
    0x08006084   0x08006084   0x00000022   Code   RO         3833    i.prvInitialiseNewQueue  queue.o
    0x080060a6   0x080060a6   0x00000002   PAD
    0x080060a8   0x080060a8   0x000000b0   Code   RO         4237    i.prvInitialiseNewTask  tasks.o
    0x08006158   0x08006158   0x0000004c   Code   RO         5286    i.prvInsertBlockIntoFreeList  heap_4.o
    0x080061a4   0x080061a4   0x00000038   Code   RO         4600    i.prvInsertTimerInActiveList  timers.o
    0x080061dc   0x080061dc   0x0000001c   Code   RO         3834    i.prvIsQueueEmpty   queue.o
    0x080061f8   0x080061f8   0x000000fc   Code   RO         4601    i.prvProcessReceivedCommands  timers.o
    0x080062f4   0x080062f4   0x000000c0   Code   RO         4602    i.prvProcessTimerOrBlockTask  timers.o
    0x080063b4   0x080063b4   0x00000020   Code   RO         4239    i.prvResetNextTaskUnblockTime  tasks.o
    0x080063d4   0x080063d4   0x00000028   Code   RO         4603    i.prvSampleTimeNow  timers.o
    0x080063fc   0x080063fc   0x0000006c   Code   RO         4604    i.prvSwitchTimerLists  timers.o
    0x08006468   0x08006468   0x00000028   Code   RO         5341    i.prvTaskExitError  port.o
    0x08006490   0x08006490   0x00000024   Code   RO         4605    i.prvTimerTask      timers.o
    0x080064b4   0x080064b4   0x0000006a   Code   RO         3835    i.prvUnlockQueue    queue.o
    0x0800651e   0x0800651e   0x00000002   PAD
    0x08006520   0x08006520   0x000000dc   Code   RO         5287    i.pvPortMalloc      heap_4.o
    0x080065fc   0x080065fc   0x00000018   Code   RO         4242    i.pvTaskIncrementMutexHeldCount  tasks.o
    0x08006614   0x08006614   0x0000002c   Code   RO         5342    i.pxPortInitialiseStack  port.o
    0x08006640   0x08006640   0x00000026   Code   RO         3790    i.uxListRemove      list.o
    0x08006666   0x08006666   0x00000002   PAD
    0x08006668   0x08006668   0x00000014   Code   RO         4845    i.vApplicationGetIdleTaskMemory  cmsis_os2.o
    0x0800667c   0x0800667c   0x00000018   Code   RO         4846    i.vApplicationGetTimerTaskMemory  cmsis_os2.o
    0x08006694   0x08006694   0x00000016   Code   RO         3791    i.vListInitialise   list.o
    0x080066aa   0x080066aa   0x00000006   Code   RO         3792    i.vListInitialiseItem  list.o
    0x080066b0   0x080066b0   0x00000030   Code   RO         3793    i.vListInsert       list.o
    0x080066e0   0x080066e0   0x00000018   Code   RO         3794    i.vListInsertEnd    list.o
    0x080066f8   0x080066f8   0x00000040   Code   RO         5344    i.vPortEnterCritical  port.o
    0x08006738   0x08006738   0x00000028   Code   RO         5345    i.vPortExitCritical  port.o
    0x08006760   0x08006760   0x00000064   Code   RO         5288    i.vPortFree         heap_4.o
    0x080067c4   0x080067c4   0x00000024   Code   RO         5346    i.vPortSetupTimerInterrupt  port.o
    0x080067e8   0x080067e8   0x00000054   Code   RO         5347    i.vPortValidateInterruptPriority  port.o
    0x0800683c   0x0800683c   0x00000028   Code   RO         3841    i.vQueueAddToRegistry  queue.o
    0x08006864   0x08006864   0x0000002e   Code   RO         3842    i.vQueueDelete      queue.o
    0x08006892   0x08006892   0x00000002   PAD
    0x08006894   0x08006894   0x00000028   Code   RO         3844    i.vQueueUnregisterQueue  queue.o
    0x080068bc   0x080068bc   0x00000044   Code   RO         3845    i.vQueueWaitForMessageRestricted  queue.o
    0x08006900   0x08006900   0x0000004c   Code   RO         4252    i.vTaskDelay        tasks.o
    0x0800694c   0x0800694c   0x00000010   Code   RO         4257    i.vTaskInternalSetTimeOutState  tasks.o
    0x0800695c   0x0800695c   0x0000000c   Code   RO         4258    i.vTaskMissedYield  tasks.o
    0x08006968   0x08006968   0x00000030   Code   RO         4260    i.vTaskPlaceOnEventList  tasks.o
    0x08006998   0x08006998   0x00000038   Code   RO         4261    i.vTaskPlaceOnEventListRestricted  tasks.o
    0x080069d0   0x080069d0   0x00000090   Code   RO         4263    i.vTaskPriorityDisinheritAfterTimeout  tasks.o
    0x08006a60   0x08006a60   0x00000088   Code   RO         4269    i.vTaskStartScheduler  tasks.o
    0x08006ae8   0x08006ae8   0x00000010   Code   RO         4271    i.vTaskSuspendAll   tasks.o
    0x08006af8   0x08006af8   0x00000064   Code   RO         4272    i.vTaskSwitchContext  tasks.o
    0x08006b5c   0x08006b5c   0x000000f4   Code   RO         5348    i.xPortStartScheduler  port.o
    0x08006c50   0x08006c50   0x0000002c   Code   RO         5349    i.xPortSysTickHandler  port.o
    0x08006c7c   0x08006c7c   0x0000003a   Code   RO         3846    i.xQueueCreateCountingSemaphore  queue.o
    0x08006cb6   0x08006cb6   0x00000040   Code   RO         3847    i.xQueueCreateCountingSemaphoreStatic  queue.o
    0x08006cf6   0x08006cf6   0x00000016   Code   RO         3848    i.xQueueCreateMutex  queue.o
    0x08006d0c   0x08006d0c   0x0000001a   Code   RO         3849    i.xQueueCreateMutexStatic  queue.o
    0x08006d26   0x08006d26   0x00000042   Code   RO         3850    i.xQueueGenericCreate  queue.o
    0x08006d68   0x08006d68   0x00000066   Code   RO         3851    i.xQueueGenericCreateStatic  queue.o
    0x08006dce   0x08006dce   0x00000002   PAD
    0x08006dd0   0x08006dd0   0x00000088   Code   RO         3852    i.xQueueGenericReset  queue.o
    0x08006e58   0x08006e58   0x00000160   Code   RO         3853    i.xQueueGenericSend  queue.o
    0x08006fb8   0x08006fb8   0x000000be   Code   RO         3854    i.xQueueGenericSendFromISR  queue.o
    0x08007076   0x08007076   0x0000009c   Code   RO         3857    i.xQueueGiveFromISR  queue.o
    0x08007112   0x08007112   0x0000003e   Code   RO         3858    i.xQueueGiveMutexRecursive  queue.o
    0x08007150   0x08007150   0x00000138   Code   RO         3863    i.xQueueReceive     queue.o
    0x08007288   0x08007288   0x0000009a   Code   RO         3864    i.xQueueReceiveFromISR  queue.o
    0x08007322   0x08007322   0x00000002   PAD
    0x08007324   0x08007324   0x00000178   Code   RO         3865    i.xQueueSemaphoreTake  queue.o
    0x0800749c   0x0800749c   0x00000040   Code   RO         3866    i.xQueueTakeMutexRecursive  queue.o
    0x080074dc   0x080074dc   0x00000074   Code   RO         4274    i.xTaskCheckForTimeOut  tasks.o
    0x08007550   0x08007550   0x0000005a   Code   RO         4275    i.xTaskCreate       tasks.o
    0x080075aa   0x080075aa   0x00000056   Code   RO         4276    i.xTaskCreateStatic  tasks.o
    0x08007600   0x08007600   0x0000000c   Code   RO         4279    i.xTaskGetCurrentTaskHandle  tasks.o
    0x0800760c   0x0800760c   0x0000001c   Code   RO         4280    i.xTaskGetSchedulerState  tasks.o
    0x08007628   0x08007628   0x0000000c   Code   RO         4281    i.xTaskGetTickCount  tasks.o
    0x08007634   0x08007634   0x000000c8   Code   RO         4283    i.xTaskIncrementTick  tasks.o
    0x080076fc   0x080076fc   0x00000080   Code   RO         4286    i.xTaskPriorityDisinherit  tasks.o
    0x0800777c   0x0800777c   0x00000078   Code   RO         4287    i.xTaskPriorityInherit  tasks.o
    0x080077f4   0x080077f4   0x00000070   Code   RO         4288    i.xTaskRemoveFromEventList  tasks.o
    0x08007864   0x08007864   0x000000c4   Code   RO         4289    i.xTaskResumeAll    tasks.o
    0x08007928   0x08007928   0x00000060   Code   RO         4614    i.xTimerCreateTimerTask  timers.o
    0x08007988   0x08007988   0x00000068   Code   RO         4615    i.xTimerGenericCommand  timers.o
    0x080079f0   0x080079f0   0x00000034   Code   RO           42    i.xunji             main.o
    0x08007a24   0x08007a24   0x00000080   Code   RO         5481    i.zonghuiduzhi      han_shu.o
    0x08007aa4   0x08007aa4   0x00000260   Data   RO           46    .constdata          main.o
    0x08007d04   0x08007d04   0x00000008   Data   RO         2094    .constdata          stm32f4xx_hal_dma.o
    0x08007d0c   0x08007d0c   0x00000010   Data   RO         3626    .constdata          system_stm32f4xx.o
    0x08007d1c   0x08007d1c   0x00000008   Data   RO         3627    .constdata          system_stm32f4xx.o
    0x08007d24   0x08007d24   0x00000180   Data   RO           47    .conststring        main.o
    0x08007ea4   0x08007ea4   0x00000020   Data   RO         5676    Region$$Table       anon$$obj.o


    Execution Region RW_IRAM1 (Exec base: 0x20000000, Load base: 0x08007ec4, Size: 0x000064c8, Max: 0x00020000, ABSOLUTE, COMPRESSED[0x00000070])

    Exec Addr    Load Addr    Size         Type   Attr      Idx    E Section Name        Object

    0x20000000   COMPRESSED   0x00000110   Data   RW           48    .data               main.o
    0x20000110   COMPRESSED   0x0000000c   Data   RW         2563    .data               stm32f4xx_hal.o
    0x2000011c   COMPRESSED   0x00000004   Data   RW         3628    .data               system_stm32f4xx.o
    0x20000120   COMPRESSED   0x0000003c   Data   RW         4292    .data               tasks.o
    0x2000015c   COMPRESSED   0x00000014   Data   RW         4623    .data               timers.o
    0x20000170   COMPRESSED   0x00000004   Data   RW         4848    .data               cmsis_os2.o
    0x20000174   COMPRESSED   0x00000020   Data   RW         5294    .data               heap_4.o
    0x20000194   COMPRESSED   0x0000000c   Data   RW         5350    .data               port.o
    0x200001a0   COMPRESSED   0x00000018   Data   RW         5483    .data               han_shu.o
    0x200001b8        -       0x000002c0   Zero   RW           43    .bss                main.o
    0x20000478        -       0x00000060   Zero   RW           44    .bss                main.o
    0x200004d8        -       0x00000060   Zero   RW           45    .bss                main.o
    0x20000538        -       0x00000048   Zero   RW          557    .bss                stm32f4xx_hal_timebase_tim.o
    0x20000580        -       0x00000040   Zero   RW         3867    .bss                queue.o
    0x200005c0        -       0x000004c4   Zero   RW         4291    .bss                tasks.o
    0x20000a84        -       0x00000118   Zero   RW         4622    .bss                timers.o
    0x20000b9c        -       0x000006b8   Zero   RW         4847    .bss                cmsis_os2.o
    0x20001254        -       0x00004df8   Zero   RW         5293    .bss                heap_4.o
    0x2000604c        -       0x00000078   Zero   RW         5482    .bss                han_shu.o
    0x200060c4   COMPRESSED   0x00000004   PAD
    0x200060c8        -       0x00000400   Zero   RW            1    STACK               startup_stm32f411xe.o


==============================================================================

Image component sizes


      Code (inc. data)   RO Data    RW Data    ZI Data      Debug   Object Name

      1202         40          0          4       1720      75013   cmsis_os2.o
         0          0          0          0          0      19600   event_groups.o
      2854        568          0         24        120      14419   han_shu.o
       468         22          0         32      19960       5047   heap_4.o
       138          0          0          0          0       3726   list.o
      2528        352        992        272        896     460691   main.o
       786         82          0         12          0      11873   port.o
      2670         28          0          0         64      31112   queue.o
        36          8        408          0       1024        868   startup_stm32f411xe.o
       116         18          0         12          0       8794   stm32f4xx_hal.o
       192         14          0          0          0      33908   stm32f4xx_hal_cortex.o
      1090         16          8          0          0       8245   stm32f4xx_hal_dma.o
       800         62          0          0          0       3905   stm32f4xx_hal_gpio.o
      4102         74          0          0          0      25719   stm32f4xx_hal_i2c.o
       700         84          0          0          0       4748   stm32f4xx_hal_msp.o
      1412         86          0          0          0       6133   stm32f4xx_hal_rcc.o
      1918        112          0          0          0      18291   stm32f4xx_hal_tim.o
       128         20          0          0          0       2609   stm32f4xx_hal_tim_ex.o
       140         22          0          0         72       1516   stm32f4xx_hal_timebase_tim.o
      2078         40          0          0          0      16757   stm32f4xx_hal_uart.o
       132         44          0          0          0       6681   stm32f4xx_it.o
         0          0          0          0          0        388   stream_buffer.o
        16          4         24          4          0       1223   system_stm32f4xx.o
      2384        198          0         60       1220      30973   tasks.o
       972         80          0         20        280      32655   timers.o

    ----------------------------------------------------------------------
     26910       1974       1464        440      25360     824894   Object Totals
         0          0         32          0          0          0   (incl. Generated)
        48          0          0          0          4          0   (incl. Padding)

    ----------------------------------------------------------------------

      Code (inc. data)   RO Data    RW Data    ZI Data      Debug   Library Member Name

        86          0          0          0          0          0   __dczerorl2.o
         0          0          0          0          0          0   entry.o
         0          0          0          0          0          0   entry10a.o
         0          0          0          0          0          0   entry11a.o
         8          4          0          0          0          0   entry2.o
         4          0          0          0          0          0   entry5.o
         0          0          0          0          0          0   entry7b.o
         0          0          0          0          0          0   entry8b.o
         8          4          0          0          0          0   entry9a.o
        30          0          0          0          0          0   handlers.o
        36          8          0          0          0         68   init.o
         0          0          0          0          0          0   iusefp.o
        30          0          0          0          0         68   llshl.o
        36          0          0          0          0         68   llsshr.o
        32          0          0          0          0         68   llushr.o
        36          0          0          0          0         68   memcpya.o
        36          0          0          0          0        108   memseta.o
      2292         84          0          0          0        516   printfa.o
        28          0          0          0          0         76   strcmp.o
        14          0          0          0          0         68   strlen.o
        44          0          0          0          0         80   uidiv.o
        98          0          0          0          0         92   uldiv.o
        48          0          0          0          0         68   cdrcmple.o
        56          0          0          0          0         88   d2f.o
       334          0          0          0          0        148   dadd.o
       222          0          0          0          0        100   ddiv.o
       186          0          0          0          0        176   depilogue.o
        48          0          0          0          0         68   dfixul.o
        26          0          0          0          0         76   dfltui.o
       228          0          0          0          0         96   dmul.o
       110          0          0          0          0        168   fepilogue.o

    ----------------------------------------------------------------------
      4078        100          0          0          0       2268   Library Totals
         2          0          0          0          0          0   (incl. Padding)

    ----------------------------------------------------------------------

      Code (inc. data)   RO Data    RW Data    ZI Data      Debug   Library Name

      2818        100          0          0          0       1280   mc_w.l
      1258          0          0          0          0        988   mf_w.l

    ----------------------------------------------------------------------
      4078        100          0          0          0       2268   Library Totals

    ----------------------------------------------------------------------

==============================================================================


      Code (inc. data)   RO Data    RW Data    ZI Data      Debug   

     30988       2074       1464        440      25360     801202   Grand Totals
     30988       2074       1464        112      25360     801202   ELF Image Totals (compressed)
     30988       2074       1464        112          0          0   ROM Totals

==============================================================================

    Total RO  Size (Code + RO Data)                32452 (  31.69kB)
    Total RW  Size (RW Data + ZI Data)             25800 (  25.20kB)
    Total ROM Size (Code + RO Data + RW Data)      32564 (  31.80kB)

==============================================================================

